../source/mwa_end_device.c:195:6:main_task	16	static
../source/mwa_end_device.c:239:6:SendLedCount	16	static
../source/mwa_end_device.c:305:6:App_Idle_Task	24	static
../source/mwa_end_device.c:336:6:App_init	8	static
../source/mwa_end_device.c:399:6:AppThread	104	static
../source/mwa_end_device.c:695:13:UartRxCallBack	32	static
../source/mwa_end_device.c:731:16:App_StartScan	32	static
../source/mwa_end_device.c:794:16:App_HandleScanActiveConfirm	48	static
../source/mwa_end_device.c:860:16:App_SendAssociateRequest	24	static
../source/mwa_end_device.c:923:16:App_HandleAssociateConfirm	16	static
../source/mwa_end_device.c:959:16:App_HandleMlmeInput	16	static
../source/mwa_end_device.c:1017:13:App_HandleMcpsInput	16	static
../source/mwa_end_device.c:1055:16:App_WaitMsg	16	static
../source/mwa_end_device.c:1085:13:App_TransmitUartData	24	static
../source/mwa_end_device.c:1167:16:AppPollWaitTimeout	32	static
../source/mwa_end_device.c:1207:13:App_HandleKeys	16	static
../source/mwa_end_device.c:1247:14:MLME_NWK_SapHandler	16	static
../source/mwa_end_device.c:1255:14:MCPS_NWK_SapHandler	16	static
