../source/mwa_end_device.c:196:6:main_task	16	static
../source/mwa_end_device.c:240:6:SendLedCount	16	static
../source/mwa_end_device.c:306:6:App_Idle_Task	24	static
../source/mwa_end_device.c:337:6:App_init	8	static
../source/mwa_end_device.c:400:6:AppThread	104	static
../source/mwa_end_device.c:696:13:UartRxCallBack	32	static
../source/mwa_end_device.c:732:16:App_StartScan	32	static
../source/mwa_end_device.c:795:16:App_HandleScanActiveConfirm	48	static
../source/mwa_end_device.c:861:16:App_SendAssociateRequest	24	static
../source/mwa_end_device.c:924:16:App_HandleAssociateConfirm	16	static
../source/mwa_end_device.c:960:16:App_HandleMlmeInput	16	static
../source/mwa_end_device.c:1018:13:App_HandleMcpsInput	16	static
../source/mwa_end_device.c:1056:16:App_WaitMsg	16	static
../source/mwa_end_device.c:1086:13:App_TransmitUartData	24	static
../source/mwa_end_device.c:1168:16:AppPollWaitTimeout	32	static
../source/mwa_end_device.c:1208:13:App_HandleKeys	16	static
../source/mwa_end_device.c:1263:14:MLME_NWK_SapHandler	16	static
../source/mwa_end_device.c:1271:14:MCPS_NWK_SapHandler	16	static
../source/mwa_end_device.c:1278:9:ButtonCounterUpdate	8	static
../source/mwa_end_device.c:1283:9:IsButtonPressed	8	static
../source/mwa_end_device.c:1288:6:ClearFlag	8	static
