../source/mwa_end_device.c:193:6:main_task	16	static
../source/mwa_end_device.c:251:6:App_Idle_Task	32	static
../source/mwa_end_device.c:303:6:App_init	8	static
../source/mwa_end_device.c:366:6:AppThread	104	static
../source/mwa_end_device.c:660:13:UartRxCallBack	32	static
../source/mwa_end_device.c:696:16:App_StartScan	32	static
../source/mwa_end_device.c:759:16:App_HandleScanActiveConfirm	48	static
../source/mwa_end_device.c:825:16:App_SendAssociateRequest	24	static
../source/mwa_end_device.c:888:16:App_HandleAssociateConfirm	16	static
../source/mwa_end_device.c:924:16:App_HandleMlmeInput	16	static
../source/mwa_end_device.c:982:13:App_HandleMcpsInput	16	static
../source/mwa_end_device.c:1020:16:App_WaitMsg	16	static
../source/mwa_end_device.c:1050:13:App_TransmitUartData	24	static
../source/mwa_end_device.c:1132:16:AppPollWaitTimeout	32	static
../source/mwa_end_device.c:1172:13:App_HandleKeys	16	static
../source/mwa_end_device.c:1212:14:MLME_NWK_SapHandler	16	static
../source/mwa_end_device.c:1220:14:MCPS_NWK_SapHandler	16	static
