Archive member included to satisfy reference by file (symbol)

S:/MCU/MCUXpressoIDE_11.10.0_3148/ide/plugins/com.nxp.mcuxpresso.tools.win32_11.10.0.202311280810/tools/bin/../lib/gcc/arm-none-eabi/13.2.1/thumb/v6-m/nofp\libm.a(libm_a-s_round.o)
                              ./framework/XCVR/MKW41Z4/fsl_xcvr.o (round)
S:/MCU/MCUXpressoIDE_11.10.0_3148/ide/plugins/com.nxp.mcuxpresso.tools.win32_11.10.0.202311280810/tools/bin/../lib/gcc/arm-none-eabi/13.2.1/thumb/v6-m/nofp\libm.a(libm_a-s_trunc.o)
                              ./framework/XCVR/MKW41Z4/fsl_xcvr.o (trunc)
S:/MCU/MCUXpressoIDE_11.10.0_3148/ide/plugins/com.nxp.mcuxpresso.tools.win32_11.10.0.202311280810/tools/bin/../lib/gcc/arm-none-eabi/13.2.1/thumb/v6-m/nofp\libm.a(libm_a-sf_round.o)
                              ./framework/XCVR/MKW41Z4/fsl_xcvr_trim.o (roundf)
S:/MCU/MCUXpressoIDE_11.10.0_3148/ide/plugins/com.nxp.mcuxpresso.tools.win32_11.10.0.202311280810/tools/bin/../lib/gcc/arm-none-eabi/13.2.1/thumb/v6-m/nofp\libc.a(libc_a-exit.o)
                              S:/MCU/MCUXpressoIDE_11.10.0_3148/ide/plugins/com.nxp.mcuxpresso.tools.win32_11.10.0.202311280810/tools/bin/../lib/gcc/arm-none-eabi/13.2.1/thumb/v6-m/nofp/crt0.o (exit)
S:/MCU/MCUXpressoIDE_11.10.0_3148/ide/plugins/com.nxp.mcuxpresso.tools.win32_11.10.0.202311280810/tools/bin/../lib/gcc/arm-none-eabi/13.2.1/thumb/v6-m/nofp\libc.a(libc_a-findfp.o)
                              S:/MCU/MCUXpressoIDE_11.10.0_3148/ide/plugins/com.nxp.mcuxpresso.tools.win32_11.10.0.202311280810/tools/bin/../lib/gcc/arm-none-eabi/13.2.1/thumb/v6-m/nofp\libc.a(libc_a-exit.o) (__stdio_exit_handler)
S:/MCU/MCUXpressoIDE_11.10.0_3148/ide/plugins/com.nxp.mcuxpresso.tools.win32_11.10.0.202311280810/tools/bin/../lib/gcc/arm-none-eabi/13.2.1/thumb/v6-m/nofp\libc.a(libc_a-fwalk.o)
                              S:/MCU/MCUXpressoIDE_11.10.0_3148/ide/plugins/com.nxp.mcuxpresso.tools.win32_11.10.0.202311280810/tools/bin/../lib/gcc/arm-none-eabi/13.2.1/thumb/v6-m/nofp\libc.a(libc_a-findfp.o) (_fwalk_sglue)
S:/MCU/MCUXpressoIDE_11.10.0_3148/ide/plugins/com.nxp.mcuxpresso.tools.win32_11.10.0.202311280810/tools/bin/../lib/gcc/arm-none-eabi/13.2.1/thumb/v6-m/nofp\libc.a(libc_a-stdio.o)
                              S:/MCU/MCUXpressoIDE_11.10.0_3148/ide/plugins/com.nxp.mcuxpresso.tools.win32_11.10.0.202311280810/tools/bin/../lib/gcc/arm-none-eabi/13.2.1/thumb/v6-m/nofp\libc.a(libc_a-findfp.o) (__sread)
S:/MCU/MCUXpressoIDE_11.10.0_3148/ide/plugins/com.nxp.mcuxpresso.tools.win32_11.10.0.202311280810/tools/bin/../lib/gcc/arm-none-eabi/13.2.1/thumb/v6-m/nofp\libc.a(libc_a-memset.o)
                              S:/MCU/MCUXpressoIDE_11.10.0_3148/ide/plugins/com.nxp.mcuxpresso.tools.win32_11.10.0.202311280810/tools/bin/../lib/gcc/arm-none-eabi/13.2.1/thumb/v6-m/nofp/crt0.o (memset)
S:/MCU/MCUXpressoIDE_11.10.0_3148/ide/plugins/com.nxp.mcuxpresso.tools.win32_11.10.0.202311280810/tools/bin/../lib/gcc/arm-none-eabi/13.2.1/thumb/v6-m/nofp\libc.a(libc_a-closer.o)
                              S:/MCU/MCUXpressoIDE_11.10.0_3148/ide/plugins/com.nxp.mcuxpresso.tools.win32_11.10.0.202311280810/tools/bin/../lib/gcc/arm-none-eabi/13.2.1/thumb/v6-m/nofp\libc.a(libc_a-stdio.o) (_close_r)
S:/MCU/MCUXpressoIDE_11.10.0_3148/ide/plugins/com.nxp.mcuxpresso.tools.win32_11.10.0.202311280810/tools/bin/../lib/gcc/arm-none-eabi/13.2.1/thumb/v6-m/nofp\libc.a(libc_a-reent.o)
                              S:/MCU/MCUXpressoIDE_11.10.0_3148/ide/plugins/com.nxp.mcuxpresso.tools.win32_11.10.0.202311280810/tools/bin/../lib/gcc/arm-none-eabi/13.2.1/thumb/v6-m/nofp\libc.a(libc_a-closer.o) (errno)
S:/MCU/MCUXpressoIDE_11.10.0_3148/ide/plugins/com.nxp.mcuxpresso.tools.win32_11.10.0.202311280810/tools/bin/../lib/gcc/arm-none-eabi/13.2.1/thumb/v6-m/nofp\libc.a(libc_a-impure.o)
                              S:/MCU/MCUXpressoIDE_11.10.0_3148/ide/plugins/com.nxp.mcuxpresso.tools.win32_11.10.0.202311280810/tools/bin/../lib/gcc/arm-none-eabi/13.2.1/thumb/v6-m/nofp\libc.a(libc_a-reent.o) (_impure_ptr)
S:/MCU/MCUXpressoIDE_11.10.0_3148/ide/plugins/com.nxp.mcuxpresso.tools.win32_11.10.0.202311280810/tools/bin/../lib/gcc/arm-none-eabi/13.2.1/thumb/v6-m/nofp\libc.a(libc_a-lseekr.o)
                              S:/MCU/MCUXpressoIDE_11.10.0_3148/ide/plugins/com.nxp.mcuxpresso.tools.win32_11.10.0.202311280810/tools/bin/../lib/gcc/arm-none-eabi/13.2.1/thumb/v6-m/nofp\libc.a(libc_a-stdio.o) (_lseek_r)
S:/MCU/MCUXpressoIDE_11.10.0_3148/ide/plugins/com.nxp.mcuxpresso.tools.win32_11.10.0.202311280810/tools/bin/../lib/gcc/arm-none-eabi/13.2.1/thumb/v6-m/nofp\libc.a(libc_a-readr.o)
                              S:/MCU/MCUXpressoIDE_11.10.0_3148/ide/plugins/com.nxp.mcuxpresso.tools.win32_11.10.0.202311280810/tools/bin/../lib/gcc/arm-none-eabi/13.2.1/thumb/v6-m/nofp\libc.a(libc_a-stdio.o) (_read_r)
S:/MCU/MCUXpressoIDE_11.10.0_3148/ide/plugins/com.nxp.mcuxpresso.tools.win32_11.10.0.202311280810/tools/bin/../lib/gcc/arm-none-eabi/13.2.1/thumb/v6-m/nofp\libc.a(libc_a-writer.o)
[...]
Memory Configuration

Name             Origin             Length             Attributes
TEXT_region1     0x00000000         0x00000400         xr
m_flash_config_region 0x00000400         0x00000010         xr
TEXT_region2     0x00000411         0x0007d3ee         xr
NVM_region       0x0007d800         0x00001fff         rw
DATA1_region     0x1fff8000         0x00008000         rw
DATA2_region     0x20000000         0x00018000         rw
PRODUCT_INFO_region 0x0007f800         0x000007ff         xr
*default*        0x00000000         0xffffffff

Linker script and memory map

LOAD S:/MCU/MCUXpressoIDE_11.10.0_3148/ide/plugins/com.nxp.mcuxpresso.tools.win32_11.10.0.202311280810/tools/bin/../lib/gcc/arm-none-eabi/13.2.1/thumb/v6-m/nofp/crti.o
LOAD S:/MCU/MCUXpressoIDE_11.10.0_3148/ide/plugins/com.nxp.mcuxpresso.tools.win32_11.10.0.202311280810/tools/bin/../lib/gcc/arm-none-eabi/13.2.1/thumb/v6-m/nofp/crtbegin.o
LOAD S:/MCU/MCUXpressoIDE_11.10.0_3148/ide/plugins/com.nxp.mcuxpresso.tools.win32_11.10.0.202311280810/tools/bin/../lib/gcc/arm-none-eabi/13.2.1/thumb/v6-m/nofp/crt0.o
LOAD ./utilities/fsl_debug_console.o
LOAD ./startup/startup_MKW41Z4.o
LOAD ./source/MyNewTask.o
LOAD ./source/mtb.o
LOAD ./source/mwa_end_device.o
LOAD ./source/semihost_hardfault.o
LOAD ./ieee_802.15.4/phy/source/MKW41Z/ASP.o
LOAD ./ieee_802.15.4/phy/source/MKW41Z/MPM.o
LOAD ./ieee_802.15.4/phy/source/MKW41Z/PhyISR.o
LOAD ./ieee_802.15.4/phy/source/MKW41Z/PhyPacketProcessor.o
LOAD ./ieee_802.15.4/phy/source/MKW41Z/PhyPlmeData.o
LOAD ./ieee_802.15.4/phy/source/MKW41Z/PhyStateMachine.o
LOAD ./ieee_802.15.4/phy/source/MKW41Z/PhyTime.o
LOAD ./ieee_802.15.4/mac/source/App/FsciAspCommands.o
LOAD ./ieee_802.15.4/mac/source/App/FsciMacCommands.o
LOAD ./ieee_802.15.4/mac/source/App/MacGlobals.o
LOAD ./freertos/croutine.o
LOAD ./freertos/event_groups.o
LOAD ./freertos/fsl_tickless_lptmr.o
LOAD ./freertos/fsl_tickless_systick.o
LOAD ./freertos/heap_4.o
LOAD ./freertos/list.o
LOAD ./freertos/port.o
LOAD ./freertos/queue.o
LOAD ./freertos/tasks.o
LOAD ./freertos/timers.o
LOAD ./framework/XCVR/MKW41Z4/cfgs_kw4x_3x_2x/fsl_xcvr_ant_config.o
LOAD ./framework/XCVR/MKW41Z4/cfgs_kw4x_3x_2x/fsl_xcvr_ble_config.o
LOAD ./framework/XCVR/MKW41Z4/cfgs_kw4x_3x_2x/fsl_xcvr_common_config.o
LOAD ./framework/XCVR/MKW41Z4/cfgs_kw4x_3x_2x/fsl_xcvr_gfsk_bt_0p3_h_0p5_config.o
LOAD ./framework/XCVR/MKW41Z4/cfgs_kw4x_3x_2x/fsl_xcvr_gfsk_bt_0p5_h_0p32_config.o
LOAD ./framework/XCVR/MKW41Z4/cfgs_kw4x_3x_2x/fsl_xcvr_gfsk_bt_0p5_h_0p5_config.o
LOAD ./framework/XCVR/MKW41Z4/cfgs_kw4x_3x_2x/fsl_xcvr_gfsk_bt_0p5_h_0p7_config.o
LOAD ./framework/XCVR/MKW41Z4/cfgs_kw4x_3x_2x/fsl_xcvr_gfsk_bt_0p5_h_1p0_config.o
LOAD ./framework/XCVR/MKW41Z4/cfgs_kw4x_3x_2x/fsl_xcvr_gfsk_bt_0p7_h_0p5_config.o
LOAD ./framework/XCVR/MKW41Z4/cfgs_kw4x_3x_2x/fsl_xcvr_mode_datarate_config.o
LOAD ./framework/XCVR/MKW41Z4/cfgs_kw4x_3x_2x/fsl_xcvr_msk_config.o
LOAD ./framework/XCVR/MKW41Z4/cfgs_kw4x_3x_2x/fsl_xcvr_zgbe_config.o
LOAD ./framework/XCVR/MKW41Z4/dbg_ram_capture.o
LOAD ./framework/XCVR/MKW41Z4/fsl_xcvr.o
LOAD ./framework/XCVR/MKW41Z4/fsl_xcvr_trim.o
LOAD ./framework/XCVR/MKW41Z4/ifr_radio.o
LOAD ./framework/TimersManager/Source/TMR_Adapter.o
LOAD ./framework/TimersManager/Source/TimersManager.o
LOAD ./framework/SerialManager/Source/UART_Adapter/UART_Adapter.o
LOAD ./framework/SerialManager/Source/SPI_Adapter/SPI_Adapter.o
LOAD ./framework/SerialManager/Source/I2C_Adapter/I2C_Adapter.o
LOAD ./framework/SerialManager/Source/SerialManager.o
LOAD ./framework/SecLib/SecLib.o
LOAD ./framework/Reset/Reset.o
LOAD ./framework/RNG/Source/RNG.o
LOAD ./framework/Panic/Source/Panic.o
LOAD ./framework/OSAbstraction/Source/fsl_os_abstraction_free_rtos.o
LOAD ./framework/NVM/Source/NV_Flash.o
LOAD ./framework/NVM/Source/NV_FsciCommands.o
LOAD ./framework/ModuleInfo/ModuleInfo.o
LOAD ./framework/Messaging/Source/Messaging.o
LOAD ./framework/MemManager/Source/MemManager.o
LOAD ./framework/MWSCoexistence/Source/MWS.o
LOAD ./framework/LowPower/Source/MKW41Z/PWR.o
LOAD ./framework/LowPower/Source/MKW41Z/PWRLib.o
LOAD ./framework/Lists/GenericList.o
LOAD ./framework/LED/Source/LED.o
LOAD ./framework/Keyboard/Source/Keyboard.o
LOAD ./framework/GPIO/GPIO_Adapter.o
LOAD ./framework/FunctionLib/FunctionLib.o
LOAD ./framework/Flash/Internal/Flash_Adapter.o
LOAD ./framework/DCDC/Source/DCDC.o
LOAD ./drivers/fsl_adc16.o
LOAD ./drivers/fsl_clock.o
LOAD ./drivers/fsl_common.o
LOAD ./drivers/fsl_dspi.o
LOAD ./drivers/fsl_dspi_freertos.o
LOAD ./drivers/fsl_flash.o
LOAD ./drivers/fsl_gpio.o
LOAD ./drivers/fsl_i2c.o
LOAD ./drivers/fsl_i2c_freertos.o
LOAD ./drivers/fsl_llwu.o
LOAD ./drivers/fsl_lptmr.o
LOAD ./drivers/fsl_lpuart.o
LOAD ./drivers/fsl_lpuart_freertos.o
LOAD ./drivers/fsl_ltc.o
LOAD ./drivers/fsl_pmc.o
LOAD ./drivers/fsl_rtc.o
LOAD ./drivers/fsl_smc.o
LOAD ./drivers/fsl_tpm.o
LOAD ./drivers/fsl_trng.o
LOAD ./drivers/fsl_tsi_v4.o
LOAD ./board/board.o
LOAD ./board/clock_config.o
LOAD ./board/gpio_pins.o
LOAD ./board/pin_mux.o
LOAD ./CMSIS/system_MKW41Z4.o
LOAD S:/MCU/MCUXpressoIDE_11.10.0_3148/ide/plugins/com.nxp.mcuxpresso.tools.win32_11.10.0.202311280810/tools/bin/../lib/gcc/arm-none-eabi/13.2.1/thumb/v6-m/nofp\libm.a
LOAD S:/MCU/MCUXpressoIDE_11.10.0_3148/ide/plugins/com.nxp.mcuxpresso.tools.win32_11.10.0.202311280810/tools/bin/../lib/gcc/arm-none-eabi/13.2.1/thumb/v6-m/nofp\libc.a
LOAD S:/MCU/MCUXpressoIDE_11.10.0_3148/ide/plugins/com.nxp.mcuxpresso.tools.win32_11.10.0.202311280810/tools/bin/../lib/gcc/arm-none-eabi/13.2.1/thumb/v6-m/nofp\libgcc.a
LOAD S:/MCU/MCUXpressoIDE_11.10.0_3148/ide/plugins/com.nxp.mcuxpresso.tools.win32_11.10.0.202311280810/tools/bin/../lib/gcc/arm-none-eabi/13.2.1/thumb/v6-m/nofp\libnosys.a
LOAD S:\Workspace\Inalambrico\practicas\p1\P1-Redes\frdmkw41z_wireless_examples_ieee_802_15_4_mwa_end_device_freertos\libs\lib_crypto_m0.a
LOAD S:\Workspace\Inalambrico\practicas\p1\P1-Redes\frdmkw41z_wireless_examples_ieee_802_15_4_mwa_end_device_freertos\libs\lib802.15.4_mac_06_cm0.a
START GROUP
LOAD S:/MCU/MCUXpressoIDE_11.10.0_3148/ide/plugins/com.nxp.mcuxpresso.tools.win32_11.10.0.202311280810/tools/bin/../lib/gcc/arm-none-eabi/13.2.1/thumb/v6-m/nofp\libgcc.a
LOAD S:/MCU/MCUXpressoIDE_11.10.0_3148/ide/plugins/com.nxp.mcuxpresso.tools.win32_11.10.0.202311280810/tools/bin/../lib/gcc/arm-none-eabi/13.2.1/thumb/v6-m/nofp\libc.a
END GROUP
LOAD S:/MCU/MCUXpressoIDE_11.10.0_3148/ide/plugins/com.nxp.mcuxpresso.tools.win32_11.10.0.202311280810/tools/bin/../lib/gcc/arm-none-eabi/13.2.1/thumb/v6-m/nofp/crtend.o
LOAD S:/MCU/MCUXpressoIDE_11.10.0_3148/ide/plugins/com.nxp.mcuxpresso.tools.win32_11.10.0.202311280810/tools/bin/../lib/gcc/arm-none-eabi/13.2.1/thumb/v6-m/nofp/crtn.o
                0x00000001                        gUseNVMLink_d = DEFINED (gUseNVMLink_d)?gUseNVMLink_d:0x1
                0x00000004                        gNVMSectorCountLink_d = DEFINED (gNVMSectorCountLink_d)?gNVMSectorCountLink_d:0x4
                0x00000001                        __ram_vector_table__ = DEFINED (__ram_vector_table__)?__ram_vector_table__:0x1
                0x00000000                        __region_ROM_start__ = 0x0
                0x0007ffff                        __region_ROM_end__ = 0x7ffff
                0x1fff8000                        __region_RAM1_start__ = 0x1fff8000
                0x1fffffff                        __region_RAM1_end__ = 0x1fffffff
                0x20000000                        __region_RAM2_start__ = 0x20000000
                0x20017fff                        __region_RAM2_end__ = 0x20017fff
                0x000000c0                        __vector_table_size__ = 0xc0
                0x000000c0                        __ram_vector_table_size__ = DEFINED (__ram_vector_table__)?__vector_table_size__:0x0
                0x1fff8000                        _RAM_START_ = __region_RAM1_start__
                0x20017fff                        _RAM_END_ = __region_RAM2_end__
                0x00000000                        m_interrupts_start = __region_ROM_start__
                0x000000bf                        m_interrupts_end = ((m_interrupts_start + __vector_table_size__) - 0x1)
                0x00000400                        m_flash_config_start = 0x400
                0x00000410                        m_flash_config_end = 0x410
                0x00000800                        m_sector_size = 0x800
                0x00000200                        __size_cstack__ = DEFINED (__stack_size__)?__stack_size__:0x200
                0x00000000                        __size_heap__ = DEFINED (__heap_size__)?__heap_size__:0x0
                0x0007f800                        m_fsl_prodInfo_start = ((__region_ROM_end__ - m_sector_size) + 0x1)
                0x0007ffff                        m_fsl_prodInfo_end = __region_ROM_end__
                0x0007f800                        FREESCALE_PROD_DATA_BASE_ADDR = m_fsl_prodInfo_start
                0x00000800                        NV_STORAGE_SECTOR_SIZE = m_sector_size
                0x00000004                        NV_STORAGE_MAX_SECTORS = gNVMSectorCountLink_d
                0x0007f7ff                        NV_STORAGE_START_ADDRESS = (m_fsl_prodInfo_start - 0x1)
                0x0007d800                        NV_STORAGE_END_ADDRESS = ((NV_STORAGE_START_ADDRESS - (NV_STORAGE_MAX_SECTORS * NV_STORAGE_SECTOR_SIZE)) + 0x1)
                0x00000800                        NV_STORAGE_SECTOR_SIZE_C = m_sector_size
                0x00000004                        NV_STORAGE_MAX_SECTORS_C = gNVMSectorCountLink_d
                0x0007f7ff                        NV_STORAGE_START_ADDRESS_C = (m_fsl_prodInfo_start - 0x1)
                0x0007d800                        NV_STORAGE_END_ADDRESS_C = ((NV_STORAGE_START_ADDRESS_C - (NV_STORAGE_MAX_SECTORS_C * NV_STORAGE_SECTOR_SIZE_C)) + 0x1)
                0x00000000                        m_text_start = m_interrupts_start
                0x0007d7ff                        m_text_end = (NV_STORAGE_END_ADDRESS_C - 0x1)
                0x20000000                        m_interrupts_ram_start = __region_RAM2_start__
                0x200000bf                        m_interrupts_ram_end = ((m_interrupts_ram_start + __ram_vector_table_size__) - 0x1)
                0x20017fff                        __CSTACK_end__ = __region_RAM2_end__
                0x20017dff                        __CSTACK_start__ = (__CSTACK_end__ - __size_cstack__)
                0x20017dfe                        __HEAP_end__ = (__CSTACK_start__ - 0x1)
                0x20017dfa                        __HEAP_start__ = ((__HEAP_end__ - __size_heap__) - 0x4)
                0x1fff8000                        m_data1_start = __region_RAM1_start__
                0x1fffffff                        m_data1_end = __region_RAM1_end__
                0x20000000                        m_data2_start = m_interrupts_ram_start
                0x20017df9                        m_data2_end = (__HEAP_start__ - 0x1)
                0x000000c0                        __RAM_VECTOR_TABLE_SIZE = __ram_vector_table_size__
                0x20017dea                        __BOOT_STACK_ADDRESS = (m_data2_end - 0xf)

.interrupts     0x00000000       0xc0
                0x00000000                        __VECTOR_TABLE = .
                0x00000000                        . = ALIGN (0x4)
 *(SORT_BY_ALIGNMENT(.isr_vector))
 .isr_vector    0x00000000       0xc0 ./startup/startup_MKW41Z4.o
                0x00000000                __isr_vector
                0x000000c0                        . = ALIGN (0x4)

.freescale_prod_data
                0x0007f800        0x0
                0x0007f800                        . = ALIGN (0x4)
 *(SORT_BY_ALIGNMENT(.FREESCALE_PROD_DATA))
                0x0007f800                        . = ALIGN (0x4)

.flash_config   0x00000400       0x10
                0x00000400                        . = ALIGN (0x4)
 *(SORT_BY_ALIGNMENT(.FlashConfig))
 .FlashConfig   0x00000400       0x10 ./startup/startup_MKW41Z4.o
                0x00000410                        . = ALIGN (0x4)

.text           0x00000420    0x1ea68
                0x00000420                        . = ALIGN (0x4)
 *(SORT_BY_ALIGNMENT(.text))
 .text          0x00000420       0x80 S:/MCU/MCUXpressoIDE_11.10.0_3148/ide/plugins/com.nxp.mcuxpresso.tools.win32_11.10.0.202311280810/tools/bin/../lib/gcc/arm-none-eabi/13.2.1/thumb/v6-m/nofp/crt0.o
                0x00000420                _stack_init
                0x0000042c                _start
                0x0000042c                _mainCRTStartup
 .text          0x000004a0       0xc0 ./startup/startup_MKW41Z4.o
                0x000004a0                Reset_Handler
                0x000004e8                Radio_0_IRQHandler
                0x000004e8                DMA0_DriverIRQHandler
                0x000004e8                CMP0_IRQHandler
                0x000004e8                DMA2_DriverIRQHandler
                0x000004e8                TPM0_IRQHandler
                0x000004e8                Radio_1_IRQHandler
                0x000004e8                LLWU_IRQHandler
                0x000004e8                TSI0_IRQHandler
                0x000004e8                ADC0_IRQHandler
                0x000004e8                CMT_IRQHandler
                0x000004e8                LPTMR0_IRQHandler
                0x000004e8                DefaultISR
                0x000004e8                PORTB_PORTC_IRQHandler
                0x000004e8                TPM2_IRQHandler
                0x000004e8                RTC_IRQHandler
                0x000004e8                LVD_LVW_DCDC_IRQHandler
                0x000004e8                DMA3_DriverIRQHandler
                0x000004e8                RTC_Seconds_IRQHandler
                0x000004e8                MCG_IRQHandler
                0x000004e8                TRNG0_IRQHandler
                0x000004e8                Reserved20_IRQHandler
                0x000004e8                LTC0_IRQHandler
                0x000004e8                PIT_IRQHandler
                0x000004e8                DMA1_DriverIRQHandler
                0x000004e8                FTFA_IRQHandler
                0x000004e8                PORTA_IRQHandler
                0x000004e8                TPM1_IRQHandler
                0x000004e8                DAC0_IRQHandler
                0x00000500                DMA0_IRQHandler
                0x00000504                DMA1_IRQHandler
                0x00000508                DMA2_IRQHandler
                0x0000050c                DMA3_IRQHandler
                0x00000510                I2C0_IRQHandler
                0x00000514                I2C1_IRQHandler
                0x00000518                SPI0_IRQHandler
                0x0000051c                LPUART0_IRQHandler
                0x00000520                SPI1_IRQHandler
 .text          0x00000560      0x114 S:/MCU/MCUXpressoIDE_11.10.0_3148/ide/plugins/com.nxp.mcuxpresso.tools.win32_11.10.0.202311280810/tools/bin/../lib/gcc/arm-none-eabi/13.2.1/thumb/v6-m/nofp\libgcc.a(_udivsi3.o)
                0x00000560                __aeabi_uidiv
                0x00000560                __udivsi3
                0x0000066c                __aeabi_uidivmod
 .text          0x00000674      0x1d4 S:/MCU/MCUXpressoIDE_11.10.0_3148/ide/plugins/com.nxp.mcuxpresso.tools.win32_11.10.0.202311280810/tools/bin/../lib/gcc/arm-none-eabi/13.2.1/thumb/v6-m/nofp\libgcc.a(_divsi3.o)
                0x00000674                __divsi3
                0x00000674                __aeabi_idiv
                0x00000840                __aeabi_idivmod
 .text          0x00000848        0x4 S:/MCU/MCUXpressoIDE_11.10.0_3148/ide/plugins/com.nxp.mcuxpresso.tools.win32_11.10.0.202311280810/tools/bin/../lib/gcc/arm-none-eabi/13.2.1/thumb/v6-m/nofp\libgcc.a(_dvmd_tls.o)
                0x00000848                __aeabi_idiv0
                0x00000848                __aeabi_ldiv0
 .text          0x0000084c       0x74 S:/MCU/MCUXpressoIDE_11.10.0_3148/ide/plugins/com.nxp.mcuxpresso.tools.win32_11.10.0.202311280810/tools/bin/../lib/gcc/arm-none-eabi/13.2.1/thumb/v6-m/nofp\libgcc.a(_arm_cmpsf2.o)
                0x0000084c                __aeabi_cfrcmple
                0x00000854                __aeabi_cfcmpeq
                0x00000854                __aeabi_cfcmple
                0x00000864                __aeabi_fcmpeq
                0x00000870                __aeabi_fcmplt
                0x00000884                __aeabi_fcmple
                0x00000898                __aeabi_fcmpgt
                0x000008ac                __aeabi_fcmpge
 .text          0x000008c0       0x40 S:/MCU/MCUXpressoIDE_11.10.0_3148/ide/plugins/com.nxp.mcuxpresso.tools.win32_11.10.0.202311280810/tools/bin/../lib/gcc/arm-none-eabi/13.2.1/thumb/v6-m/nofp\libgcc.a(_aeabi_uldivmod.o)
                0x000008c0                __aeabi_uldivmod
 .text          0x00000900       0x3c S:/MCU/MCUXpressoIDE_11.10.0_3148/ide/plugins/com.nxp.mcuxpresso.tools.win32_11.10.0.202311280810/tools/bin/../lib/gcc/arm-none-eabi/13.2.1/thumb/v6-m/nofp\libgcc.a(_clzsi2.o)
                0x00000900                __clzsi2
 .text          0x0000093c       0x18 S:/MCU/MCUXpressoIDE_11.10.0_3148/ide/plugins/com.nxp.mcuxpresso.tools.win32_11.10.0.202311280810/tools/bin/../lib/gcc/arm-none-eabi/13.2.1/thumb/v6-m/nofp\libgcc.a(_clzdi2.o)
                0x0000093c                __clzdi2
 .text          0x00000954       0x38 S:\Workspace\Inalambrico\practicas\p1\P1-Redes\frdmkw41z_wireless_examples_ieee_802_15_4_mwa_end_device_freertos\libs\lib_crypto_m0.a(SW_RNG.o)
                0x00000954                SecLib_set_rng_seed
                0x00000964                SecLib_get_random
 .text          0x0000098c      0x530 S:\Workspace\Inalambrico\practicas\p1\P1-Redes\frdmkw41z_wireless_examples_ieee_802_15_4_mwa_end_device_freertos\libs\lib802.15.4_mac_06_cm0.a(MacMain.o)
                0x0000098c                BindToMAC
                0x000009b8                UnBindFromMAC
                0x000009d4                MAC_EventSet
                0x000009fe                Mac_Task
                0x00000af0                Mac_InitializeData
                0x00000b94                Mac_RegisterSapHandlers
                0x00000ba6                PD_MAC_SapHandler
                0x00000bc8                PLME_MAC_SapHandler
                0x00000bd0                NWK_MCPS_SapHandler
                0x00000c2c                NWK_MLME_SapHandler
                0x00000cd4                Mlme_VerifyNwkInput
                0x00000de0                Mac_GetState
                0x00000e48                Dumy_MCPS_NWK_SapHandler
                0x00000e4c                Dumy_MLME_NWK_SapHandler
                0x00000e56                Mac_SetTrxLowPowerMode
                0x00000e8a                Mac_SetTrxActiveMode
 .text          0x00000ebc      0xc88 S:\Workspace\Inalambrico\practicas\p1\P1-Redes\frdmkw41z_wireless_examples_ieee_802_15_4_mwa_end_device_freertos\libs\lib802.15.4_mac_06_cm0.a(MacPib.o)
                0x00000ebc                macInitPIBs
                0x000011c8                macVerifySetReq
                0x000012cc                mlmeGetSetReq
                0x00001854                mlmeGetSizeOfPIB
                0x000019a2                Mac_SetPhyPIBs
                0x00001ad2                Mac_SetExtendedAddress
                0x00001b00                Mac_GetExtendedAddress
 .text          0x00001b44      0x5a0 S:\Workspace\Inalambrico\practicas\p1\P1-Redes\frdmkw41z_wireless_examples_ieee_802_15_4_mwa_end_device_freertos\libs\lib802.15.4_mac_06_cm0.a(MacStateMachine.o)
                0x00001b44                Mac_TransactionExpire
                0x00001b50                Mac_PhyMsgHandler
                0x00001c10                Mac_NwkMsgHandler
                0x00001e44                Mac_McpsDataReqHandle
 .text          0x000020e4      0x290 S:\Workspace\Inalambrico\practicas\p1\P1-Redes\frdmkw41z_wireless_examples_ieee_802_15_4_mwa_end_device_freertos\libs\lib802.15.4_mac_06_cm0.a(Poll.o)
                0x000020e4                Poll_VerifyParameters
                0x00002122                Poll_InitSeq
                0x0000218a                Poll_SendStatus
                0x000021c4                Poll_DataRx
                0x00002280                Poll_SendConfirm
                0x00002318                Poll_Timeout
 .text          0x00002374       0xdc S:\Workspace\Inalambrico\practicas\p1\P1-Redes\frdmkw41z_wireless_examples_ieee_802_15_4_mwa_end_device_freertos\libs\lib802.15.4_mac_06_cm0.a(RxEnable.o)
                0x00002374                RxEnable_InitSeq
                0x000023ce                RxEnable_SetRx
                0x0000240e                RxEnable_Deactivate
 .text          0x00002450      0x670 S:\Workspace\Inalambrico\practicas\p1\P1-Redes\frdmkw41z_wireless_examples_ieee_802_15_4_mwa_end_device_freertos\libs\lib802.15.4_mac_06_cm0.a(Scan.o)
                0x00002450                Mac_ScanMsgHandler
                0x000024de                Scan_StartFastEDScan
                0x00002510                Scan_StartEDScan
                0x00002588                Scan_StartActivePassiveScan
                0x000025e2                Scan_StartOrphanScan
                0x00002612                Scan_Advance
                0x00002634                Scan_StartTimer
                0x00002660                Scan_FastEdAcquire
                0x000026b6                Scan_EdAcquire
                0x0000270a                Scan_ActivePassiveAcquire
                0x00002848                Scan_OrphanAcquire
 .text          0x00002ac0      0x1b6 S:\Workspace\Inalambrico\practicas\p1\P1-Redes\frdmkw41z_wireless_examples_ieee_802_15_4_mwa_end_device_freertos\libs\lib802.15.4_mac_06_cm0.a(Start.o)
                0x00002ac0                Start_VerifyParameters
                0x00002b80                Start_InitSeq
                0x00002bc6                Start_SetPIBs
                0x00002c26                CoordRealignment_SendStatus
                0x00002c4e                Start_SeqTerminate
 *fill*         0x00002c76        0x2 
 .text          0x00002c78      0x3c6 S:\Workspace\Inalambrico\practicas\p1\P1-Redes\frdmkw41z_wireless_examples_ieee_802_15_4_mwa_end_device_freertos\libs\lib802.15.4_mac_06_cm0.a(Association.o)
                0x00002c78                Association_VerifyParameters
                0x00002cc8                Association_InitSeq
                0x00002d2c                Association_TriggerPoll
                0x00002d66                AssociationPoll_SendStatus
                0x00002e00                AssociationPoll_DataRx
                0x00002f00                AssociationReq_SendStatus
                0x00002fbc                AssociationRes_VerifyParameters
                0x00002ff0                AssociationRes_SendStatus
 *fill*         0x0000303e        0x2 
 .text          0x00003040      0x710 S:\Workspace\Inalambrico\practicas\p1\P1-Redes\frdmkw41z_wireless_examples_ieee_802_15_4_mwa_end_device_freertos\libs\lib802.15.4_mac_06_cm0.a(DataRx.o)
                0x00003040                Mac_PreProcessDataIndication
                0x000030cc                Mac_ProcessDataIndication
                0x000032ec                Mac_ProcessBeaconFrame
                0x000034a0                Mac_CreateMcpsDataInd
                0x00003552                Mac_CreateMlmeCommStatusInd
                0x000035f4                Mac_CreateMlmeSyncLossInd
                0x0000364e                Mac_IsPanIdConflict
                0x000036ac                Mac_IsMyCoordinator
                0x000036fe                Mac_PostponeActiveSeq
 .text          0x00003750      0x5d8 S:\Workspace\Inalambrico\practicas\p1\P1-Redes\frdmkw41z_wireless_examples_ieee_802_15_4_mwa_end_device_freertos\libs\lib802.15.4_mac_06_cm0.a(DataTx.o)
                0x00003750                DataTx_VerifyParameters
                0x000037c6                DataTx_InitSeq
                0x000039b4                DataTx_SendData
                0x000039e8                DataTx_SendDataConfirm
                0x00003a82                DataTx_SendEmptyFrame
                0x00003abc                DataTx_SendStatus
                0x00003be8                DataTx_CheckForExpirePackets
                0x00003c74                Mac_GetRandomBackoff
                0x00003c94                DataTx_CsmaCaRetry
                0x00003cbc                DataTx_Backoff
                0x00003cce                DataTx_SendDataWithBackoff
                0x00003d1c                Mac_InitCsmaCaVariables
 .text          0x00003d28      0x10c S:\Workspace\Inalambrico\practicas\p1\P1-Redes\frdmkw41z_wireless_examples_ieee_802_15_4_mwa_end_device_freertos\libs\lib802.15.4_mac_06_cm0.a(Disassociation.o)
                0x00003d28                Disassociation_VerifyParameters
                0x00003db2                Disassociation_InitSeq
                0x00003df4                Disassociation_SendStatus
 .text          0x00003e34      0xca4 S:\Workspace\Inalambrico\practicas\p1\P1-Redes\frdmkw41z_wireless_examples_ieee_802_15_4_mwa_end_device_freertos\libs\lib802.15.4_mac_06_cm0.a(MacFrames.o)
                0x00003e34                FrameBuild_AssociationRequest
                0x00003e9c                FrameBuild_AssociationResponse
                0x00003f1c                FrameBuild_DisassociationNotification
                0x00003f8c                FrameBuild_DataRequest
                0x00004042                FrameBuild_PanIdConflictNotification
                0x00004074                FrameBuild_OrphanNotification
                0x000040a6                FrameBuild_BeaconRequest
                0x000040e4                FrameBuild_CoordinatorRealignment
                0x00004210                FrameBuild_Beacon
                0x000043d0                FrameBuild_Data
                0x00004658                FrameBuild_ZeroLengthPayload
                0x00004720                Mac_GetMacHeader
                0x00004804                Mac_GetMaxMsduLength
                0x00004834                Mac_GetOverheadSize
                0x00004880                FrameBuild_Command
                0x00004ad4                addrModeFieldLengthTable
 .text          0x00004ad8       0x4c S:\Workspace\Inalambrico\practicas\p1\P1-Redes\frdmkw41z_wireless_examples_ieee_802_15_4_mwa_end_device_freertos\libs\lib802.15.4_mac_06_cm0.a(MacMem.o)
                0x00004ad8                Mac_MemAllocZero
                0x00004af8                FrameAlloc
 .text          0x00004b24      0xa28 S:\Workspace\Inalambrico\practicas\p1\P1-Redes\frdmkw41z_wireless_examples_ieee_802_15_4_mwa_end_device_freertos\libs\lib802.15.4_mac_06_cm0.a(MacSec.o)
                0x00004b5c                Sec_DetermineASHLength
                0x00004b8c                keyIdModeToAshLengthTable
                0x00004cf2                Sec_CheckBeaconSecurityParameters
                0x00004db0                Sec_SecureTxFrame
                0x00004f68                Sec_CreateAuxSecHeader
                0x00004ff0                Sec_CheckRxSecLevel
                0x00004ff8                Sec_UnsecureRxFrame
 .text          0x0000554c       0xce S:\Workspace\Inalambrico\practicas\p1\P1-Redes\frdmkw41z_wireless_examples_ieee_802_15_4_mwa_end_device_freertos\libs\lib802.15.4_mac_06_cm0.a(Orphan.o)
                0x0000554c                Orphan_VerifyParameters
                0x00005584                Orphan_InitSeq
                0x000055c6                Orphan_SendStatus
 .text          0x0000561a      0x11c S:\Workspace\Inalambrico\practicas\p1\P1-Redes\frdmkw41z_wireless_examples_ieee_802_15_4_mwa_end_device_freertos\libs\lib802.15.4_mac_06_cm0.a(Reset.o)
                0x0000561a                mlmeResetReq
 .text          0x00005736       0xfa S:\Workspace\Inalambrico\practicas\p1\P1-Redes\frdmkw41z_wireless_examples_ieee_802_15_4_mwa_end_device_freertos\libs\lib802.15.4_mac_06_cm0.a(MacSequenceMngr.o)
                0x00005736                getFirstSequenceByChecksum
                0x00005750                getLastSequenceByChecksum
                0x00005770                getSequenceByDestination
                0x0000579a                getSequenceByMsduHandle
                0x000057ba                createNewSeq
                0x000057d0                getChecksum
                0x000057fc                getFreeIndex
 .text          0x00005830       0x68 S:\Workspace\Inalambrico\practicas\p1\P1-Redes\frdmkw41z_wireless_examples_ieee_802_15_4_mwa_end_device_freertos\libs\lib802.15.4_mac_06_cm0.a(SecurityLib.o)
                0x00005830                AES_128_CCM_Star
 *(SORT_BY_ALIGNMENT(.text*))
 *fill*         0x00005898        0x8 
 .text.vPortStartFirstTask
                0x000058a0       0x38 ./freertos/port.o
 *fill*         0x000058d8        0x8 
 .text.PendSV_Handler
                0x000058e0       0x48 ./freertos/port.o
                0x000058e0                PendSV_Handler
 .text.deregister_tm_clones
                0x00005928       0x20 S:/MCU/MCUXpressoIDE_11.10.0_3148/ide/plugins/com.nxp.mcuxpresso.tools.win32_11.10.0.202311280810/tools/bin/../lib/gcc/arm-none-eabi/13.2.1/thumb/v6-m/nofp/crtbegin.o
 .text.register_tm_clones
                0x00005948       0x28 S:/MCU/MCUXpressoIDE_11.10.0_3148/ide/plugins/com.nxp.mcuxpresso.tools.win32_11.10.0.202311280810/tools/bin/../lib/gcc/arm-none-eabi/13.2.1/thumb/v6-m/nofp/crtbegin.o
 .text.__do_global_dtors_aux
                0x00005970       0x2c S:/MCU/MCUXpressoIDE_11.10.0_3148/ide/plugins/com.nxp.mcuxpresso.tools.win32_11.10.0.202311280810/tools/bin/../lib/gcc/arm-none-eabi/13.2.1/thumb/v6-m/nofp/crtbegin.o
 .text.frame_dummy
                0x0000599c       0x24 S:/MCU/MCUXpressoIDE_11.10.0_3148/ide/plugins/com.nxp.mcuxpresso.tools.win32_11.10.0.202311280810/tools/bin/../lib/gcc/arm-none-eabi/13.2.1/thumb/v6-m/nofp/crtbegin.o
 .text.DbgConsole_Printf
                0x000059c0       0x44 ./utilities/fsl_debug_console.o
                0x000059c0                DbgConsole_Printf
 .text.DbgConsole_Putchar
                0x00005a04       0x34 ./utilities/fsl_debug_console.o
                0x00005a04                DbgConsole_Putchar
 .text.My_Task  0x00005a38      0x258 ./source/MyNewTask.o
                0x00005a38                My_Task
 .text.MyTask_Init
                0x00005c90       0x34 ./source/MyNewTask.o
                0x00005c90                MyTask_Init
 .text.myTaskTimerCallback
                0x00005cc4       0x20 ./source/MyNewTask.o
 .text.MyTaskTimer_Start
                0x00005ce4       0x1c ./source/MyNewTask.o
                0x00005ce4                MyTaskTimer_Start
 .text.main_task
                0x00005d00       0xb4 ./source/mwa_end_device.o
                0x00005d00                main_task
 .text.SendLedCount
                0x00005db4      0x188 ./source/mwa_end_device.o
                0x00005db4                SendLedCount
 .text.App_Idle_Task
                0x00005f3c       0x24 ./source/mwa_end_device.o
                0x00005f3c                App_Idle_Task
 .text.App_init
                0x00005f60      0x130 ./source/mwa_end_device.o
                0x00005f60                App_init
 .text.AppThread
                0x00006090      0x778 ./source/mwa_end_device.o
                0x00006090                AppThread
 .text.UartRxCallBack
                0x00006808       0x64 ./source/mwa_end_device.o
 .text.App_StartScan
                0x0000686c       0xc4 ./source/mwa_end_device.o
 .text.App_HandleScanActiveConfirm
                0x00006930       0xec ./source/mwa_end_device.o
 .text.App_SendAssociateRequest
                0x00006a1c       0xe4 ./source/mwa_end_device.o
 .text.App_HandleAssociateConfirm
                0x00006b00       0x64 ./source/mwa_end_device.o
 .text.App_HandleMlmeInput
                0x00006b64       0xac ./source/mwa_end_device.o
 .text.App_HandleMcpsInput
                0x00006c10       0x68 ./source/mwa_end_device.o
 .text.AppPollWaitTimeout
                0x00006c78       0xac ./source/mwa_end_device.o
 .text.App_HandleKeys
                0x00006d24       0xdc ./source/mwa_end_device.o
 .text.MLME_NWK_SapHandler
                0x00006e00       0x34 ./source/mwa_end_device.o
                0x00006e00                MLME_NWK_SapHandler
 .text.MCPS_NWK_SapHandler
                0x00006e34       0x34 ./source/mwa_end_device.o
                0x00006e34                MCPS_NWK_SapHandler
 .text.ButtonCounterUpdate
                0x00006e68       0x14 ./source/mwa_end_device.o
                0x00006e68                ButtonCounterUpdate
 .text.IsButtonPressed
                0x00006e7c       0x14 ./source/mwa_end_device.o
                0x00006e7c                IsButtonPressed
 .text.ClearFlag
                0x00006e90       0x14 ./source/mwa_end_device.o
                0x00006e90                ClearFlag
 .text.HardFault_Handler
                0x00006ea4       0x30 ./source/semihost_hardfault.o
                0x00006ea4                HardFault_Handler
 .text.NVIC_EnableIRQ
                0x00006ed4       0x2c ./ieee_802.15.4/phy/source/MKW41Z/PhyISR.o
 .text.NVIC_SetPendingIRQ
                0x00006f00       0x30 ./ieee_802.15.4/phy/source/MKW41Z/PhyISR.o
 .text.NVIC_ClearPendingIRQ
                0x00006f30       0x30 ./ieee_802.15.4/phy/source/MKW41Z/PhyISR.o
 .text.NVIC_SetPriority
                0x00006f60       0xdc ./ieee_802.15.4/phy/source/MKW41Z/PhyISR.o
 .text.ProtectFromXcvrInterrupt
                0x0000703c       0x3c ./ieee_802.15.4/phy/source/MKW41Z/PhyISR.o
                0x0000703c                ProtectFromXcvrInterrupt
 .text.UnprotectFromXcvrInterrupt
                0x00007078       0x44 ./ieee_802.15.4/phy/source/MKW41Z/PhyISR.o
                0x00007078                UnprotectFromXcvrInterrupt
 .text.PhyIsrPassRxParams
                0x000070bc       0x1c ./ieee_802.15.4/phy/source/MKW41Z/PhyISR.o
                0x000070bc                PhyIsrPassRxParams
 .text.PhyIsrSeqCleanup
                0x000070d8       0x5c ./ieee_802.15.4/phy/source/MKW41Z/PhyISR.o
 .text.PhyIsrTimeoutCleanup
                0x00007134       0x60 ./ieee_802.15.4/phy/source/MKW41Z/PhyISR.o
 .text.Phy_GetEnergyLevel
                0x00007194       0x58 ./ieee_802.15.4/phy/source/MKW41Z/PhyISR.o
                0x00007194                Phy_GetEnergyLevel
 .text.PHY_InterruptHandler
                0x000071ec      0x368 ./ieee_802.15.4/phy/source/MKW41Z/PhyISR.o
                0x000071ec                PHY_InterruptHandler
 .text.PHY_InstallIsr
                0x00007554       0x30 ./ieee_802.15.4/phy/source/MKW41Z/PhyISR.o
                0x00007554                PHY_InstallIsr
 .text.Phy_GetRxParams
                0x00007584       0x74 ./ieee_802.15.4/phy/source/MKW41Z/PhyISR.o
 .text.PhyHwInit
                0x000075f8      0x13c ./ieee_802.15.4/phy/source/MKW41Z/PhyPacketProcessor.o
                0x000075f8                PhyHwInit
 .text.PhyAbort
                0x00007734       0xb4 ./ieee_802.15.4/phy/source/MKW41Z/PhyPacketProcessor.o
                0x00007734                PhyAbort
 .text.PhyPpGetState
                0x000077e8       0x1c ./ieee_802.15.4/phy/source/MKW41Z/PhyPacketProcessor.o
                0x000077e8                PhyPpGetState
 .text.PhyPpSetPanId
                0x00007804       0x70 ./ieee_802.15.4/phy/source/MKW41Z/PhyPacketProcessor.o
                0x00007804                PhyPpSetPanId
 .text.PhyPpSetShortAddr
                0x00007874       0x70 ./ieee_802.15.4/phy/source/MKW41Z/PhyPacketProcessor.o
                0x00007874                PhyPpSetShortAddr
 .text.PhyPpSetLongAddr
                0x000078e4       0x60 ./ieee_802.15.4/phy/source/MKW41Z/PhyPacketProcessor.o
                0x000078e4                PhyPpSetLongAddr
 .text.PhyPpSetMacRole
                0x00007944       0x90 ./ieee_802.15.4/phy/source/MKW41Z/PhyPacketProcessor.o
                0x00007944                PhyPpSetMacRole
 .text.PhyPpSetPromiscuous
                0x000079d4       0x5c ./ieee_802.15.4/phy/source/MKW41Z/PhyPacketProcessor.o
                0x000079d4                PhyPpSetPromiscuous
 .text.PhyPp_IndirectQueueInsert
                0x00007a30       0x6c ./ieee_802.15.4/phy/source/MKW41Z/PhyPacketProcessor.o
                0x00007a30                PhyPp_IndirectQueueInsert
 .text.PhyPp_RemoveFromIndirect
                0x00007a9c       0x60 ./ieee_802.15.4/phy/source/MKW41Z/PhyPacketProcessor.o
                0x00007a9c                PhyPp_RemoveFromIndirect
 .text.PhyPpIsTxAckDataPending
                0x00007afc       0x4c ./ieee_802.15.4/phy/source/MKW41Z/PhyPacketProcessor.o
                0x00007afc                PhyPpIsTxAckDataPending
 .text.PhyPlmeSetPwrState
                0x00007b48      0x128 ./ieee_802.15.4/phy/source/MKW41Z/PhyPacketProcessor.o
                0x00007b48                PhyPlmeSetPwrState
 .text.PhyPdDataRequest
                0x00007c70      0x1b0 ./ieee_802.15.4/phy/source/MKW41Z/PhyPlmeData.o
                0x00007c70                PhyPdDataRequest
 .text.PhyPlmeRxRequest
                0x00007e20      0x16c ./ieee_802.15.4/phy/source/MKW41Z/PhyPlmeData.o
                0x00007e20                PhyPlmeRxRequest
 .text.PhyPlmeCcaEdRequest
                0x00007f8c      0x11c ./ieee_802.15.4/phy/source/MKW41Z/PhyPlmeData.o
                0x00007f8c                PhyPlmeCcaEdRequest
 .text.PhyPlmeSetCurrentChannelRequest
                0x000080a8       0x8c ./ieee_802.15.4/phy/source/MKW41Z/PhyPlmeData.o
                0x000080a8                PhyPlmeSetCurrentChannelRequest
 .text.PhyPlmeGetCurrentChannelRequest
                0x00008134       0x3c ./ieee_802.15.4/phy/source/MKW41Z/PhyPlmeData.o
                0x00008134                PhyPlmeGetCurrentChannelRequest
 .text.PhyPlmeSetPwrLevelRequest
                0x00008170       0x7c ./ieee_802.15.4/phy/source/MKW41Z/PhyPlmeData.o
                0x00008170                PhyPlmeSetPwrLevelRequest
 .text.PhyPlmeGetPwrLevelRequest
                0x000081ec       0x34 ./ieee_802.15.4/phy/source/MKW41Z/PhyPlmeData.o
                0x000081ec                PhyPlmeGetPwrLevelRequest
 .text.PhyPlmeSetPIBRequest
                0x00008220      0x1d0 ./ieee_802.15.4/phy/source/MKW41Z/PhyPlmeData.o
                0x00008220                PhyPlmeSetPIBRequest
 .text.PhyPlmeGetPIBRequest
                0x000083f0      0x3c0 ./ieee_802.15.4/phy/source/MKW41Z/PhyPlmeData.o
                0x000083f0                PhyPlmeGetPIBRequest
 .text.PhyRxRetry
                0x000087b0       0x74 ./ieee_802.15.4/phy/source/MKW41Z/PhyPlmeData.o
 .text.Phy_Init
                0x00008824       0x40 ./ieee_802.15.4/phy/source/MKW41Z/PhyStateMachine.o
                0x00008824                Phy_Init
 .text.Phy_RegisterSapHandlers
                0x00008864       0x24 ./ieee_802.15.4/phy/source/MKW41Z/PhyStateMachine.o
                0x00008864                Phy_RegisterSapHandlers
 .text.Phy24Task
                0x00008888      0x25c ./ieee_802.15.4/phy/source/MKW41Z/PhyStateMachine.o
 .text.MAC_PD_SapHandler
                0x00008ae4       0xb0 ./ieee_802.15.4/phy/source/MKW41Z/PhyStateMachine.o
                0x00008ae4                MAC_PD_SapHandler
 .text.MAC_PLME_SapHandler
                0x00008b94      0x194 ./ieee_802.15.4/phy/source/MKW41Z/PhyStateMachine.o
                0x00008b94                MAC_PLME_SapHandler
 .text.Phy_HandlePdDataReq
                0x00008d28      0x188 ./ieee_802.15.4/phy/source/MKW41Z/PhyStateMachine.o
 .text.Phy_EnterIdle
                0x00008eb0       0x88 ./ieee_802.15.4/phy/source/MKW41Z/PhyStateMachine.o
 .text.PhyPlmeSetFrameWaitTime
                0x00008f38       0x1c ./ieee_802.15.4/phy/source/MKW41Z/PhyStateMachine.o
                0x00008f38                PhyPlmeSetFrameWaitTime
 .text.PhyPlmeSetRxOnWhenIdle
                0x00008f54       0x88 ./ieee_802.15.4/phy/source/MKW41Z/PhyStateMachine.o
                0x00008f54                PhyPlmeSetRxOnWhenIdle
 .text.PhyIsIdleRx
                0x00008fdc       0x4c ./ieee_802.15.4/phy/source/MKW41Z/PhyStateMachine.o
                0x00008fdc                PhyIsIdleRx
 .text.Radio_Phy_PdDataConfirm
                0x00009028       0x94 ./ieee_802.15.4/phy/source/MKW41Z/PhyStateMachine.o
                0x00009028                Radio_Phy_PdDataConfirm
 .text.Radio_Phy_PdDataIndication
                0x000090bc       0x24 ./ieee_802.15.4/phy/source/MKW41Z/PhyStateMachine.o
                0x000090bc                Radio_Phy_PdDataIndication
 .text.Radio_Phy_PlmeCcaConfirm
                0x000090e0       0x34 ./ieee_802.15.4/phy/source/MKW41Z/PhyStateMachine.o
                0x000090e0                Radio_Phy_PlmeCcaConfirm
 .text.Radio_Phy_PlmeEdConfirm
                0x00009114       0x34 ./ieee_802.15.4/phy/source/MKW41Z/PhyStateMachine.o
                0x00009114                Radio_Phy_PlmeEdConfirm
 .text.Radio_Phy_TimeRxTimeoutIndication
                0x00009148       0x30 ./ieee_802.15.4/phy/source/MKW41Z/PhyStateMachine.o
                0x00009148                Radio_Phy_TimeRxTimeoutIndication
 .text.Radio_Phy_PlmeRxWatermark
                0x00009178       0xb8 ./ieee_802.15.4/phy/source/MKW41Z/PhyStateMachine.o
                0x00009178                Radio_Phy_PlmeRxWatermark
 .text.Radio_Phy_PlmeFilterFailRx
                0x00009230       0x54 ./ieee_802.15.4/phy/source/MKW41Z/PhyStateMachine.o
                0x00009230                Radio_Phy_PlmeFilterFailRx
 .text.PLME_SendMessage
                0x00009284       0xd4 ./ieee_802.15.4/phy/source/MKW41Z/PhyStateMachine.o
 .text.PD_SendMessage
                0x00009358      0x268 ./ieee_802.15.4/phy/source/MKW41Z/PhyStateMachine.o
 .text.Phy_SendLatePLME
                0x000095c0       0x24 ./ieee_802.15.4/phy/source/MKW41Z/PhyStateMachine.o
 .text.Phy_SendLatePD
                0x000095e4       0x24 ./ieee_802.15.4/phy/source/MKW41Z/PhyStateMachine.o
 .text.Radio_Phy_Notify
                0x00009608       0x18 ./ieee_802.15.4/phy/source/MKW41Z/PhyStateMachine.o
                0x00009608                Radio_Phy_Notify
 .text.PhyTimeSetEventTrigger
                0x00009620       0x68 ./ieee_802.15.4/phy/source/MKW41Z/PhyTime.o
                0x00009620                PhyTimeSetEventTrigger
 .text.PhyTimeDisableEventTrigger
                0x00009688       0x5c ./ieee_802.15.4/phy/source/MKW41Z/PhyTime.o
                0x00009688                PhyTimeDisableEventTrigger
 .text.PhyTimeSetEventTimeout
                0x000096e4       0x74 ./ieee_802.15.4/phy/source/MKW41Z/PhyTime.o
                0x000096e4                PhyTimeSetEventTimeout
 .text.PhyTimeGetEventTimeout
                0x00009758       0x20 ./ieee_802.15.4/phy/source/MKW41Z/PhyTime.o
                0x00009758                PhyTimeGetEventTimeout
 .text.PhyTimeDisableEventTimeout
                0x00009778       0x60 ./ieee_802.15.4/phy/source/MKW41Z/PhyTime.o
                0x00009778                PhyTimeDisableEventTimeout
 .text.PhyTimeReadClock
                0x000097d8       0x28 ./ieee_802.15.4/phy/source/MKW41Z/PhyTime.o
                0x000097d8                PhyTimeReadClock
 .text.PhyTimeSetWaitTimeout
                0x00009800       0x6c ./ieee_802.15.4/phy/source/MKW41Z/PhyTime.o
                0x00009800                PhyTimeSetWaitTimeout
 .text.PhyTimeDisableWaitTimeout
                0x0000986c       0x50 ./ieee_802.15.4/phy/source/MKW41Z/PhyTime.o
                0x0000986c                PhyTimeDisableWaitTimeout
 .text.PhyTime_ISR
                0x000098bc       0x54 ./ieee_802.15.4/phy/source/MKW41Z/PhyTime.o
                0x000098bc                PhyTime_ISR
 .text.PhyTime_TimerInit
                0x00009910       0x90 ./ieee_802.15.4/phy/source/MKW41Z/PhyTime.o
                0x00009910                PhyTime_TimerInit
 .text.PhyTime_GetTimestamp
                0x000099a0       0x80 ./ieee_802.15.4/phy/source/MKW41Z/PhyTime.o
                0x000099a0                PhyTime_GetTimestamp
 .text.PhyTime_ScheduleEvent
                0x00009a20       0xe8 ./ieee_802.15.4/phy/source/MKW41Z/PhyTime.o
                0x00009a20                PhyTime_ScheduleEvent
 .text.PhyTime_CancelEvent
                0x00009b08       0xa4 ./ieee_802.15.4/phy/source/MKW41Z/PhyTime.o
                0x00009b08                PhyTime_CancelEvent
 .text.PhyTime_CancelEventsWithParam
                0x00009bac       0xac ./ieee_802.15.4/phy/source/MKW41Z/PhyTime.o
                0x00009bac                PhyTime_CancelEventsWithParam
 .text.PhyTime_RunCallback
                0x00009c58       0x70 ./ieee_802.15.4/phy/source/MKW41Z/PhyTime.o
                0x00009c58                PhyTime_RunCallback
 .text.PhyTime_Maintenance
                0x00009cc8       0xa8 ./ieee_802.15.4/phy/source/MKW41Z/PhyTime.o
                0x00009cc8                PhyTime_Maintenance
 .text.PhyTime_OverflowCB
                0x00009d70       0x50 ./ieee_802.15.4/phy/source/MKW41Z/PhyTime.o
 .text.PhyTime_GetNextEvent
                0x00009dc0       0x74 ./ieee_802.15.4/phy/source/MKW41Z/PhyTime.o
 .text.MAC_Init
                0x00009e34       0x68 ./ieee_802.15.4/mac/source/App/MacGlobals.o
                0x00009e34                MAC_Init
 .text.xEventGroupSetBitsFromISR
                0x00009e9c       0x2c ./freertos/event_groups.o
                0x00009e9c                xEventGroupSetBitsFromISR
 .text.prvSetupTimerInterrupt
                0x00009ec8       0x40 ./freertos/fsl_tickless_lptmr.o
                0x00009ec8                prvSetupTimerInterrupt
 .text.pvPortMalloc
                0x00009f08      0x150 ./freertos/heap_4.o
                0x00009f08                pvPortMalloc
 .text.vPortFree
                0x0000a058       0x94 ./freertos/heap_4.o
                0x0000a058                vPortFree
 .text.prvHeapInit
                0x0000a0ec       0xc0 ./freertos/heap_4.o
 .text.prvInsertBlockIntoFreeList
                0x0000a1ac       0xb0 ./freertos/heap_4.o
 .text.pxPortInitialiseStack
                0x0000a25c       0x54 ./freertos/port.o
                0x0000a25c                pxPortInitialiseStack
 .text.prvTaskExitError
                0x0000a2b0       0x1c ./freertos/port.o
 .text.xPortStartScheduler
                0x0000a2cc       0x44 ./freertos/port.o
                0x0000a2cc                xPortStartScheduler
 .text.vPortYield
                0x0000a310       0x20 ./freertos/port.o
                0x0000a310                vPortYield
 .text.vPortEnterCritical
                0x0000a330       0x24 ./freertos/port.o
                0x0000a330                vPortEnterCritical
 .text.vPortExitCritical
                0x0000a354       0x30 ./freertos/port.o
                0x0000a354                vPortExitCritical
 .text.SysTick_Handler
                0x0000a384       0x34 ./freertos/port.o
                0x0000a384                SysTick_Handler
 .text.vQueueAddToRegistry
                0x0000a3b8       0x50 ./freertos/queue.o
                0x0000a3b8                vQueueAddToRegistry
 .text.prvInitialiseNewTask
                0x0000a408      0x12c ./freertos/tasks.o
 .text.prvAddNewTaskToReadyList
                0x0000a534       0xd0 ./freertos/tasks.o
 .text.vTaskStartScheduler
                0x0000a604       0x7c ./freertos/tasks.o
                0x0000a604                vTaskStartScheduler
 .text.vTaskSuspendAll
                0x0000a680       0x18 ./freertos/tasks.o
                0x0000a680                vTaskSuspendAll
 .text.xTaskResumeAll
                0x0000a698      0x118 ./freertos/tasks.o
                0x0000a698                xTaskResumeAll
 .text.xTaskGetTickCount
                0x0000a7b0       0x1c ./freertos/tasks.o
                0x0000a7b0                xTaskGetTickCount
 .text.xTaskIncrementTick
                0x0000a7cc      0x150 ./freertos/tasks.o
                0x0000a7cc                xTaskIncrementTick
 .text.vTaskSwitchContext
                0x0000a91c       0xa4 ./freertos/tasks.o
                0x0000a91c                vTaskSwitchContext
 .text.vTaskPlaceOnEventList
                0x0000a9c0       0x40 ./freertos/tasks.o
                0x0000a9c0                vTaskPlaceOnEventList
 .text.vTaskPlaceOnUnorderedEventList
                0x0000aa00       0x60 ./freertos/tasks.o
                0x0000aa00                vTaskPlaceOnUnorderedEventList
 .text.vTaskPlaceOnEventListRestricted
                0x0000aa60       0x50 ./freertos/tasks.o
                0x0000aa60                vTaskPlaceOnEventListRestricted
 .text.xTaskRemoveFromEventList
                0x0000aab0       0xbc ./freertos/tasks.o
                0x0000aab0                xTaskRemoveFromEventList
 .text.xTaskRemoveFromUnorderedEventList
                0x0000ab6c       0xb4 ./freertos/tasks.o
                0x0000ab6c                xTaskRemoveFromUnorderedEventList
 .text.vTaskSetTimeOutState
                0x0000ac20       0x34 ./freertos/tasks.o
                0x0000ac20                vTaskSetTimeOutState
 .text.xTaskCheckForTimeOut
                0x0000ac54       0xa0 ./freertos/tasks.o
                0x0000ac54                xTaskCheckForTimeOut
 .text.vTaskMissedYield
                0x0000acf4       0x14 ./freertos/tasks.o
                0x0000acf4                vTaskMissedYield
 .text.prvIdleTask
                0x0000ad08       0x20 ./freertos/tasks.o
 .text.prvInitialiseTaskLists
                0x0000ad28       0x88 ./freertos/tasks.o
 .text.prvCheckTasksWaitingTermination
                0x0000adb0       0x78 ./freertos/tasks.o
 .text.prvResetNextTaskUnblockTime
                0x0000ae28       0x48 ./freertos/tasks.o
 .text.xTaskGetCurrentTaskHandle
                0x0000ae70       0x1c ./freertos/tasks.o
                0x0000ae70                xTaskGetCurrentTaskHandle
 .text.xTaskGetSchedulerState
                0x0000ae8c       0x38 ./freertos/tasks.o
                0x0000ae8c                xTaskGetSchedulerState
 .text.vTaskPriorityInherit
                0x0000aec4       0xbc ./freertos/tasks.o
                0x0000aec4                vTaskPriorityInherit
 .text.xTaskPriorityDisinherit
                0x0000af80       0xbc ./freertos/tasks.o
                0x0000af80                xTaskPriorityDisinherit
 .text.uxTaskResetEventItemValue
                0x0000b03c       0x2c ./freertos/tasks.o
                0x0000b03c                uxTaskResetEventItemValue
 .text.pvTaskIncrementMutexHeldCount
                0x0000b068       0x24 ./freertos/tasks.o
                0x0000b068                pvTaskIncrementMutexHeldCount
 .text.prvAddCurrentTaskToDelayedList
                0x0000b08c       0xa8 ./freertos/tasks.o
 .text.xTimerCreateTimerTask
                0x0000b134       0x54 ./freertos/timers.o
                0x0000b134                xTimerCreateTimerTask
 .text.xTimerGenericCommand
                0x0000b188       0x98 ./freertos/timers.o
                0x0000b188                xTimerGenericCommand
 .text.prvProcessExpiredTimer
                0x0000b220       0x74 ./freertos/timers.o
 .text.prvProcessTimerOrBlockTask
                0x0000b294       0x8c ./freertos/timers.o
 .text.prvGetNextExpireTime
                0x0000b320       0x40 ./freertos/timers.o
 .text.prvSampleTimeNow
                0x0000b360       0x40 ./freertos/timers.o
 .text.prvInsertTimerInActiveList
                0x0000b3a0       0x84 ./freertos/timers.o
 .text.prvProcessReceivedCommands
                0x0000b424      0x134 ./freertos/timers.o
 .text.prvSwitchTimerLists
                0x0000b558       0xb8 ./freertos/timers.o
 .text.prvCheckForValidListAndQueue
                0x0000b610       0x74 ./freertos/timers.o
 .text.xTimerPendFunctionCallFromISR
                0x0000b684       0x4c ./freertos/timers.o
                0x0000b684                xTimerPendFunctionCallFromISR
 .text.XCVR_Init
                0x0000b6d0      0x128 ./framework/XCVR/MKW41Z4/fsl_xcvr.o
                0x0000b6d0                XCVR_Init
 .text.XCVR_GetDefaultConfig
                0x0000b7f8      0x174 ./framework/XCVR/MKW41Z4/fsl_xcvr.o
                0x0000b7f8                XCVR_GetDefaultConfig
 .text.XCVR_Configure
                0x0000b96c      0x98c ./framework/XCVR/MKW41Z4/fsl_xcvr.o
                0x0000b96c                XCVR_Configure
 .text.XcvrPanic
                0x0000c2f8       0x40 ./framework/XCVR/MKW41Z4/fsl_xcvr.o
                0x0000c2f8                XcvrPanic
 .text.XCVR_SetXtalTrim
                0x0000c338       0x64 ./framework/XCVR/MKW41Z4/fsl_xcvr.o
                0x0000c338                XCVR_SetXtalTrim
 .text.XCVR_OverrideChannel
                0x0000c39c      0x140 ./framework/XCVR/MKW41Z4/fsl_xcvr.o
                0x0000c39c                XCVR_OverrideChannel
 .text.XCVR_ForceRxWu
                0x0000c4dc       0x1c ./framework/XCVR/MKW41Z4/fsl_xcvr.o
                0x0000c4dc                XCVR_ForceRxWu
 .text.XCVR_ForceRxWd
                0x0000c4f8       0x1c ./framework/XCVR/MKW41Z4/fsl_xcvr.o
                0x0000c4f8                XCVR_ForceRxWd
 .text.calc_dcoc_dac_step
                0x0000c514       0x88 ./framework/XCVR/MKW41Z4/fsl_xcvr_trim.o
                0x0000c514                calc_dcoc_dac_step
 .text.rx_dc_est_average
                0x0000c59c      0x1a0 ./framework/XCVR/MKW41Z4/fsl_xcvr_trim.o
                0x0000c59c                rx_dc_est_average
 .text.rx_bba_dcoc_dac_trim_DCest
                0x0000c73c      0x7bc ./framework/XCVR/MKW41Z4/fsl_xcvr_trim.o
                0x0000c73c                rx_bba_dcoc_dac_trim_DCest
 .text.DCOC_DAC_INIT_Cal
                0x0000cef8      0x5b0 ./framework/XCVR/MKW41Z4/fsl_xcvr_trim.o
                0x0000cef8                DCOC_DAC_INIT_Cal
 .text.read_first_ifr_word
                0x0000d4a8       0x20 ./framework/XCVR/MKW41Z4/ifr_radio.o
                0x0000d4a8                read_first_ifr_word
 .text.read_another_ifr_word
                0x0000d4c8       0x2c ./framework/XCVR/MKW41Z4/ifr_radio.o
                0x0000d4c8                read_another_ifr_word
 .text.read_resource_ifr
                0x0000d4f4       0xd4 ./framework/XCVR/MKW41Z4/ifr_radio.o
                0x0000d4f4                read_resource_ifr
 .text.handle_ifr
                0x0000d5c8      0x184 ./framework/XCVR/MKW41Z4/ifr_radio.o
                0x0000d5c8                handle_ifr
 .text.NVIC_EnableIRQ
                0x0000d74c       0x2c ./framework/TimersManager/Source/TMR_Adapter.o
 .text.NVIC_ClearPendingIRQ
                0x0000d778       0x30 ./framework/TimersManager/Source/TMR_Adapter.o
 .text.NVIC_SetPriority
                0x0000d7a8       0xdc ./framework/TimersManager/Source/TMR_Adapter.o
 .text.StackTimer_Init
                0x0000d884       0x98 ./framework/TimersManager/Source/TMR_Adapter.o
                0x0000d884                StackTimer_Init
 .text.StackTimer_Enable
                0x0000d91c       0x1c ./framework/TimersManager/Source/TMR_Adapter.o
                0x0000d91c                StackTimer_Enable
 .text.StackTimer_Disable
                0x0000d938       0x18 ./framework/TimersManager/Source/TMR_Adapter.o
                0x0000d938                StackTimer_Disable
 .text.StackTimer_GetCounterValue
                0x0000d950       0x14 ./framework/TimersManager/Source/TMR_Adapter.o
                0x0000d950                StackTimer_GetCounterValue
 .text.StackTimer_SetOffsetTicks
                0x0000d964       0x24 ./framework/TimersManager/Source/TMR_Adapter.o
                0x0000d964                StackTimer_SetOffsetTicks
 .text.StackTimer_ClearIntFlag
                0x0000d988       0x30 ./framework/TimersManager/Source/TMR_Adapter.o
                0x0000d988                StackTimer_ClearIntFlag
 .text.TMR_GetTimerStatus
                0x0000d9b8       0x28 ./framework/TimersManager/Source/TimersManager.o
 .text.TMR_SetTimerStatus
                0x0000d9e0       0x44 ./framework/TimersManager/Source/TimersManager.o
 .text.TMR_GetTimerType
                0x0000da24       0x28 ./framework/TimersManager/Source/TimersManager.o
 .text.TMR_SetTimerType
                0x0000da4c       0x44 ./framework/TimersManager/Source/TimersManager.o
 .text.TmrTicksFromMilliseconds
                0x0000da90       0x48 ./framework/TimersManager/Source/TimersManager.o
                0x0000da90                TmrTicksFromMilliseconds
 .text.TMR_Init
                0x0000dad8       0x80 ./framework/TimersManager/Source/TimersManager.o
                0x0000dad8                TMR_Init
 .text.TMR_NotifyClkChanged
                0x0000db58       0x44 ./framework/TimersManager/Source/TimersManager.o
                0x0000db58                TMR_NotifyClkChanged
 .text.TMR_AllocateTimer
                0x0000db9c       0x50 ./framework/TimersManager/Source/TimersManager.o
                0x0000db9c                TMR_AllocateTimer
 .text.StackTimer_ISR
                0x0000dbec       0x24 ./framework/TimersManager/Source/TimersManager.o
 .text.TMR_StartTimer
                0x0000dc10       0xe8 ./framework/TimersManager/Source/TimersManager.o
                0x0000dc10                TMR_StartTimer
 .text.TMR_StopTimer
                0x0000dcf8       0xe8 ./framework/TimersManager/Source/TimersManager.o
                0x0000dcf8                TMR_StopTimer
 .text.TMR_Task
                0x0000dde0      0x4fc ./framework/TimersManager/Source/TimersManager.o
                0x0000dde0                TMR_Task
 .text.TMR_EnableTimer
                0x0000e2dc       0x84 ./framework/TimersManager/Source/TimersManager.o
                0x0000e2dc                TMR_EnableTimer
 .text.TMR_PITGetTimestamp
                0x0000e360      0x1a4 ./framework/TimersManager/Source/TimersManager.o
                0x0000e360                TMR_PITGetTimestamp
 .text.NVIC_EnableIRQ
                0x0000e504       0x2c ./framework/SerialManager/Source/UART_Adapter/UART_Adapter.o
 .text.NVIC_SetPriority
                0x0000e530       0xdc ./framework/SerialManager/Source/UART_Adapter/UART_Adapter.o
 .text.LPUART_Initialize
                0x0000e60c       0xe8 ./framework/SerialManager/Source/UART_Adapter/UART_Adapter.o
                0x0000e60c                LPUART_Initialize
 .text.LPUART_SetBaudrate
                0x0000e6f4       0x44 ./framework/SerialManager/Source/UART_Adapter/UART_Adapter.o
                0x0000e6f4                LPUART_SetBaudrate
 .text.LPUART_SendData
                0x0000e738       0xc0 ./framework/SerialManager/Source/UART_Adapter/UART_Adapter.o
                0x0000e738                LPUART_SendData
 .text.LPUART_InstallRxCalback
                0x0000e7f8       0x44 ./framework/SerialManager/Source/UART_Adapter/UART_Adapter.o
                0x0000e7f8                LPUART_InstallRxCalback
 .text.LPUART_InstallTxCalback
                0x0000e83c       0x44 ./framework/SerialManager/Source/UART_Adapter/UART_Adapter.o
                0x0000e83c                LPUART_InstallTxCalback
 .text.LPUART_IsTxActive
                0x0000e880       0x58 ./framework/SerialManager/Source/UART_Adapter/UART_Adapter.o
                0x0000e880                LPUART_IsTxActive
 .text.LPUART_ISR
                0x0000e8d8      0x17c ./framework/SerialManager/Source/UART_Adapter/UART_Adapter.o
 .text.SerialManager_Init
                0x0000ea54       0x80 ./framework/SerialManager/Source/SerialManager.o
                0x0000ea54                SerialManager_Init
 .text.SerialManagerTask
                0x0000ead4      0x1c4 ./framework/SerialManager/Source/SerialManager.o
                0x0000ead4                SerialManagerTask
 .text.Serial_InitInterface
                0x0000ec98      0x190 ./framework/SerialManager/Source/SerialManager.o
                0x0000ec98                Serial_InitInterface
 .text.Serial_AsyncWrite
                0x0000ee28      0x1bc ./framework/SerialManager/Source/SerialManager.o
                0x0000ee28                Serial_AsyncWrite
 .text.Serial_SyncWrite
                0x0000efe4       0xdc ./framework/SerialManager/Source/SerialManager.o
                0x0000efe4                Serial_SyncWrite
 .text.Serial_Read
                0x0000f0c0      0x124 ./framework/SerialManager/Source/SerialManager.o
                0x0000f0c0                Serial_Read
 .text.Serial_RxBufferByteCount
                0x0000f1e4      0x10c ./framework/SerialManager/Source/SerialManager.o
                0x0000f1e4                Serial_RxBufferByteCount
 .text.Serial_SetRxCallBack
                0x0000f2f0       0x78 ./framework/SerialManager/Source/SerialManager.o
                0x0000f2f0                Serial_SetRxCallBack
 .text.Serial_SetBaudRate
                0x0000f368       0x94 ./framework/SerialManager/Source/SerialManager.o
                0x0000f368                Serial_SetBaudRate
 .text.Serial_WriteInternal
                0x0000f3fc      0x12c ./framework/SerialManager/Source/SerialManager.o
 .text.SerialManager_RxNotify
                0x0000f528       0xc8 ./framework/SerialManager/Source/SerialManager.o
                0x0000f528                SerialManager_RxNotify
 .text.SerialManager_TxNotify
                0x0000f5f0      0x100 ./framework/SerialManager/Source/SerialManager.o
                0x0000f5f0                SerialManager_TxNotify
 .text.Serial_TxQueueMaintenance
                0x0000f6f0      0x15c ./framework/SerialManager/Source/SerialManager.o
 .text.Serial_UartRxCb
                0x0000f84c       0x5c ./framework/SerialManager/Source/SerialManager.o
 .text.SecLib_Init
                0x0000f8a8       0x3c ./framework/SecLib/SecLib.o
                0x0000f8a8                SecLib_Init
 .text.AES_128_CCM
                0x0000f8e4       0xf4 ./framework/SecLib/SecLib.o
                0x0000f8e4                AES_128_CCM
 .text.NVIC_EnableIRQ
                0x0000f9d8       0x2c ./framework/RNG/Source/RNG.o
 .text.RNG_Init
                0x0000fa04       0xe4 ./framework/RNG/Source/RNG.o
                0x0000fa04                RNG_Init
 .text.TRNG_ISR
                0x0000fae8       0x40 ./framework/RNG/Source/RNG.o
 .text.OSA_SemaphorePost
                0x0000fb28       0x9c ./framework/OSAbstraction/Source/fsl_os_abstraction_free_rtos.o
                0x0000fb28                OSA_SemaphorePost
 .text.OSA_EventCreate
                0x0000fbc4       0x70 ./framework/OSAbstraction/Source/fsl_os_abstraction_free_rtos.o
                0x0000fbc4                OSA_EventCreate
 .text.OSA_EventSet
                0x0000fc34       0xa0 ./framework/OSAbstraction/Source/fsl_os_abstraction_free_rtos.o
                0x0000fc34                OSA_EventSet
 .text.OSA_EventWait
                0x0000fcd4       0xa4 ./framework/OSAbstraction/Source/fsl_os_abstraction_free_rtos.o
                0x0000fcd4                OSA_EventWait
 .text.OSA_InterruptEnable
                0x0000fd78       0x4c ./framework/OSAbstraction/Source/fsl_os_abstraction_free_rtos.o
                0x0000fd78                OSA_InterruptEnable
 .text.OSA_InterruptDisable
                0x0000fdc4       0x4c ./framework/OSAbstraction/Source/fsl_os_abstraction_free_rtos.o
                0x0000fdc4                OSA_InterruptDisable
 .text.main     0x0000fe10       0x24 ./framework/OSAbstraction/Source/fsl_os_abstraction_free_rtos.o
                0x0000fe10                main
 .text.__NvAtomicSave
                0x0000fe34       0xec ./framework/NVM/Source/NV_Flash.o
 .text.__NvSyncSave
                0x0000ff20      0x130 ./framework/NVM/Source/NV_Flash.o
 .text.__NvIdle
                0x00010050      0x1d4 ./framework/NVM/Source/NV_Flash.o
 .text.__NvRestoreDataSet
                0x00010224       0x58 ./framework/NVM/Source/NV_Flash.o
 .text.__NvTimerTick
                0x0001027c      0x190 ./framework/NVM/Source/NV_Flash.o
 .text.__NvSaveOnIdle
                0x0001040c       0x7c ./framework/NVM/Source/NV_Flash.o
 .text.__NvModuleInit
                0x00010488      0x144 ./framework/NVM/Source/NV_Flash.o
 .text.InitNVMConfig
                0x000105cc       0xc8 ./framework/NVM/Source/NV_Flash.o
 .text.NvEraseVirtualPage
                0x00010694       0x78 ./framework/NVM/Source/NV_Flash.o
 .text.NvInitStorageSystem
                0x0001070c      0x1e4 ./framework/NVM/Source/NV_Flash.o
 .text.NvVirtualPageBlankCheck
                0x000108f0       0x5c ./framework/NVM/Source/NV_Flash.o
 .text.NvUpdateLastMetaInfoAddress
                0x0001094c      0x11c ./framework/NVM/Source/NV_Flash.o
 .text.NvGetMetaInfo
                0x00010a68       0x64 ./framework/NVM/Source/NV_Flash.o
 .text.NvGetPageFreeSpace
                0x00010acc       0xe0 ./framework/NVM/Source/NV_Flash.o
 .text.NvIsMemoryAreaAvailable
                0x00010bac       0xa8 ./framework/NVM/Source/NV_Flash.o
 .text.NvIsRecordCopied
                0x00010c54      0x124 ./framework/NVM/Source/NV_Flash.o
 .text.NvInternalCopy
                0x00010d78      0x3a4 ./framework/NVM/Source/NV_Flash.o
 .text.NvCopyPage
                0x0001111c      0x27c ./framework/NVM/Source/NV_Flash.o
 .text.NvInternalFormat
                0x00011398       0x88 ./framework/NVM/Source/NV_Flash.o
 .text.NvSaveRamTable
                0x00011420       0xb4 ./framework/NVM/Source/NV_Flash.o
 .text.UpgradeLegacyTable
                0x000114d4      0x34c ./framework/NVM/Source/NV_Flash.o
 .text.NvGetEntryFromDataPtr
                0x00011820       0xfc ./framework/NVM/Source/NV_Flash.o
 .text.NvWriteRecord
                0x0001191c      0x4e0 ./framework/NVM/Source/NV_Flash.o
 .text.NvRestoreData
                0x00011dfc      0x2fc ./framework/NVM/Source/NV_Flash.o
 .text.NvGetTableEntryIndexFromId
                0x000120f8       0x78 ./framework/NVM/Source/NV_Flash.o
 .text.NvProcessFirstSaveInQueue
                0x00012170       0xc0 ./framework/NVM/Source/NV_Flash.o
 .text.NvAddSaveRequestToQueue
                0x00012230      0x200 ./framework/NVM/Source/NV_Flash.o
 .text.NvModuleInit
                0x00012430       0x4c ./framework/NVM/Source/NV_Flash.o
                0x00012430                NvModuleInit
 .text.NvSaveOnIdle
                0x0001247c       0x50 ./framework/NVM/Source/NV_Flash.o
                0x0001247c                NvSaveOnIdle
 .text.NvRestoreDataSet
                0x000124cc       0x50 ./framework/NVM/Source/NV_Flash.o
                0x000124cc                NvRestoreDataSet
 .text.NvClearCriticalSection
                0x0001251c       0x30 ./framework/NVM/Source/NV_Flash.o
                0x0001251c                NvClearCriticalSection
 .text.NvIdle   0x0001254c       0x44 ./framework/NVM/Source/NV_Flash.o
                0x0001254c                NvIdle
 .text.NvGetNvIdleTaskId
                0x00012590       0x14 ./framework/NVM/Source/NV_Flash.o
                0x00012590                NvGetNvIdleTaskId
 .text.MEM_Init
                0x000125a4       0xc4 ./framework/MemManager/Source/MemManager.o
                0x000125a4                MEM_Init
 .text.MEM_BufferAllocWithId
                0x00012668       0xb8 ./framework/MemManager/Source/MemManager.o
                0x00012668                MEM_BufferAllocWithId
 .text.MEM_BufferFree
                0x00012720       0xb0 ./framework/MemManager/Source/MemManager.o
                0x00012720                MEM_BufferFree
 .text.PWR_AllowDeviceToSleep
                0x000127d0       0x2c ./framework/LowPower/Source/MKW41Z/PWR.o
                0x000127d0                PWR_AllowDeviceToSleep
 .text.PWR_DisallowDeviceToSleep
                0x000127fc       0x38 ./framework/LowPower/Source/MKW41Z/PWR.o
                0x000127fc                PWR_DisallowDeviceToSleep
 .text.PWR_AllowXcvrToSleep
                0x00012834       0x2c ./framework/LowPower/Source/MKW41Z/PWR.o
                0x00012834                PWR_AllowXcvrToSleep
 .text.PWR_DisallowXcvrToSleep
                0x00012860       0x38 ./framework/LowPower/Source/MKW41Z/PWR.o
                0x00012860                PWR_DisallowXcvrToSleep
 .text.PWR_RegisterLowPowerEnterCallback
                0x00012898       0x1c ./framework/LowPower/Source/MKW41Z/PWR.o
                0x00012898                PWR_RegisterLowPowerEnterCallback
 .text.PWR_RegisterLowPowerExitCallback
                0x000128b4       0x1c ./framework/LowPower/Source/MKW41Z/PWR.o
                0x000128b4                PWR_RegisterLowPowerExitCallback
 .text.NVIC_EnableIRQ
                0x000128d0       0x2c ./framework/LowPower/Source/MKW41Z/PWRLib.o
 .text.NVIC_SetPriority
                0x000128fc       0xdc ./framework/LowPower/Source/MKW41Z/PWRLib.o
 .text.PWRLib_ConfigRSIM
                0x000129d8       0x78 ./framework/LowPower/Source/MKW41Z/PWRLib.o
                0x000129d8                PWRLib_ConfigRSIM
 .text.PWRLib_ConfigLLWU
                0x00012a50       0x58 ./framework/LowPower/Source/MKW41Z/PWRLib.o
                0x00012a50                PWRLib_ConfigLLWU
 .text.PWRLib_LLWU_GetWakeUpFlags
                0x00012aa8       0x64 ./framework/LowPower/Source/MKW41Z/PWRLib.o
                0x00012aa8                PWRLib_LLWU_GetWakeUpFlags
 .text.PWRLib_LLWU_UpdateWakeupReason
                0x00012b0c       0x9c ./framework/LowPower/Source/MKW41Z/PWRLib.o
                0x00012b0c                PWRLib_LLWU_UpdateWakeupReason
 .text.PWRLib_LPTMR_Isr
                0x00012ba8       0x1c ./framework/LowPower/Source/MKW41Z/PWRLib.o
                0x00012ba8                PWRLib_LPTMR_Isr
 .text.PWRLib_LPTMR_Init
                0x00012bc4       0x84 ./framework/LowPower/Source/MKW41Z/PWRLib.o
                0x00012bc4                PWRLib_LPTMR_Init
 .text.PWRLib_LLWU_Isr
                0x00012c48       0xa0 ./framework/LowPower/Source/MKW41Z/PWRLib.o
                0x00012c48                PWRLib_LLWU_Isr
 .text.PWRLib_Init
                0x00012ce8      0x1a4 ./framework/LowPower/Source/MKW41Z/PWRLib.o
                0x00012ce8                PWRLib_Init
 .text.LED_Init
                0x00012e8c       0x2c ./framework/LED/Source/LED.o
                0x00012e8c                LED_Init
 .text.LED_Operate
                0x00012eb8       0x8c ./framework/LED/Source/LED.o
                0x00012eb8                LED_Operate
 .text.LED_StartBlip
                0x00012f44       0x64 ./framework/LED/Source/LED.o
                0x00012f44                LED_StartBlip
 .text.LED_StopFlash
                0x00012fa8       0x4c ./framework/LED/Source/LED.o
                0x00012fa8                LED_StopFlash
 .text.LED_SetLed
                0x00012ff4       0xb8 ./framework/LED/Source/LED.o
                0x00012ff4                LED_SetLed
 .text.LED_StartFlashWithPeriod
                0x000130ac       0x58 ./framework/LED/Source/LED.o
                0x000130ac                LED_StartFlashWithPeriod
 .text.LED_StartSerialFlashWithPeriod
                0x00013104       0x74 ./framework/LED/Source/LED.o
                0x00013104                LED_StartSerialFlashWithPeriod
 .text.LED_StopSerialFlash
                0x00013178       0x44 ./framework/LED/Source/LED.o
                0x00013178                LED_StopSerialFlash
 .text.LED_DecrementBlip
                0x000131bc       0x8c ./framework/LED/Source/LED.o
 .text.LED_FlashTimeout
                0x00013248       0x74 ./framework/LED/Source/LED.o
 .text.KbGpioInit
                0x000132bc       0x58 ./framework/Keyboard/Source/Keyboard.o
 .text.KBD_KeySwitchPortGet
                0x00013314       0x7c ./framework/Keyboard/Source/Keyboard.o
 .text.KBD_KeyCheck
                0x00013390       0xa0 ./framework/Keyboard/Source/Keyboard.o
 .text.KeyScan  0x00013430      0x154 ./framework/Keyboard/Source/Keyboard.o
 .text.Switch_CheckIRQ
                0x00013584       0x50 ./framework/Keyboard/Source/Keyboard.o
 .text.KBD_Init
                0x000135d4       0xdc ./framework/Keyboard/Source/Keyboard.o
                0x000135d4                KBD_Init
 .text.Switch_Press_ISR
                0x000136b0       0x70 ./framework/Keyboard/Source/Keyboard.o
                0x000136b0                Switch_Press_ISR
 .text.NVIC_EnableIRQ
                0x00013720       0x2c ./framework/GPIO/GPIO_Adapter.o
 .text.NVIC_ClearPendingIRQ
                0x0001374c       0x30 ./framework/GPIO/GPIO_Adapter.o
 .text.NVIC_SetPriority
                0x0001377c       0xdc ./framework/GPIO/GPIO_Adapter.o
 .text.NVIC_GetPriority
                0x00013858       0x7c ./framework/GPIO/GPIO_Adapter.o
 .text.PORT_SetPinConfig
                0x000138d4       0x38 ./framework/GPIO/GPIO_Adapter.o
 .text.PORT_SetPinMux
                0x0001390c       0x40 ./framework/GPIO/GPIO_Adapter.o
 .text.PORT_SetPinInterruptConfig
                0x0001394c       0x40 ./framework/GPIO/GPIO_Adapter.o
 .text.GpioGetPinPCR
                0x0001398c       0x34 ./framework/GPIO/GPIO_Adapter.o
                0x0001398c                GpioGetPinPCR
 .text.GpioSetPinPCR_ISF_Preserved
                0x000139c0       0x40 ./framework/GPIO/GPIO_Adapter.o
                0x000139c0                GpioSetPinPCR_ISF_Preserved
 .text.GpioSetPinMux
                0x00013a00       0x44 ./framework/GPIO/GPIO_Adapter.o
                0x00013a00                GpioSetPinMux
 .text.GpioSetPinMux_ISF_Preserved
                0x00013a44       0x64 ./framework/GPIO/GPIO_Adapter.o
                0x00013a44                GpioSetPinMux_ISF_Preserved
 .text.GpioClearPinIntFlag
                0x00013aa8       0x34 ./framework/GPIO/GPIO_Adapter.o
                0x00013aa8                GpioClearPinIntFlag
 .text.GpioIsPinIntPending
                0x00013adc       0x38 ./framework/GPIO/GPIO_Adapter.o
                0x00013adc                GpioIsPinIntPending
 .text.GpioSetPinOutput
                0x00013b14       0x34 ./framework/GPIO/GPIO_Adapter.o
                0x00013b14                GpioSetPinOutput
 .text.GpioClearPinOutput
                0x00013b48       0x34 ./framework/GPIO/GPIO_Adapter.o
                0x00013b48                GpioClearPinOutput
 .text.GpioTogglePinOutput
                0x00013b7c       0x34 ./framework/GPIO/GPIO_Adapter.o
                0x00013b7c                GpioTogglePinOutput
 .text.GpioReadPinInput
                0x00013bb0       0x30 ./framework/GPIO/GPIO_Adapter.o
                0x00013bb0                GpioReadPinInput
 .text.GpioInputPinInit
                0x00013be0      0x104 ./framework/GPIO/GPIO_Adapter.o
                0x00013be0                GpioInputPinInit
 .text.GpioOutputPinInit
                0x00013ce4      0x100 ./framework/GPIO/GPIO_Adapter.o
                0x00013ce4                GpioOutputPinInit
 .text.GpioInstallIsr
                0x00013de4      0x2c4 ./framework/GPIO/GPIO_Adapter.o
                0x00013de4                GpioInstallIsr
 .text.Gpio_CommonIsr
                0x000140a8       0xb0 ./framework/GPIO/GPIO_Adapter.o
 .text.Gpio_InstallPortISR
                0x00014158       0x60 ./framework/GPIO/GPIO_Adapter.o
 .text.NV_Flash_WaitForCSEndAndDisableInterrupts
                0x000141b8       0x88 ./framework/Flash/Internal/Flash_Adapter.o
 .text.NV_FlashProgramAdaptation
                0x00014240       0x74 ./framework/Flash/Internal/Flash_Adapter.o
 .text.NV_ComputeCrcOverHWParameters
                0x000142b4       0xd0 ./framework/Flash/Internal/Flash_Adapter.o
 .text.NV_Init  0x00014384       0x50 ./framework/Flash/Internal/Flash_Adapter.o
                0x00014384                NV_Init
 .text.NV_Flash_ClearCriticalSection
                0x000143d4       0x78 ./framework/Flash/Internal/Flash_Adapter.o
                0x000143d4                NV_Flash_ClearCriticalSection
 .text.NV_FlashVerifyErase
                0x0001444c       0x38 ./framework/Flash/Internal/Flash_Adapter.o
                0x0001444c                NV_FlashVerifyErase
 .text.NV_FlashEraseSector
                0x00014484       0x34 ./framework/Flash/Internal/Flash_Adapter.o
                0x00014484                NV_FlashEraseSector
 .text.NV_ReadHWParameters
                0x000144b8       0x68 ./framework/Flash/Internal/Flash_Adapter.o
                0x000144b8                NV_ReadHWParameters
 .text.CLOCK_EnableClock
                0x00014520       0x34 ./framework/DCDC/Source/DCDC.o
 .text.ADC16_GetChannelConversionValue
                0x00014554       0x30 ./framework/DCDC/Source/DCDC.o
 .text.DCDC_MakeADCConversion
                0x00014584       0x44 ./framework/DCDC/Source/DCDC.o
 .text.DCDC_AdjustVbatDiv
                0x000145c8       0x68 ./framework/DCDC/Source/DCDC.o
 .text.DCDC_Get1P8VOutputTargetAndVBatInmV
                0x00014630       0xf4 ./framework/DCDC/Source/DCDC.o
 .text.DCDC_mVTo1P8OutputTargetBoost
                0x00014724      0x168 ./framework/DCDC/Source/DCDC.o
 .text.DCDC_mVTo1P8OutputTargetBuck
                0x0001488c       0xe4 ./framework/DCDC/Source/DCDC.o
 .text.DCDC_mVToMcuVOutputTargetBoost
                0x00014970       0x8c ./framework/DCDC/Source/DCDC.o
                0x00014970                DCDC_mVToMcuVOutputTargetBoost
 .text.DCDC_GetOutputTargetsBoost
                0x000149fc       0xcc ./framework/DCDC/Source/DCDC.o
 .text.DCDC_GetOutputTargetsBuck
                0x00014ac8       0x88 ./framework/DCDC/Source/DCDC.o
 .text.DCDC_VBatMonitorBoost
                0x00014b50      0x1b8 ./framework/DCDC/Source/DCDC.o
 .text.DCDC_VBatMonitorBuck
                0x00014d08      0x1bc ./framework/DCDC/Source/DCDC.o
 .text.DCDC_Init
                0x00014ec4      0x218 ./framework/DCDC/Source/DCDC.o
                0x00014ec4                DCDC_Init
 .text.DCDC_PrepareForPulsedMode
                0x000150dc       0x68 ./framework/DCDC/Source/DCDC.o
                0x000150dc                DCDC_PrepareForPulsedMode
 .text.DCDC_PrepareForContinuousMode
                0x00015144       0x6c ./framework/DCDC/Source/DCDC.o
                0x00015144                DCDC_PrepareForContinuousMode
 .text.CLOCK_EnableClock
                0x000151b0       0x34 ./drivers/fsl_adc16.o
 .text.ADC16_GetInstance
                0x000151e4       0x48 ./drivers/fsl_adc16.o
 .text.ADC16_Init
                0x0001522c      0x114 ./drivers/fsl_adc16.o
                0x0001522c                ADC16_Init
 .text.ADC16_SetChannelConfig
                0x00015340       0x6c ./drivers/fsl_adc16.o
                0x00015340                ADC16_SetChannelConfig
 .text.ADC16_GetChannelStatusFlags
                0x000153ac       0x40 ./drivers/fsl_adc16.o
                0x000153ac                ADC16_GetChannelStatusFlags
 .text.CLOCK_SetEr32kClock
                0x000153ec       0x34 ./drivers/fsl_clock.o
 .text.CLOCK_GetMcgExtClkFreq
                0x00015420       0x70 ./drivers/fsl_clock.o
 .text.CLOCK_GetFllExtRefClkFreq
                0x00015490       0xbc ./drivers/fsl_clock.o
 .text.CLOCK_GetInternalRefClkSelectFreq
                0x0001554c       0x40 ./drivers/fsl_clock.o
 .text.CLOCK_GetFllRefClkFreq
                0x0001558c       0x2c ./drivers/fsl_clock.o
 .text.CLOCK_GetOscRangeFromFreq
                0x000155b8       0x4c ./drivers/fsl_clock.o
 .text.CLOCK_GetOsc0ErClkFreq
                0x00015604       0x28 ./drivers/fsl_clock.o
                0x00015604                CLOCK_GetOsc0ErClkFreq
 .text.CLOCK_GetBusClkFreq
                0x0001562c       0x50 ./drivers/fsl_clock.o
                0x0001562c                CLOCK_GetBusClkFreq
 .text.CLOCK_SetSimConfig
                0x0001567c       0x2c ./drivers/fsl_clock.o
                0x0001567c                CLOCK_SetSimConfig
 .text.CLOCK_GetOutClkFreq
                0x000156a8       0x60 ./drivers/fsl_clock.o
                0x000156a8                CLOCK_GetOutClkFreq
 .text.CLOCK_GetFllFreq
                0x00015708       0x78 ./drivers/fsl_clock.o
                0x00015708                CLOCK_GetFllFreq
 .text.CLOCK_GetInternalRefClkFreq
                0x00015780       0x28 ./drivers/fsl_clock.o
                0x00015780                CLOCK_GetInternalRefClkFreq
 .text.CLOCK_SetExternalRefClkConfig
                0x000157a8       0x80 ./drivers/fsl_clock.o
                0x000157a8                CLOCK_SetExternalRefClkConfig
 .text.CLOCK_SetInternalRefClkConfig
                0x00015828      0x124 ./drivers/fsl_clock.o
                0x00015828                CLOCK_SetInternalRefClkConfig
 .text.CLOCK_InitOsc0
                0x0001594c       0x68 ./drivers/fsl_clock.o
                0x0001594c                CLOCK_InitOsc0
 .text.CLOCK_SetFeeMode
                0x000159b4      0x138 ./drivers/fsl_clock.o
                0x000159b4                CLOCK_SetFeeMode
 .text.__assertion_failed
                0x00015aec       0x1c ./drivers/fsl_common.o
                0x00015aec                __assertion_failed
 .text.InstallIRQHandler
                0x00015b08       0x98 ./drivers/fsl_common.o
                0x00015b08                InstallIRQHandler
 .text.DSPI_CommonIRQHandler
                0x00015ba0       0x40 ./drivers/fsl_dspi.o
 .text.SPI0_DriverIRQHandler
                0x00015be0       0x34 ./drivers/fsl_dspi.o
                0x00015be0                SPI0_DriverIRQHandler
 .text.SPI1_DriverIRQHandler
                0x00015c14       0x34 ./drivers/fsl_dspi.o
                0x00015c14                SPI1_DriverIRQHandler
 .text.FLASH_Init
                0x00015c48       0xe8 ./drivers/fsl_flash.o
                0x00015c48                FLASH_Init
 .text.FLASH_Erase
                0x00015d30       0xf4 ./drivers/fsl_flash.o
                0x00015d30                FLASH_Erase
 .text.FLASH_Program
                0x00015e24      0x100 ./drivers/fsl_flash.o
                0x00015e24                FLASH_Program
 .text.FLASH_VerifyErase
                0x00015f24      0x10c ./drivers/fsl_flash.o
                0x00015f24                FLASH_VerifyErase
 .text.copy_flash_run_command
                0x00016030       0x30 ./drivers/fsl_flash.o
 .text.flash_command_sequence
                0x00016060       0x78 ./drivers/fsl_flash.o
 .text.copy_flash_common_bit_operation
                0x000160d8       0x3c ./drivers/fsl_flash.o
 .text.mcm_flash_cache_clear
                0x00016114       0x2c ./drivers/fsl_flash.o
                0x00016114                mcm_flash_cache_clear
 .text.flash_check_user_key
                0x00016140       0x24 ./drivers/fsl_flash.o
 .text.GPIO_PinInit
                0x00016164       0x64 ./drivers/fsl_gpio.o
                0x00016164                GPIO_PinInit
 .text.I2C_TransferCommonIRQHandler
                0x000161c8       0x58 ./drivers/fsl_i2c.o
 .text.I2C0_DriverIRQHandler
                0x00016220       0x20 ./drivers/fsl_i2c.o
                0x00016220                I2C0_DriverIRQHandler
 .text.I2C1_DriverIRQHandler
                0x00016240       0x20 ./drivers/fsl_i2c.o
                0x00016240                I2C1_DriverIRQHandler
 .text.CLOCK_EnableClock
                0x00016260       0x34 ./drivers/fsl_lpuart.o
 .text.LPUART_GetInstance
                0x00016294       0x48 ./drivers/fsl_lpuart.o
                0x00016294                LPUART_GetInstance
 .text.LPUART_Init
                0x000162dc      0x284 ./drivers/fsl_lpuart.o
                0x000162dc                LPUART_Init
 .text.LPUART_GetDefaultConfig
                0x00016560       0x50 ./drivers/fsl_lpuart.o
                0x00016560                LPUART_GetDefaultConfig
 .text.LPUART_SetBaudRate
                0x000165b0      0x188 ./drivers/fsl_lpuart.o
                0x000165b0                LPUART_SetBaudRate
 .text.LPUART_GetEnabledInterrupts
                0x00016738       0x30 ./drivers/fsl_lpuart.o
                0x00016738                LPUART_GetEnabledInterrupts
 .text.LPUART_ClearStatusFlags
                0x00016768       0x88 ./drivers/fsl_lpuart.o
                0x00016768                LPUART_ClearStatusFlags
 .text.LPUART0_DriverIRQHandler
                0x000167f0       0x24 ./drivers/fsl_lpuart.o
                0x000167f0                LPUART0_DriverIRQHandler
 .text.CLOCK_EnableClock
                0x00016814       0x34 ./drivers/fsl_ltc.o
 .text.ltc_clear_all
                0x00016848       0x20 ./drivers/fsl_ltc.o
                0x00016848                ltc_clear_all
 .text.ltc_symmetric_alg_state
                0x00016868       0x74 ./drivers/fsl_ltc.o
 .text.LTC_Init
                0x000168dc       0x1c ./drivers/fsl_ltc.o
                0x000168dc                LTC_Init
 .text.ltc_aes_ccm_process_aad
                0x000168f8      0x1b4 ./drivers/fsl_ltc.o
 .text.ltc_aes_ccm_process
                0x00016aac      0x160 ./drivers/fsl_ltc.o
 .text.CLOCK_EnableClock
                0x00016c0c       0x34 ./drivers/fsl_tpm.o
 .text.TPM_GetInstance
                0x00016c40       0x54 ./drivers/fsl_tpm.o
 .text.TPM_Init
                0x00016c94       0xec ./drivers/fsl_tpm.o
                0x00016c94                TPM_Init
 .text.TPM_SetupOutputCompare
                0x00016d80      0x130 ./drivers/fsl_tpm.o
                0x00016d80                TPM_SetupOutputCompare
 .text.CLOCK_EnableClock
                0x00016eb0       0x34 ./drivers/fsl_trng.o
 .text.trng_GetInstance
                0x00016ee4       0x48 ./drivers/fsl_trng.o
 .text.TRNG_GetDefaultConfig
                0x00016f2c       0xe0 ./drivers/fsl_trng.o
                0x00016f2c                TRNG_GetDefaultConfig
 .text.trng_SetRetryCount
                0x0001700c       0x50 ./drivers/fsl_trng.o
 .text.trng_SetStatisticalCheckLimit
                0x0001705c      0x320 ./drivers/fsl_trng.o
 .text.trng_ApplyUserConfig
                0x0001737c      0x1c4 ./drivers/fsl_trng.o
 .text.TRNG_Init
                0x00017540       0xb8 ./drivers/fsl_trng.o
                0x00017540                TRNG_Init
 .text.CLOCK_EnableClock
                0x000175f8       0x34 ./board/board.o
 .text.hardware_init
                0x0001762c      0x160 ./board/board.o
                0x0001762c                hardware_init
 .text.NMI_Handler
                0x0001778c       0x20 ./board/board.o
                0x0001778c                NMI_Handler
 .text.BOARD_DCDCInit
                0x000177ac       0x18 ./board/board.o
                0x000177ac                BOARD_DCDCInit
 .text.BOARD_InstallLowPowerCallbacks
                0x000177c4       0x24 ./board/board.o
                0x000177c4                BOARD_InstallLowPowerCallbacks
 .text.BOARD_SetPinsLowPower
                0x000177e8       0xb8 ./board/board.o
                0x000177e8                BOARD_SetPinsLowPower
 .text.BOARD_EnterLowPowerCb
                0x000178a0       0x2c ./board/board.o
                0x000178a0                BOARD_EnterLowPowerCb
 .text.BOARD_GetLpuartClock
                0x000178cc       0x68 ./board/board.o
                0x000178cc                BOARD_GetLpuartClock
 .text.BOARD_GetTpmClock
                0x00017934       0x68 ./board/board.o
                0x00017934                BOARD_GetTpmClock
 .text.CLOCK_EnableClock
                0x0001799c       0x34 ./board/clock_config.o
 .text.CLOCK_DisableClock
                0x000179d0       0x38 ./board/clock_config.o
 .text.CLOCK_SetLpuartClock
                0x00017a08       0x38 ./board/clock_config.o
 .text.CLOCK_SetTpmClock
                0x00017a40       0x38 ./board/clock_config.o
 .text.CLOCK_SetSimSafeDivs
                0x00017a78       0x1c ./board/clock_config.o
 .text.CLOCK_SetXtal0Freq
                0x00017a94       0x1c ./board/clock_config.o
 .text.CLOCK_SetXtal32Freq
                0x00017ab0       0x1c ./board/clock_config.o
 .text.RTC_SetOscCapLoad
                0x00017acc       0x34 ./board/clock_config.o
 .text.CLOCK_CONFIG_FllStableDelay
                0x00017b00       0x28 ./board/clock_config.o
 .text.CLOCK_CONFIG_SetRtcClock
                0x00017b28       0x4c ./board/clock_config.o
 .text.CLOCK_CONFIG_EnableRtcOsc
                0x00017b74       0x50 ./board/clock_config.o
 .text.BOARD_RfOscInit
                0x00017bc4       0xc8 ./board/clock_config.o
                0x00017bc4                BOARD_RfOscInit
 .text.BOARD_InitOsc0
                0x00017c8c       0x30 ./board/clock_config.o
                0x00017c8c                BOARD_InitOsc0
 .text.BOARD_BootClockRUN
                0x00017cbc       0x6c ./board/clock_config.o
                0x00017cbc                BOARD_BootClockRUN
 .text.CLOCK_EnableClock
                0x00017d28       0x34 ./board/pin_mux.o
 .text.PORT_SetPinMux
                0x00017d5c       0x40 ./board/pin_mux.o
 .text.BOARD_InitButtons
                0x00017d9c       0x34 ./board/pin_mux.o
                0x00017d9c                BOARD_InitButtons
 .text.BOARD_InitLEDs
                0x00017dd0       0x78 ./board/pin_mux.o
                0x00017dd0                BOARD_InitLEDs
 .text.BOARD_InitLPUART
                0x00017e48       0x4c ./board/pin_mux.o
                0x00017e48                BOARD_InitLPUART
 .text.SystemInit
                0x00017e94       0x18 ./CMSIS/system_MKW41Z4.o
                0x00017e94                SystemInit
 .text.roundf   0x00017eac       0x48 S:/MCU/MCUXpressoIDE_11.10.0_3148/ide/plugins/com.nxp.mcuxpresso.tools.win32_11.10.0.202311280810/tools/bin/../lib/gcc/arm-none-eabi/13.2.1/thumb/v6-m/nofp\libm.a(libm_a-sf_round.o)
                0x00017eac                roundf
 .text.exit     0x00017ef4       0x20 S:/MCU/MCUXpressoIDE_11.10.0_3148/ide/plugins/com.nxp.mcuxpresso.tools.win32_11.10.0.202311280810/tools/bin/../lib/gcc/arm-none-eabi/13.2.1/thumb/v6-m/nofp\libc.a(libc_a-exit.o)
                0x00017ef4                exit
 .text.memset   0x00017f14       0xa8 S:/MCU/MCUXpressoIDE_11.10.0_3148/ide/plugins/com.nxp.mcuxpresso.tools.win32_11.10.0.202311280810/tools/bin/../lib/gcc/arm-none-eabi/13.2.1/thumb/v6-m/nofp\libc.a(libc_a-memset.o)
                0x00017f14                memset
 .text.__libc_init_array
                0x00017fbc       0x48 S:/MCU/MCUXpressoIDE_11.10.0_3148/ide/plugins/com.nxp.mcuxpresso.tools.win32_11.10.0.202311280810/tools/bin/../lib/gcc/arm-none-eabi/13.2.1/thumb/v6-m/nofp\libc.a(libc_a-init.o)
                0x00017fbc                __libc_init_array
 .text.__retarget_lock_acquire_recursive
                0x00018004        0x4 S:/MCU/MCUXpressoIDE_11.10.0_3148/ide/plugins/com.nxp.mcuxpresso.tools.win32_11.10.0.202311280810/tools/bin/../lib/gcc/arm-none-eabi/13.2.1/thumb/v6-m/nofp\libc.a(libc_a-lock.o)
                0x00018004                __retarget_lock_acquire_recursive
 .text.__retarget_lock_release_recursive
                0x00018008        0x4 S:/MCU/MCUXpressoIDE_11.10.0_3148/ide/plugins/com.nxp.mcuxpresso.tools.win32_11.10.0.202311280810/tools/bin/../lib/gcc/arm-none-eabi/13.2.1/thumb/v6-m/nofp\libc.a(libc_a-lock.o)
                0x00018008                __retarget_lock_release_recursive
 .text.memcpy   0x0001800c       0x8c S:/MCU/MCUXpressoIDE_11.10.0_3148/ide/plugins/com.nxp.mcuxpresso.tools.win32_11.10.0.202311280810/tools/bin/../lib/gcc/arm-none-eabi/13.2.1/thumb/v6-m/nofp\libc.a(libc_a-memcpy-stub.o)
                0x0001800c                memcpy
 .text.strlen   0x00018098       0x5c S:/MCU/MCUXpressoIDE_11.10.0_3148/ide/plugins/com.nxp.mcuxpresso.tools.win32_11.10.0.202311280810/tools/bin/../lib/gcc/arm-none-eabi/13.2.1/thumb/v6-m/nofp\libc.a(libc_a-strlen-stub.o)
                0x00018098                strlen
 .text.startup.register_fini
                0x000180f4       0x18 S:/MCU/MCUXpressoIDE_11.10.0_3148/ide/plugins/com.nxp.mcuxpresso.tools.win32_11.10.0.202311280810/tools/bin/../lib/gcc/arm-none-eabi/13.2.1/thumb/v6-m/nofp\libc.a(libc_a-__call_atexit.o)
 .text.__call_exitprocs
                0x0001810c       0xe8 S:/MCU/MCUXpressoIDE_11.10.0_3148/ide/plugins/com.nxp.mcuxpresso.tools.win32_11.10.0.202311280810/tools/bin/../lib/gcc/arm-none-eabi/13.2.1/thumb/v6-m/nofp\libc.a(libc_a-__call_atexit.o)
                0x0001810c                __call_exitprocs
 .text.atexit   0x000181f4       0x10 S:/MCU/MCUXpressoIDE_11.10.0_3148/ide/plugins/com.nxp.mcuxpresso.tools.win32_11.10.0.202311280810/tools/bin/../lib/gcc/arm-none-eabi/13.2.1/thumb/v6-m/nofp\libc.a(libc_a-atexit.o)
                0x000181f4                atexit
 .text.__libc_fini_array
                0x00018204       0x28 S:/MCU/MCUXpressoIDE_11.10.0_3148/ide/plugins/com.nxp.mcuxpresso.tools.win32_11.10.0.202311280810/tools/bin/../lib/gcc/arm-none-eabi/13.2.1/thumb/v6-m/nofp\libc.a(libc_a-fini.o)
                0x00018204                __libc_fini_array
 .text.__register_exitproc
                0x0001822c       0xa8 S:/MCU/MCUXpressoIDE_11.10.0_3148/ide/plugins/com.nxp.mcuxpresso.tools.win32_11.10.0.202311280810/tools/bin/../lib/gcc/arm-none-eabi/13.2.1/thumb/v6-m/nofp\libc.a(libc_a-__atexit.o)
                0x0001822c                __register_exitproc
 .text.__muldi3
                0x000182d4       0x5c S:/MCU/MCUXpressoIDE_11.10.0_3148/ide/plugins/com.nxp.mcuxpresso.tools.win32_11.10.0.202311280810/tools/bin/../lib/gcc/arm-none-eabi/13.2.1/thumb/v6-m/nofp\libgcc.a(_muldi3.o)
                0x000182d4                __muldi3
                0x000182d4                __aeabi_lmul
 .text.__fixunssfsi
                0x00018330       0x30 S:/MCU/MCUXpressoIDE_11.10.0_3148/ide/plugins/com.nxp.mcuxpresso.tools.win32_11.10.0.202311280810/tools/bin/../lib/gcc/arm-none-eabi/13.2.1/thumb/v6-m/nofp\libgcc.a(_fixunssfsi.o)
                0x00018330                __fixunssfsi
                0x00018330                __aeabi_f2uiz
 .text.__udivmoddi4
                0x00018360      0x198 S:/MCU/MCUXpressoIDE_11.10.0_3148/ide/plugins/com.nxp.mcuxpresso.tools.win32_11.10.0.202311280810/tools/bin/../lib/gcc/arm-none-eabi/13.2.1/thumb/v6-m/nofp\libgcc.a(_udivmoddi4.o)
                0x00018360                __udivmoddi4
 .text.__aeabi_fadd
                0x000184f8      0x340 S:/MCU/MCUXpressoIDE_11.10.0_3148/ide/plugins/com.nxp.mcuxpresso.tools.win32_11.10.0.202311280810/tools/bin/../lib/gcc/arm-none-eabi/13.2.1/thumb/v6-m/nofp\libgcc.a(addsf3.o)
                0x000184f8                __aeabi_fadd
 .text.__aeabi_fdiv