Archive member included to satisfy reference by file (symbol)

c:/nxp/mcuxpressoide_11.6.0_8187/ide/plugins/com.nxp.mcuxpresso.tools.win32_11.6.0.202112161359/tools/bin/../lib/gcc/arm-none-eabi/10.3.1/../../../../arm-none-eabi/lib/thumb/v6-m/nofp\libm.a(lib_a-s_round.o)
                              ./framework/XCVR/MKW41Z4/fsl_xcvr.o (round)
c:/nxp/mcuxpressoide_11.6.0_8187/ide/plugins/com.nxp.mcuxpresso.tools.win32_11.6.0.202112161359/tools/bin/../lib/gcc/arm-none-eabi/10.3.1/../../../../arm-none-eabi/lib/thumb/v6-m/nofp\libm.a(lib_a-s_trunc.o)
                              ./framework/XCVR/MKW41Z4/fsl_xcvr.o (trunc)
c:/nxp/mcuxpressoide_11.6.0_8187/ide/plugins/com.nxp.mcuxpresso.tools.win32_11.6.0.202112161359/tools/bin/../lib/gcc/arm-none-eabi/10.3.1/../../../../arm-none-eabi/lib/thumb/v6-m/nofp\libm.a(lib_a-sf_round.o)
                              ./framework/XCVR/MKW41Z4/fsl_xcvr_trim.o (roundf)
c:/nxp/mcuxpressoide_11.6.0_8187/ide/plugins/com.nxp.mcuxpresso.tools.win32_11.6.0.202112161359/tools/bin/../lib/gcc/arm-none-eabi/10.3.1/../../../../arm-none-eabi/lib/thumb/v6-m/nofp\libc.a(lib_a-exit.o)
                              c:/nxp/mcuxpressoide_11.6.0_8187/ide/plugins/com.nxp.mcuxpresso.tools.win32_11.6.0.202112161359/tools/bin/../lib/gcc/arm-none-eabi/10.3.1/../../../../arm-none-eabi/lib/thumb/v6-m/nofp/crt0.o (exit)
c:/nxp/mcuxpressoide_11.6.0_8187/ide/plugins/com.nxp.mcuxpresso.tools.win32_11.6.0.202112161359/tools/bin/../lib/gcc/arm-none-eabi/10.3.1/../../../../arm-none-eabi/lib/thumb/v6-m/nofp\libc.a(lib_a-impure.o)
                              c:/nxp/mcuxpressoide_11.6.0_8187/ide/plugins/com.nxp.mcuxpresso.tools.win32_11.6.0.202112161359/tools/bin/../lib/gcc/arm-none-eabi/10.3.1/../../../../arm-none-eabi/lib/thumb/v6-m/nofp\libc.a(lib_a-exit.o) (_global_impure_ptr)
c:/nxp/mcuxpressoide_11.6.0_8187/ide/plugins/com.nxp.mcuxpresso.tools.win32_11.6.0.202112161359/tools/bin/../lib/gcc/arm-none-eabi/10.3.1/../../../../arm-none-eabi/lib/thumb/v6-m/nofp\libc.a(lib_a-init.o)
                              c:/nxp/mcuxpressoide_11.6.0_8187/ide/plugins/com.nxp.mcuxpresso.tools.win32_11.6.0.202112161359/tools/bin/../lib/gcc/arm-none-eabi/10.3.1/../../../../arm-none-eabi/lib/thumb/v6-m/nofp/crt0.o (__libc_init_array)
c:/nxp/mcuxpressoide_11.6.0_8187/ide/plugins/com.nxp.mcuxpresso.tools.win32_11.6.0.202112161359/tools/bin/../lib/gcc/arm-none-eabi/10.3.1/../../../../arm-none-eabi/lib/thumb/v6-m/nofp\libc.a(lib_a-memcpy-stub.o)
                              ./ieee_802.15.4/phy/source/MKW41Z/PhyTime.o (memcpy)
c:/nxp/mcuxpressoide_11.6.0_8187/ide/plugins/com.nxp.mcuxpresso.tools.win32_11.6.0.202112161359/tools/bin/../lib/gcc/arm-none-eabi/10.3.1/../../../../arm-none-eabi/lib/thumb/v6-m/nofp\libc.a(lib_a-memset.o)
                              c:/nxp/mcuxpressoide_11.6.0_8187/ide/plugins/com.nxp.mcuxpresso.tools.win32_11.6.0.202112161359/tools/bin/../lib/gcc/arm-none-eabi/10.3.1/../../../../arm-none-eabi/lib/thumb/v6-m/nofp/crt0.o (memset)
c:/nxp/mcuxpressoide_11.6.0_8187/ide/plugins/com.nxp.mcuxpresso.tools.win32_11.6.0.202112161359/tools/bin/../lib/gcc/arm-none-eabi/10.3.1/../../../../arm-none-eabi/lib/thumb/v6-m/nofp\libc.a(lib_a-strlen-stub.o)
                              ./utilities/fsl_debug_console.o (strlen)
c:/nxp/mcuxpressoide_11.6.0_8187/ide/plugins/com.nxp.mcuxpresso.tools.win32_11.6.0.202112161359/tools/bin/../lib/gcc/arm-none-eabi/10.3.1/../../../../arm-none-eabi/lib/thumb/v6-m/nofp\libc.a(lib_a-__call_atexit.o)
                              c:/nxp/mcuxpressoide_11.6.0_8187/ide/plugins/com.nxp.mcuxpresso.tools.win32_11.6.0.202112161359/tools/bin/../lib/gcc/arm-none-eabi/10.3.1/../../../../arm-none-eabi/lib/thumb/v6-m/nofp\libc.a(lib_a-exit.o) (__call_exitprocs)
c:/nxp/mcuxpressoide_11.6.0_8187/ide/plugins/com.nxp.mcuxpresso.tools.win32_11.6.0.202112161359/tools/bin/../lib/gcc/arm-none-eabi/10.3.1/../../../../arm-none-eabi/lib/thumb/v6-m/nofp\libc.a(lib_a-atexit.o)
                              c:/nxp/mcuxpressoide_11.6.0_8187/ide/plugins/com.nxp.mcuxpresso.tools.win32_11.6.0.202112161359/tools/bin/../lib/gcc/arm-none-eabi/10.3.1/../../../../arm-none-eabi/lib/thumb/v6-m/nofp\libc.a(lib_a-__call_atexit.o) (atexit)
c:/nxp/mcuxpressoide_11.6.0_8187/ide/plugins/com.nxp.mcuxpresso.tools.win32_11.6.0.202112161359/tools/bin/../lib/gcc/arm-none-eabi/10.3.1/../../../../arm-none-eabi/lib/thumb/v6-m/nofp\libc.a(lib_a-fini.o)
                              c:/nxp/mcuxpressoide_11.6.0_8187/ide/plugins/com.nxp.mcuxpresso.tools.win32_11.6.0.202112161359/tools/bin/../lib/gcc/arm-none-eabi/10.3.1/../../../../arm-none-eabi/lib/thumb/v6-m/nofp\libc.a(lib_a-__call_atexit.o) (__libc_fini_array)
c:/nxp/mcuxpressoide_11.6.0_8187/ide/plugins/com.nxp.mcuxpresso.tools.win32_11.6.0.202112161359/tools/bin/../lib/gcc/arm-none-eabi/10.3.1/../../../../arm-none-eabi/lib/thumb/v6-m/nofp\libc.a(lib_a-lock.o)
[...]
Memory Configuration

Name             Origin             Length             Attributes
TEXT_region1     0x00000000         0x00000400         xr
m_flash_config_region 0x00000400         0x00000010         xr
TEXT_region2     0x00000411         0x0007d3ee         xr
NVM_region       0x0007d800         0x00001fff         rw
DATA1_region     0x1fff8000         0x00008000         rw
DATA2_region     0x20000000         0x00018000         rw
PRODUCT_INFO_region 0x0007f800         0x000007ff         xr
*default*        0x00000000         0xffffffff

Linker script and memory map

LOAD c:/nxp/mcuxpressoide_11.6.0_8187/ide/plugins/com.nxp.mcuxpresso.tools.win32_11.6.0.202112161359/tools/bin/../lib/gcc/arm-none-eabi/10.3.1/thumb/v6-m/nofp/crti.o
LOAD c:/nxp/mcuxpressoide_11.6.0_8187/ide/plugins/com.nxp.mcuxpresso.tools.win32_11.6.0.202112161359/tools/bin/../lib/gcc/arm-none-eabi/10.3.1/thumb/v6-m/nofp/crtbegin.o
LOAD c:/nxp/mcuxpressoide_11.6.0_8187/ide/plugins/com.nxp.mcuxpresso.tools.win32_11.6.0.202112161359/tools/bin/../lib/gcc/arm-none-eabi/10.3.1/../../../../arm-none-eabi/lib/thumb/v6-m/nofp/crt0.o
LOAD ./utilities/fsl_debug_console.o
LOAD ./startup/startup_MKW41Z4.o
LOAD ./source/MyNewTask.o
LOAD ./source/mtb.o
LOAD ./source/mwa_coordinator.o
LOAD ./source/semihost_hardfault.o
LOAD ./ieee_802.15.4/phy/source/MKW41Z/ASP.o
LOAD ./ieee_802.15.4/phy/source/MKW41Z/MPM.o
LOAD ./ieee_802.15.4/phy/source/MKW41Z/PhyISR.o
LOAD ./ieee_802.15.4/phy/source/MKW41Z/PhyPacketProcessor.o
LOAD ./ieee_802.15.4/phy/source/MKW41Z/PhyPlmeData.o
LOAD ./ieee_802.15.4/phy/source/MKW41Z/PhyStateMachine.o
LOAD ./ieee_802.15.4/phy/source/MKW41Z/PhyTime.o
LOAD ./ieee_802.15.4/mac/source/App/FsciAspCommands.o
LOAD ./ieee_802.15.4/mac/source/App/FsciMacCommands.o
LOAD ./ieee_802.15.4/mac/source/App/MacGlobals.o
LOAD ./freertos/croutine.o
LOAD ./freertos/event_groups.o
LOAD ./freertos/fsl_tickless_lptmr.o
LOAD ./freertos/fsl_tickless_systick.o
LOAD ./freertos/heap_4.o
LOAD ./freertos/list.o
LOAD ./freertos/port.o
LOAD ./freertos/queue.o
LOAD ./freertos/tasks.o
LOAD ./freertos/timers.o
LOAD ./framework/XCVR/MKW41Z4/cfgs_kw4x_3x_2x/fsl_xcvr_ant_config.o
LOAD ./framework/XCVR/MKW41Z4/cfgs_kw4x_3x_2x/fsl_xcvr_ble_config.o
LOAD ./framework/XCVR/MKW41Z4/cfgs_kw4x_3x_2x/fsl_xcvr_common_config.o
LOAD ./framework/XCVR/MKW41Z4/cfgs_kw4x_3x_2x/fsl_xcvr_gfsk_bt_0p3_h_0p5_config.o
LOAD ./framework/XCVR/MKW41Z4/cfgs_kw4x_3x_2x/fsl_xcvr_gfsk_bt_0p5_h_0p32_config.o
LOAD ./framework/XCVR/MKW41Z4/cfgs_kw4x_3x_2x/fsl_xcvr_gfsk_bt_0p5_h_0p5_config.o
LOAD ./framework/XCVR/MKW41Z4/cfgs_kw4x_3x_2x/fsl_xcvr_gfsk_bt_0p5_h_0p7_config.o
LOAD ./framework/XCVR/MKW41Z4/cfgs_kw4x_3x_2x/fsl_xcvr_gfsk_bt_0p5_h_1p0_config.o
LOAD ./framework/XCVR/MKW41Z4/cfgs_kw4x_3x_2x/fsl_xcvr_gfsk_bt_0p7_h_0p5_config.o
LOAD ./framework/XCVR/MKW41Z4/cfgs_kw4x_3x_2x/fsl_xcvr_mode_datarate_config.o
LOAD ./framework/XCVR/MKW41Z4/cfgs_kw4x_3x_2x/fsl_xcvr_msk_config.o
LOAD ./framework/XCVR/MKW41Z4/cfgs_kw4x_3x_2x/fsl_xcvr_zgbe_config.o
LOAD ./framework/XCVR/MKW41Z4/dbg_ram_capture.o
LOAD ./framework/XCVR/MKW41Z4/fsl_xcvr.o
LOAD ./framework/XCVR/MKW41Z4/fsl_xcvr_trim.o
LOAD ./framework/XCVR/MKW41Z4/ifr_radio.o
LOAD ./framework/TimersManager/Source/TMR_Adapter.o
LOAD ./framework/TimersManager/Source/TimersManager.o
LOAD ./framework/SerialManager/Source/UART_Adapter/UART_Adapter.o
LOAD ./framework/SerialManager/Source/SPI_Adapter/SPI_Adapter.o
LOAD ./framework/SerialManager/Source/I2C_Adapter/I2C_Adapter.o
LOAD ./framework/SerialManager/Source/SerialManager.o
LOAD ./framework/SecLib/SecLib.o
LOAD ./framework/Reset/Reset.o
LOAD ./framework/RNG/Source/RNG.o
LOAD ./framework/Panic/Source/Panic.o
LOAD ./framework/OSAbstraction/Source/fsl_os_abstraction_free_rtos.o
LOAD ./framework/ModuleInfo/ModuleInfo.o
LOAD ./framework/Messaging/Source/Messaging.o
LOAD ./framework/MemManager/Source/MemManager.o
LOAD ./framework/MWSCoexistence/Source/MWS.o
LOAD ./framework/Lists/GenericList.o
LOAD ./framework/LED/Source/LED.o
LOAD ./framework/Keyboard/Source/Keyboard.o
LOAD ./framework/GPIO/GPIO_Adapter.o
LOAD ./framework/FunctionLib/FunctionLib.o
LOAD ./framework/Flash/Internal/Flash_Adapter.o
LOAD ./framework/DCDC/Source/DCDC.o
LOAD ./drivers/fsl_adc16.o
LOAD ./drivers/fsl_clock.o
LOAD ./drivers/fsl_common.o
LOAD ./drivers/fsl_dspi.o
LOAD ./drivers/fsl_dspi_freertos.o
LOAD ./drivers/fsl_flash.o
LOAD ./drivers/fsl_gpio.o
LOAD ./drivers/fsl_i2c.o
LOAD ./drivers/fsl_i2c_freertos.o
LOAD ./drivers/fsl_llwu.o
LOAD ./drivers/fsl_lptmr.o
LOAD ./drivers/fsl_lpuart.o
LOAD ./drivers/fsl_lpuart_freertos.o
LOAD ./drivers/fsl_ltc.o
LOAD ./drivers/fsl_pmc.o
LOAD ./drivers/fsl_rtc.o
LOAD ./drivers/fsl_smc.o
LOAD ./drivers/fsl_tpm.o
LOAD ./drivers/fsl_trng.o
LOAD ./drivers/fsl_tsi_v4.o
LOAD ./board/board.o
LOAD ./board/clock_config.o
LOAD ./board/gpio_pins.o
LOAD ./board/pin_mux.o
LOAD ./CMSIS/system_MKW41Z4.o
LOAD c:/nxp/mcuxpressoide_11.6.0_8187/ide/plugins/com.nxp.mcuxpresso.tools.win32_11.6.0.202112161359/tools/bin/../lib/gcc/arm-none-eabi/10.3.1/../../../../arm-none-eabi/lib/thumb/v6-m/nofp\libm.a
LOAD c:/nxp/mcuxpressoide_11.6.0_8187/ide/plugins/com.nxp.mcuxpresso.tools.win32_11.6.0.202112161359/tools/bin/../lib/gcc/arm-none-eabi/10.3.1/../../../../arm-none-eabi/lib/thumb/v6-m/nofp\libc.a
LOAD c:/nxp/mcuxpressoide_11.6.0_8187/ide/plugins/com.nxp.mcuxpresso.tools.win32_11.6.0.202112161359/tools/bin/../lib/gcc/arm-none-eabi/10.3.1/thumb/v6-m/nofp\libgcc.a
LOAD c:/nxp/mcuxpressoide_11.6.0_8187/ide/plugins/com.nxp.mcuxpresso.tools.win32_11.6.0.202112161359/tools/bin/../lib/gcc/arm-none-eabi/10.3.1/../../../../arm-none-eabi/lib/thumb/v6-m/nofp\libnosys.a
LOAD C:\Users\adrgm\Documents\MCUXpressoIDE_11.6.0_8187\workspace\Wireless\frdmkw41z_wireless_examples_ieee_802_15_4_mwa_coordinator_freertos\libs\lib_crypto_m0.a
LOAD C:\Users\adrgm\Documents\MCUXpressoIDE_11.6.0_8187\workspace\Wireless\frdmkw41z_wireless_examples_ieee_802_15_4_mwa_coordinator_freertos\libs\lib802.15.4_mac_06_cm0.a
START GROUP
LOAD c:/nxp/mcuxpressoide_11.6.0_8187/ide/plugins/com.nxp.mcuxpresso.tools.win32_11.6.0.202112161359/tools/bin/../lib/gcc/arm-none-eabi/10.3.1/thumb/v6-m/nofp\libgcc.a
LOAD c:/nxp/mcuxpressoide_11.6.0_8187/ide/plugins/com.nxp.mcuxpresso.tools.win32_11.6.0.202112161359/tools/bin/../lib/gcc/arm-none-eabi/10.3.1/../../../../arm-none-eabi/lib/thumb/v6-m/nofp\libc.a
END GROUP
LOAD c:/nxp/mcuxpressoide_11.6.0_8187/ide/plugins/com.nxp.mcuxpresso.tools.win32_11.6.0.202112161359/tools/bin/../lib/gcc/arm-none-eabi/10.3.1/thumb/v6-m/nofp/crtend.o
LOAD c:/nxp/mcuxpressoide_11.6.0_8187/ide/plugins/com.nxp.mcuxpresso.tools.win32_11.6.0.202112161359/tools/bin/../lib/gcc/arm-none-eabi/10.3.1/thumb/v6-m/nofp/crtn.o
                0x00000001                gUseNVMLink_d = DEFINED (gUseNVMLink_d)?gUseNVMLink_d:0x1
                0x00000004                gNVMSectorCountLink_d = DEFINED (gNVMSectorCountLink_d)?gNVMSectorCountLink_d:0x4
                0x00000001                __ram_vector_table__ = DEFINED (__ram_vector_table__)?__ram_vector_table__:0x1
                0x00000000                __region_ROM_start__ = 0x0
                0x0007ffff                __region_ROM_end__ = 0x7ffff
                0x1fff8000                __region_RAM1_start__ = 0x1fff8000
                0x1fffffff                __region_RAM1_end__ = 0x1fffffff
                0x20000000                __region_RAM2_start__ = 0x20000000
                0x20017fff                __region_RAM2_end__ = 0x20017fff
                0x000000c0                __vector_table_size__ = 0xc0
                0x000000c0                __ram_vector_table_size__ = DEFINED (__ram_vector_table__)?__vector_table_size__:0x0
                0x1fff8000                _RAM_START_ = __region_RAM1_start__
                0x20017fff                _RAM_END_ = __region_RAM2_end__
                0x00000000                m_interrupts_start = __region_ROM_start__
                0x000000bf                m_interrupts_end = ((m_interrupts_start + __vector_table_size__) - 0x1)
                0x00000400                m_flash_config_start = 0x400
                0x00000410                m_flash_config_end = 0x410
                0x00000800                m_sector_size = 0x800
                0x00000200                __size_cstack__ = DEFINED (__stack_size__)?__stack_size__:0x200
                0x00000000                __size_heap__ = DEFINED (__heap_size__)?__heap_size__:0x0
                0x0007f800                m_fsl_prodInfo_start = ((__region_ROM_end__ - m_sector_size) + 0x1)
                0x0007ffff                m_fsl_prodInfo_end = __region_ROM_end__
                0x0007f800                FREESCALE_PROD_DATA_BASE_ADDR = m_fsl_prodInfo_start
                0x00000800                NV_STORAGE_SECTOR_SIZE = m_sector_size
                0x00000004                NV_STORAGE_MAX_SECTORS = gNVMSectorCountLink_d
                0x0007f7ff                NV_STORAGE_START_ADDRESS = (m_fsl_prodInfo_start - 0x1)
                0x0007d800                NV_STORAGE_END_ADDRESS = ((NV_STORAGE_START_ADDRESS - (NV_STORAGE_MAX_SECTORS * NV_STORAGE_SECTOR_SIZE)) + 0x1)
                0x00000800                NV_STORAGE_SECTOR_SIZE_C = m_sector_size
                0x00000004                NV_STORAGE_MAX_SECTORS_C = gNVMSectorCountLink_d
                0x0007f7ff                NV_STORAGE_START_ADDRESS_C = (m_fsl_prodInfo_start - 0x1)
                0x0007d800                NV_STORAGE_END_ADDRESS_C = ((NV_STORAGE_START_ADDRESS_C - (NV_STORAGE_MAX_SECTORS_C * NV_STORAGE_SECTOR_SIZE_C)) + 0x1)
                0x00000000                m_text_start = m_interrupts_start
                0x0007d7ff                m_text_end = (NV_STORAGE_END_ADDRESS_C - 0x1)
                0x20000000                m_interrupts_ram_start = __region_RAM2_start__
                0x200000bf                m_interrupts_ram_end = ((m_interrupts_ram_start + __ram_vector_table_size__) - 0x1)
                0x20017fff                __CSTACK_end__ = __region_RAM2_end__
                0x20017dff                __CSTACK_start__ = (__CSTACK_end__ - __size_cstack__)
                0x20017dfe                __HEAP_end__ = (__CSTACK_start__ - 0x1)
                0x20017dfa                __HEAP_start__ = ((__HEAP_end__ - __size_heap__) - 0x4)
                0x1fff8000                m_data1_start = __region_RAM1_start__
                0x1fffffff                m_data1_end = __region_RAM1_end__
                0x20000000                m_data2_start = m_interrupts_ram_start
                0x20017df9                m_data2_end = (__HEAP_start__ - 0x1)
                0x000000c0                __RAM_VECTOR_TABLE_SIZE = __ram_vector_table_size__
                0x20017dea                __BOOT_STACK_ADDRESS = (m_data2_end - 0xf)

.interrupts     0x00000000       0xc0
                0x00000000                __VECTOR_TABLE = .
                0x00000000                . = ALIGN (0x4)
 *(SORT_BY_ALIGNMENT(.isr_vector))
 .isr_vector    0x00000000       0xc0 ./startup/startup_MKW41Z4.o
                0x00000000                __isr_vector
                0x000000c0                . = ALIGN (0x4)

.freescale_prod_data
                0x0007f800        0x0
                0x0007f800                . = ALIGN (0x4)
 *(SORT_BY_ALIGNMENT(.FREESCALE_PROD_DATA))
                0x0007f800                . = ALIGN (0x4)

.flash_config   0x00000400       0x10
                0x00000400                . = ALIGN (0x4)
 *(SORT_BY_ALIGNMENT(.FlashConfig))
 .FlashConfig   0x00000400       0x10 ./startup/startup_MKW41Z4.o
                0x00000410                . = ALIGN (0x4)

.text           0x00000420    0x1a344
                0x00000420                . = ALIGN (0x4)
 *(SORT_BY_ALIGNMENT(.text))
 .text          0x00000420       0x48 c:/nxp/mcuxpressoide_11.6.0_8187/ide/plugins/com.nxp.mcuxpresso.tools.win32_11.6.0.202112161359/tools/bin/../lib/gcc/arm-none-eabi/10.3.1/thumb/v6-m/nofp/crtbegin.o
 .text          0x00000468       0x80 c:/nxp/mcuxpressoide_11.6.0_8187/ide/plugins/com.nxp.mcuxpresso.tools.win32_11.6.0.202112161359/tools/bin/../lib/gcc/arm-none-eabi/10.3.1/../../../../arm-none-eabi/lib/thumb/v6-m/nofp/crt0.o
                0x00000468                _stack_init
                0x00000474                _start
                0x00000474                _mainCRTStartup
 .text          0x000004e8       0xc0 ./startup/startup_MKW41Z4.o
                0x000004e8                Reset_Handler
                0x00000530                Radio_0_IRQHandler
                0x00000530                DMA0_DriverIRQHandler
                0x00000530                CMP0_IRQHandler
                0x00000530                DMA2_DriverIRQHandler
                0x00000530                TPM0_IRQHandler
                0x00000530                Radio_1_IRQHandler
                0x00000530                LLWU_IRQHandler
                0x00000530                TSI0_IRQHandler
                0x00000530                ADC0_IRQHandler
                0x00000530                CMT_IRQHandler
                0x00000530                LPTMR0_IRQHandler
                0x00000530                DefaultISR
                0x00000530                PORTB_PORTC_IRQHandler
                0x00000530                TPM2_IRQHandler
                0x00000530                RTC_IRQHandler
                0x00000530                LVD_LVW_DCDC_IRQHandler
                0x00000530                DMA3_DriverIRQHandler
                0x00000530                RTC_Seconds_IRQHandler
                0x00000530                MCG_IRQHandler
                0x00000530                TRNG0_IRQHandler
                0x00000530                Reserved20_IRQHandler
                0x00000530                LTC0_IRQHandler
                0x00000530                PIT_IRQHandler
                0x00000530                DMA1_DriverIRQHandler
                0x00000530                FTFA_IRQHandler
                0x00000530                PORTA_IRQHandler
                0x00000530                TPM1_IRQHandler
                0x00000530                DAC0_IRQHandler
                0x00000548                DMA0_IRQHandler
                0x0000054c                DMA1_IRQHandler
                0x00000550                DMA2_IRQHandler
                0x00000554                DMA3_IRQHandler
                0x00000558                I2C0_IRQHandler
                0x0000055c                I2C1_IRQHandler
                0x00000560                SPI0_IRQHandler
                0x00000564                LPUART0_IRQHandler
                0x00000568                SPI1_IRQHandler
 .text          0x000005a8      0x114 c:/nxp/mcuxpressoide_11.6.0_8187/ide/plugins/com.nxp.mcuxpresso.tools.win32_11.6.0.202112161359/tools/bin/../lib/gcc/arm-none-eabi/10.3.1/thumb/v6-m/nofp\libgcc.a(_udivsi3.o)
                0x000005a8                __aeabi_uidiv
                0x000005a8                __udivsi3
                0x000006b4                __aeabi_uidivmod
 .text          0x000006bc      0x1d4 c:/nxp/mcuxpressoide_11.6.0_8187/ide/plugins/com.nxp.mcuxpresso.tools.win32_11.6.0.202112161359/tools/bin/../lib/gcc/arm-none-eabi/10.3.1/thumb/v6-m/nofp\libgcc.a(_divsi3.o)
                0x000006bc                __divsi3
                0x000006bc                __aeabi_idiv
                0x00000888                __aeabi_idivmod
 .text          0x00000890        0x4 c:/nxp/mcuxpressoide_11.6.0_8187/ide/plugins/com.nxp.mcuxpresso.tools.win32_11.6.0.202112161359/tools/bin/../lib/gcc/arm-none-eabi/10.3.1/thumb/v6-m/nofp\libgcc.a(_dvmd_tls.o)
                0x00000890                __aeabi_idiv0
                0x00000890                __aeabi_ldiv0
 .text          0x00000894       0x74 c:/nxp/mcuxpressoide_11.6.0_8187/ide/plugins/com.nxp.mcuxpresso.tools.win32_11.6.0.202112161359/tools/bin/../lib/gcc/arm-none-eabi/10.3.1/thumb/v6-m/nofp\libgcc.a(_arm_cmpsf2.o)
                0x00000894                __aeabi_cfrcmple
                0x0000089c                __aeabi_cfcmpeq
                0x0000089c                __aeabi_cfcmple
                0x000008ac                __aeabi_fcmpeq
                0x000008b8                __aeabi_fcmplt
                0x000008cc                __aeabi_fcmple
                0x000008e0                __aeabi_fcmpgt
                0x000008f4                __aeabi_fcmpge
 .text          0x00000908       0x40 c:/nxp/mcuxpressoide_11.6.0_8187/ide/plugins/com.nxp.mcuxpresso.tools.win32_11.6.0.202112161359/tools/bin/../lib/gcc/arm-none-eabi/10.3.1/thumb/v6-m/nofp\libgcc.a(_aeabi_uldivmod.o)
                0x00000908                __aeabi_uldivmod
 .text          0x00000948       0x5c c:/nxp/mcuxpressoide_11.6.0_8187/ide/plugins/com.nxp.mcuxpresso.tools.win32_11.6.0.202112161359/tools/bin/../lib/gcc/arm-none-eabi/10.3.1/thumb/v6-m/nofp\libgcc.a(_muldi3.o)
                0x00000948                __muldi3
                0x00000948                __aeabi_lmul
 .text          0x000009a4       0x30 c:/nxp/mcuxpressoide_11.6.0_8187/ide/plugins/com.nxp.mcuxpresso.tools.win32_11.6.0.202112161359/tools/bin/../lib/gcc/arm-none-eabi/10.3.1/thumb/v6-m/nofp\libgcc.a(_fixunssfsi.o)
                0x000009a4                __fixunssfsi
                0x000009a4                __aeabi_f2uiz
 .text          0x000009d4      0x198 c:/nxp/mcuxpressoide_11.6.0_8187/ide/plugins/com.nxp.mcuxpresso.tools.win32_11.6.0.202112161359/tools/bin/../lib/gcc/arm-none-eabi/10.3.1/thumb/v6-m/nofp\libgcc.a(_udivmoddi4.o)
                0x000009d4                __udivmoddi4
 .text          0x00000b6c      0x33c c:/nxp/mcuxpressoide_11.6.0_8187/ide/plugins/com.nxp.mcuxpresso.tools.win32_11.6.0.202112161359/tools/bin/../lib/gcc/arm-none-eabi/10.3.1/thumb/v6-m/nofp\libgcc.a(addsf3.o)
                0x00000b6c                __aeabi_fadd
 .text          0x00000ea8      0x230 c:/nxp/mcuxpressoide_11.6.0_8187/ide/plugins/com.nxp.mcuxpresso.tools.win32_11.6.0.202112161359/tools/bin/../lib/gcc/arm-none-eabi/10.3.1/thumb/v6-m/nofp\libgcc.a(divsf3.o)
                0x00000ea8                __aeabi_fdiv
 .text          0x000010d8       0x4c c:/nxp/mcuxpressoide_11.6.0_8187/ide/plugins/com.nxp.mcuxpresso.tools.win32_11.6.0.202112161359/tools/bin/../lib/gcc/arm-none-eabi/10.3.1/thumb/v6-m/nofp\libgcc.a(eqsf2.o)
                0x000010d8                __eqsf2
                0x000010d8                __nesf2
 .text          0x00001124       0x8c c:/nxp/mcuxpressoide_11.6.0_8187/ide/plugins/com.nxp.mcuxpresso.tools.win32_11.6.0.202112161359/tools/bin/../lib/gcc/arm-none-eabi/10.3.1/thumb/v6-m/nofp\libgcc.a(gesf2.o)
                0x00001124                __gesf2
                0x00001124                __gtsf2
 .text          0x000011b0       0x88 c:/nxp/mcuxpressoide_11.6.0_8187/ide/plugins/com.nxp.mcuxpresso.tools.win32_11.6.0.202112161359/tools/bin/../lib/gcc/arm-none-eabi/10.3.1/thumb/v6-m/nofp\libgcc.a(lesf2.o)
                0x000011b0                __ltsf2
                0x000011b0                __lesf2
 .text          0x00001238      0x24c c:/nxp/mcuxpressoide_11.6.0_8187/ide/plugins/com.nxp.mcuxpresso.tools.win32_11.6.0.202112161359/tools/bin/../lib/gcc/arm-none-eabi/10.3.1/thumb/v6-m/nofp\libgcc.a(mulsf3.o)
                0x00001238                __aeabi_fmul
 .text          0x00001484      0x35c c:/nxp/mcuxpressoide_11.6.0_8187/ide/plugins/com.nxp.mcuxpresso.tools.win32_11.6.0.202112161359/tools/bin/../lib/gcc/arm-none-eabi/10.3.1/thumb/v6-m/nofp\libgcc.a(subsf3.o)
                0x00001484                __aeabi_fsub
 .text          0x000017e0       0x40 c:/nxp/mcuxpressoide_11.6.0_8187/ide/plugins/com.nxp.mcuxpresso.tools.win32_11.6.0.202112161359/tools/bin/../lib/gcc/arm-none-eabi/10.3.1/thumb/v6-m/nofp\libgcc.a(fixsfsi.o)
                0x000017e0                __aeabi_f2iz
 .text          0x00001820       0x9c c:/nxp/mcuxpressoide_11.6.0_8187/ide/plugins/com.nxp.mcuxpresso.tools.win32_11.6.0.202112161359/tools/bin/../lib/gcc/arm-none-eabi/10.3.1/thumb/v6-m/nofp\libgcc.a(floatsisf.o)
                0x00001820                __aeabi_i2f
 .text          0x000018bc       0x84 c:/nxp/mcuxpressoide_11.6.0_8187/ide/plugins/com.nxp.mcuxpresso.tools.win32_11.6.0.202112161359/tools/bin/../lib/gcc/arm-none-eabi/10.3.1/thumb/v6-m/nofp\libgcc.a(floatunsisf.o)
                0x000018bc                __aeabi_ui2f
 .text          0x00001940       0x3c c:/nxp/mcuxpressoide_11.6.0_8187/ide/plugins/com.nxp.mcuxpresso.tools.win32_11.6.0.202112161359/tools/bin/../lib/gcc/arm-none-eabi/10.3.1/thumb/v6-m/nofp\libgcc.a(_clzsi2.o)
                0x00001940                __clzsi2
 .text          0x0000197c       0x18 c:/nxp/mcuxpressoide_11.6.0_8187/ide/plugins/com.nxp.mcuxpresso.tools.win32_11.6.0.202112161359/tools/bin/../lib/gcc/arm-none-eabi/10.3.1/thumb/v6-m/nofp\libgcc.a(_clzdi2.o)
                0x0000197c                __clzdi2
 .text          0x00001994       0x38 C:\Users\adrgm\Documents\MCUXpressoIDE_11.6.0_8187\workspace\Wireless\frdmkw41z_wireless_examples_ieee_802_15_4_mwa_coordinator_freertos\libs\lib_crypto_m0.a(SW_RNG.o)
                0x00001994                SecLib_set_rng_seed
                0x000019a4                SecLib_get_random
 .text          0x000019cc      0x530 C:\Users\adrgm\Documents\MCUXpressoIDE_11.6.0_8187\workspace\Wireless\frdmkw41z_wireless_examples_ieee_802_15_4_mwa_coordinator_freertos\libs\lib802.15.4_mac_06_cm0.a(MacMain.o)
                0x000019cc                BindToMAC
                0x000019f8                UnBindFromMAC
                0x00001a14                MAC_EventSet
                0x00001a3e                Mac_Task
                0x00001b30                Mac_InitializeData
                0x00001bd4                Mac_RegisterSapHandlers
                0x00001be6                PD_MAC_SapHandler
                0x00001c08                PLME_MAC_SapHandler
                0x00001c10                NWK_MCPS_SapHandler
                0x00001c6c                NWK_MLME_SapHandler
                0x00001d14                Mlme_VerifyNwkInput
                0x00001e20                Mac_GetState
                0x00001e88                Dumy_MCPS_NWK_SapHandler
                0x00001e8c                Dumy_MLME_NWK_SapHandler
                0x00001e96                Mac_SetTrxLowPowerMode
                0x00001eca                Mac_SetTrxActiveMode
 .text          0x00001efc      0xc88 C:\Users\adrgm\Documents\MCUXpressoIDE_11.6.0_8187\workspace\Wireless\frdmkw41z_wireless_examples_ieee_802_15_4_mwa_coordinator_freertos\libs\lib802.15.4_mac_06_cm0.a(MacPib.o)
                0x00001efc                macInitPIBs
                0x00002208                macVerifySetReq
                0x0000230c                mlmeGetSetReq
                0x00002894                mlmeGetSizeOfPIB
                0x000029e2                Mac_SetPhyPIBs
                0x00002b12                Mac_SetExtendedAddress
                0x00002b40                Mac_GetExtendedAddress
 .text          0x00002b84      0x5a0 C:\Users\adrgm\Documents\MCUXpressoIDE_11.6.0_8187\workspace\Wireless\frdmkw41z_wireless_examples_ieee_802_15_4_mwa_coordinator_freertos\libs\lib802.15.4_mac_06_cm0.a(MacStateMachine.o)
                0x00002b84                Mac_TransactionExpire
                0x00002b90                Mac_PhyMsgHandler
                0x00002c50                Mac_NwkMsgHandler
                0x00002e84                Mac_McpsDataReqHandle
 .text          0x00003124      0x290 C:\Users\adrgm\Documents\MCUXpressoIDE_11.6.0_8187\workspace\Wireless\frdmkw41z_wireless_examples_ieee_802_15_4_mwa_coordinator_freertos\libs\lib802.15.4_mac_06_cm0.a(Poll.o)
                0x00003124                Poll_VerifyParameters
                0x00003162                Poll_InitSeq
                0x000031ca                Poll_SendStatus
                0x00003204                Poll_DataRx
                0x000032c0                Poll_SendConfirm
                0x00003358                Poll_Timeout
 .text          0x000033b4       0xdc C:\Users\adrgm\Documents\MCUXpressoIDE_11.6.0_8187\workspace\Wireless\frdmkw41z_wireless_examples_ieee_802_15_4_mwa_coordinator_freertos\libs\lib802.15.4_mac_06_cm0.a(RxEnable.o)
                0x000033b4                RxEnable_InitSeq
                0x0000340e                RxEnable_SetRx
                0x0000344e                RxEnable_Deactivate
 .text          0x00003490      0x670 C:\Users\adrgm\Documents\MCUXpressoIDE_11.6.0_8187\workspace\Wireless\frdmkw41z_wireless_examples_ieee_802_15_4_mwa_coordinator_freertos\libs\lib802.15.4_mac_06_cm0.a(Scan.o)
                0x00003490                Mac_ScanMsgHandler
                0x0000351e                Scan_StartFastEDScan
                0x00003550                Scan_StartEDScan
                0x000035c8                Scan_StartActivePassiveScan
                0x00003622                Scan_StartOrphanScan
                0x00003652                Scan_Advance
                0x00003674                Scan_StartTimer
                0x000036a0                Scan_FastEdAcquire
                0x000036f6                Scan_EdAcquire
                0x0000374a                Scan_ActivePassiveAcquire
                0x00003888                Scan_OrphanAcquire
 .text          0x00003b00      0x1b6 C:\Users\adrgm\Documents\MCUXpressoIDE_11.6.0_8187\workspace\Wireless\frdmkw41z_wireless_examples_ieee_802_15_4_mwa_coordinator_freertos\libs\lib802.15.4_mac_06_cm0.a(Start.o)
                0x00003b00                Start_VerifyParameters
                0x00003bc0                Start_InitSeq
                0x00003c06                Start_SetPIBs
                0x00003c66                CoordRealignment_SendStatus
                0x00003c8e                Start_SeqTerminate
 *fill*         0x00003cb6        0x2 
 .text          0x00003cb8      0x3c6 C:\Users\adrgm\Documents\MCUXpressoIDE_11.6.0_8187\workspace\Wireless\frdmkw41z_wireless_examples_ieee_802_15_4_mwa_coordinator_freertos\libs\lib802.15.4_mac_06_cm0.a(Association.o)
                0x00003cb8                Association_VerifyParameters
                0x00003d08                Association_InitSeq
                0x00003d6c                Association_TriggerPoll
                0x00003da6                AssociationPoll_SendStatus
                0x00003e40                AssociationPoll_DataRx
                0x00003f40                AssociationReq_SendStatus
                0x00003ffc                AssociationRes_VerifyParameters
                0x00004030                AssociationRes_SendStatus
 *fill*         0x0000407e        0x2 
 .text          0x00004080      0x710 C:\Users\adrgm\Documents\MCUXpressoIDE_11.6.0_8187\workspace\Wireless\frdmkw41z_wireless_examples_ieee_802_15_4_mwa_coordinator_freertos\libs\lib802.15.4_mac_06_cm0.a(DataRx.o)
                0x00004080                Mac_PreProcessDataIndication
                0x0000410c                Mac_ProcessDataIndication
                0x0000432c                Mac_ProcessBeaconFrame
                0x000044e0                Mac_CreateMcpsDataInd
                0x00004592                Mac_CreateMlmeCommStatusInd
                0x00004634                Mac_CreateMlmeSyncLossInd
                0x0000468e                Mac_IsPanIdConflict
                0x000046ec                Mac_IsMyCoordinator
                0x0000473e                Mac_PostponeActiveSeq
 .text          0x00004790      0x5d8 C:\Users\adrgm\Documents\MCUXpressoIDE_11.6.0_8187\workspace\Wireless\frdmkw41z_wireless_examples_ieee_802_15_4_mwa_coordinator_freertos\libs\lib802.15.4_mac_06_cm0.a(DataTx.o)
                0x00004790                DataTx_VerifyParameters
                0x00004806                DataTx_InitSeq
                0x000049f4                DataTx_SendData
                0x00004a28                DataTx_SendDataConfirm
                0x00004ac2                DataTx_SendEmptyFrame
                0x00004afc                DataTx_SendStatus
                0x00004c28                DataTx_CheckForExpirePackets
                0x00004cb4                Mac_GetRandomBackoff
                0x00004cd4                DataTx_CsmaCaRetry
                0x00004cfc                DataTx_Backoff
                0x00004d0e                DataTx_SendDataWithBackoff
                0x00004d5c                Mac_InitCsmaCaVariables
 .text          0x00004d68      0x10c C:\Users\adrgm\Documents\MCUXpressoIDE_11.6.0_8187\workspace\Wireless\frdmkw41z_wireless_examples_ieee_802_15_4_mwa_coordinator_freertos\libs\lib802.15.4_mac_06_cm0.a(Disassociation.o)
                0x00004d68                Disassociation_VerifyParameters
                0x00004df2                Disassociation_InitSeq
                0x00004e34                Disassociation_SendStatus
 .text          0x00004e74      0xca4 C:\Users\adrgm\Documents\MCUXpressoIDE_11.6.0_8187\workspace\Wireless\frdmkw41z_wireless_examples_ieee_802_15_4_mwa_coordinator_freertos\libs\lib802.15.4_mac_06_cm0.a(MacFrames.o)
                0x00004e74                FrameBuild_AssociationRequest
                0x00004edc                FrameBuild_AssociationResponse
                0x00004f5c                FrameBuild_DisassociationNotification
                0x00004fcc                FrameBuild_DataRequest
                0x00005082                FrameBuild_PanIdConflictNotification
                0x000050b4                FrameBuild_OrphanNotification
                0x000050e6                FrameBuild_BeaconRequest
                0x00005124                FrameBuild_CoordinatorRealignment
                0x00005250                FrameBuild_Beacon
                0x00005410                FrameBuild_Data
                0x00005698                FrameBuild_ZeroLengthPayload
                0x00005760                Mac_GetMacHeader
                0x00005844                Mac_GetMaxMsduLength
                0x00005874                Mac_GetOverheadSize
                0x000058c0                FrameBuild_Command
                0x00005b14                addrModeFieldLengthTable
 .text          0x00005b18       0x4c C:\Users\adrgm\Documents\MCUXpressoIDE_11.6.0_8187\workspace\Wireless\frdmkw41z_wireless_examples_ieee_802_15_4_mwa_coordinator_freertos\libs\lib802.15.4_mac_06_cm0.a(MacMem.o)
                0x00005b18                Mac_MemAllocZero
                0x00005b38                FrameAlloc
 .text          0x00005b64      0xa28 C:\Users\adrgm\Documents\MCUXpressoIDE_11.6.0_8187\workspace\Wireless\frdmkw41z_wireless_examples_ieee_802_15_4_mwa_coordinator_freertos\libs\lib802.15.4_mac_06_cm0.a(MacSec.o)
                0x00005b9c                Sec_DetermineASHLength
                0x00005bcc                keyIdModeToAshLengthTable
                0x00005d32                Sec_CheckBeaconSecurityParameters
                0x00005df0                Sec_SecureTxFrame
                0x00005fa8                Sec_CreateAuxSecHeader
                0x00006030                Sec_CheckRxSecLevel
                0x00006038                Sec_UnsecureRxFrame
 .text          0x0000658c       0x7c c:/nxp/mcuxpressoide_11.6.0_8187/ide/plugins/com.nxp.mcuxpresso.tools.win32_11.6.0.202112161359/tools/bin/../lib/gcc/arm-none-eabi/10.3.1/thumb/v6-m/nofp\libgcc.a(unaligned-funcs.o)
                0x0000658c                __aeabi_uread4
                0x000065a4                __aeabi_uwrite4
                0x000065b8                __aeabi_uread8
                0x000065e8                __aeabi_uwrite8
 .text          0x00006608       0xce C:\Users\adrgm\Documents\MCUXpressoIDE_11.6.0_8187\workspace\Wireless\frdmkw41z_wireless_examples_ieee_802_15_4_mwa_coordinator_freertos\libs\lib802.15.4_mac_06_cm0.a(Orphan.o)
                0x00006608                Orphan_VerifyParameters
                0x00006640                Orphan_InitSeq
                0x00006682                Orphan_SendStatus
 .text          0x000066d6      0x11c C:\Users\adrgm\Documents\MCUXpressoIDE_11.6.0_8187\workspace\Wireless\frdmkw41z_wireless_examples_ieee_802_15_4_mwa_coordinator_freertos\libs\lib802.15.4_mac_06_cm0.a(Reset.o)
                0x000066d6                mlmeResetReq
 .text          0x000067f2       0xfa C:\Users\adrgm\Documents\MCUXpressoIDE_11.6.0_8187\workspace\Wireless\frdmkw41z_wireless_examples_ieee_802_15_4_mwa_coordinator_freertos\libs\lib802.15.4_mac_06_cm0.a(MacSequenceMngr.o)
                0x000067f2                getFirstSequenceByChecksum
                0x0000680c                getLastSequenceByChecksum
                0x0000682c                getSequenceByDestination
                0x00006856                getSequenceByMsduHandle
                0x00006876                createNewSeq
                0x0000688c                getChecksum
                0x000068b8                getFreeIndex
 .text          0x000068ec       0x68 C:\Users\adrgm\Documents\MCUXpressoIDE_11.6.0_8187\workspace\Wireless\frdmkw41z_wireless_examples_ieee_802_15_4_mwa_coordinator_freertos\libs\lib802.15.4_mac_06_cm0.a(SecurityLib.o)
                0x000068ec                AES_128_CCM_Star
 *(SORT_BY_ALIGNMENT(.text*))
 *fill*         0x00006954        0xc 
 .text.vPortStartFirstTask
                0x00006960       0x38 ./freertos/port.o
 *fill*         0x00006998        0x8 
 .text.PendSV_Handler
                0x000069a0       0x48 ./freertos/port.o
                0x000069a0                PendSV_Handler
 .text.DbgConsole_Printf
                0x000069e8       0x44 ./utilities/fsl_debug_console.o
                0x000069e8                DbgConsole_Printf
 .text.DbgConsole_Putchar
                0x00006a2c       0x34 ./utilities/fsl_debug_console.o
                0x00006a2c                DbgConsole_Putchar
 .text.My_Task  0x00006a60       0xbc ./source/MyNewTask.o
                0x00006a60                My_Task
 .text.MyTask_Init
                0x00006b1c       0x34 ./source/MyNewTask.o
                0x00006b1c                MyTask_Init
 .text.myTaskTimerCallback
                0x00006b50       0x20 ./source/MyNewTask.o
 .text.MyTaskTimer_Stop
                0x00006b70       0x1c ./source/MyNewTask.o
                0x00006b70                MyTaskTimer_Stop
 .text.MyTaskTimer_Start
                0x00006b8c       0x1c ./source/MyNewTask.o
                0x00006b8c                MyTaskTimer_Start
 .text.main_task
                0x00006ba8       0x7c ./source/mwa_coordinator.o
                0x00006ba8                main_task
 .text.App_init
                0x00006c24       0xb8 ./source/mwa_coordinator.o
                0x00006c24                App_init
 .text.AppThread
                0x00006cdc      0x31c ./source/mwa_coordinator.o
                0x00006cdc                AppThread
 .text.UartRxCallBack
                0x00006ff8       0x64 ./source/mwa_coordinator.o
 .text.App_StartScan
                0x0000705c       0xc8 ./source/mwa_coordinator.o
 .text.App_HandleScanEdConfirm
                0x00007124      0x140 ./source/mwa_coordinator.o
 .text.App_StartCoordinator
                0x00007264      0x160 ./source/mwa_coordinator.o
 .text.App_SendAssociateResponse
                0x000073c4      0x100 ./source/mwa_coordinator.o
 .text.App_HandleMlmeInput
                0x000074c4       0x6c ./source/mwa_coordinator.o
 .text.App_HandleMcpsInput
                0x00007530      0x1a8 ./source/mwa_coordinator.o
 .text.App_TransmitUartData
                0x000076d8      0x1a4 ./source/mwa_coordinator.o
 .text.App_HandleKeys
                0x0000787c       0x40 ./source/mwa_coordinator.o
 .text.MLME_NWK_SapHandler
                0x000078bc       0x34 ./source/mwa_coordinator.o
                0x000078bc                MLME_NWK_SapHandler
 .text.MCPS_NWK_SapHandler
                0x000078f0       0x34 ./source/mwa_coordinator.o
                0x000078f0                MCPS_NWK_SapHandler
 .text.HardFault_Handler
                0x00007924       0x30 ./source/semihost_hardfault.o
                0x00007924                HardFault_Handler
 .text.NVIC_EnableIRQ
                0x00007954       0x2c ./ieee_802.15.4/phy/source/MKW41Z/PhyISR.o
 .text.NVIC_SetPendingIRQ
                0x00007980       0x30 ./ieee_802.15.4/phy/source/MKW41Z/PhyISR.o
 .text.NVIC_ClearPendingIRQ
                0x000079b0       0x30 ./ieee_802.15.4/phy/source/MKW41Z/PhyISR.o
 .text.NVIC_SetPriority
                0x000079e0       0xdc ./ieee_802.15.4/phy/source/MKW41Z/PhyISR.o
 .text.ProtectFromXcvrInterrupt
                0x00007abc       0x3c ./ieee_802.15.4/phy/source/MKW41Z/PhyISR.o
                0x00007abc                ProtectFromXcvrInterrupt
 .text.UnprotectFromXcvrInterrupt
                0x00007af8       0x44 ./ieee_802.15.4/phy/source/MKW41Z/PhyISR.o
                0x00007af8                UnprotectFromXcvrInterrupt
 .text.PhyIsrPassRxParams
                0x00007b3c       0x1c ./ieee_802.15.4/phy/source/MKW41Z/PhyISR.o
                0x00007b3c                PhyIsrPassRxParams
 .text.PhyIsrSeqCleanup
                0x00007b58       0x5c ./ieee_802.15.4/phy/source/MKW41Z/PhyISR.o
 .text.PhyIsrTimeoutCleanup
                0x00007bb4       0x60 ./ieee_802.15.4/phy/source/MKW41Z/PhyISR.o
 .text.Phy_GetEnergyLevel
                0x00007c14       0x58 ./ieee_802.15.4/phy/source/MKW41Z/PhyISR.o
                0x00007c14                Phy_GetEnergyLevel
 .text.PHY_InterruptHandler
                0x00007c6c      0x368 ./ieee_802.15.4/phy/source/MKW41Z/PhyISR.o
                0x00007c6c                PHY_InterruptHandler
 .text.PHY_InstallIsr
                0x00007fd4       0x30 ./ieee_802.15.4/phy/source/MKW41Z/PhyISR.o
                0x00007fd4                PHY_InstallIsr
 .text.Phy_GetRxParams
                0x00008004       0x74 ./ieee_802.15.4/phy/source/MKW41Z/PhyISR.o
 .text.PhyHwInit
                0x00008078      0x13c ./ieee_802.15.4/phy/source/MKW41Z/PhyPacketProcessor.o
                0x00008078                PhyHwInit
 .text.PhyAbort
                0x000081b4       0xb4 ./ieee_802.15.4/phy/source/MKW41Z/PhyPacketProcessor.o
                0x000081b4                PhyAbort
 .text.PhyPpGetState
                0x00008268       0x1c ./ieee_802.15.4/phy/source/MKW41Z/PhyPacketProcessor.o
                0x00008268                PhyPpGetState
 .text.PhyPpSetPanId
                0x00008284       0x70 ./ieee_802.15.4/phy/source/MKW41Z/PhyPacketProcessor.o
                0x00008284                PhyPpSetPanId
 .text.PhyPpSetShortAddr
                0x000082f4       0x70 ./ieee_802.15.4/phy/source/MKW41Z/PhyPacketProcessor.o
                0x000082f4                PhyPpSetShortAddr
 .text.PhyPpSetLongAddr
                0x00008364       0x60 ./ieee_802.15.4/phy/source/MKW41Z/PhyPacketProcessor.o
                0x00008364                PhyPpSetLongAddr
 .text.PhyPpSetMacRole
                0x000083c4       0x90 ./ieee_802.15.4/phy/source/MKW41Z/PhyPacketProcessor.o
                0x000083c4                PhyPpSetMacRole
 .text.PhyPpSetPromiscuous
                0x00008454       0x5c ./ieee_802.15.4/phy/source/MKW41Z/PhyPacketProcessor.o
                0x00008454                PhyPpSetPromiscuous
 .text.PhyPp_IndirectQueueInsert
                0x000084b0       0x6c ./ieee_802.15.4/phy/source/MKW41Z/PhyPacketProcessor.o
                0x000084b0                PhyPp_IndirectQueueInsert
 .text.PhyPp_RemoveFromIndirect
                0x0000851c       0x60 ./ieee_802.15.4/phy/source/MKW41Z/PhyPacketProcessor.o
                0x0000851c                PhyPp_RemoveFromIndirect
 .text.PhyPpIsTxAckDataPending
                0x0000857c       0x4c ./ieee_802.15.4/phy/source/MKW41Z/PhyPacketProcessor.o
                0x0000857c                PhyPpIsTxAckDataPending
 .text.PhyPlmeSetPwrState
                0x000085c8      0x128 ./ieee_802.15.4/phy/source/MKW41Z/PhyPacketProcessor.o
                0x000085c8                PhyPlmeSetPwrState
 .text.PhyPdDataRequest
                0x000086f0      0x1b0 ./ieee_802.15.4/phy/source/MKW41Z/PhyPlmeData.o
                0x000086f0                PhyPdDataRequest
 .text.PhyPlmeRxRequest
                0x000088a0      0x16c ./ieee_802.15.4/phy/source/MKW41Z/PhyPlmeData.o
                0x000088a0                PhyPlmeRxRequest
 .text.PhyPlmeCcaEdRequest
                0x00008a0c      0x11c ./ieee_802.15.4/phy/source/MKW41Z/PhyPlmeData.o
                0x00008a0c                PhyPlmeCcaEdRequest
 .text.PhyPlmeSetCurrentChannelRequest
                0x00008b28       0x8c ./ieee_802.15.4/phy/source/MKW41Z/PhyPlmeData.o
                0x00008b28                PhyPlmeSetCurrentChannelRequest
 .text.PhyPlmeGetCurrentChannelRequest
                0x00008bb4       0x3c ./ieee_802.15.4/phy/source/MKW41Z/PhyPlmeData.o
                0x00008bb4                PhyPlmeGetCurrentChannelRequest
 .text.PhyPlmeSetPwrLevelRequest
                0x00008bf0       0x7c ./ieee_802.15.4/phy/source/MKW41Z/PhyPlmeData.o
                0x00008bf0                PhyPlmeSetPwrLevelRequest
 .text.PhyPlmeGetPwrLevelRequest
                0x00008c6c       0x34 ./ieee_802.15.4/phy/source/MKW41Z/PhyPlmeData.o
                0x00008c6c                PhyPlmeGetPwrLevelRequest
 .text.PhyPlmeSetPIBRequest
                0x00008ca0      0x1d0 ./ieee_802.15.4/phy/source/MKW41Z/PhyPlmeData.o
                0x00008ca0                PhyPlmeSetPIBRequest
 .text.PhyPlmeGetPIBRequest
                0x00008e70      0x3c0 ./ieee_802.15.4/phy/source/MKW41Z/PhyPlmeData.o
                0x00008e70                PhyPlmeGetPIBRequest
 .text.PhyRxRetry
                0x00009230       0x74 ./ieee_802.15.4/phy/source/MKW41Z/PhyPlmeData.o
 .text.Phy_Init
                0x000092a4       0x40 ./ieee_802.15.4/phy/source/MKW41Z/PhyStateMachine.o
                0x000092a4                Phy_Init
 .text.Phy_RegisterSapHandlers
                0x000092e4       0x24 ./ieee_802.15.4/phy/source/MKW41Z/PhyStateMachine.o
                0x000092e4                Phy_RegisterSapHandlers
 .text.Phy24Task
                0x00009308      0x260 ./ieee_802.15.4/phy/source/MKW41Z/PhyStateMachine.o
 .text.MAC_PD_SapHandler
                0x00009568       0xb0 ./ieee_802.15.4/phy/source/MKW41Z/PhyStateMachine.o
                0x00009568                MAC_PD_SapHandler
 .text.MAC_PLME_SapHandler
                0x00009618      0x194 ./ieee_802.15.4/phy/source/MKW41Z/PhyStateMachine.o
                0x00009618                MAC_PLME_SapHandler
 .text.Phy_HandlePdDataReq
                0x000097ac      0x188 ./ieee_802.15.4/phy/source/MKW41Z/PhyStateMachine.o
 .text.Phy_EnterIdle
                0x00009934       0x88 ./ieee_802.15.4/phy/source/MKW41Z/PhyStateMachine.o
 .text.PhyPlmeSetFrameWaitTime
                0x000099bc       0x1c ./ieee_802.15.4/phy/source/MKW41Z/PhyStateMachine.o
                0x000099bc                PhyPlmeSetFrameWaitTime
 .text.PhyPlmeSetRxOnWhenIdle
                0x000099d8       0x88 ./ieee_802.15.4/phy/source/MKW41Z/PhyStateMachine.o
                0x000099d8                PhyPlmeSetRxOnWhenIdle
 .text.PhyIsIdleRx
                0x00009a60       0x4c ./ieee_802.15.4/phy/source/MKW41Z/PhyStateMachine.o
                0x00009a60                PhyIsIdleRx
 .text.Radio_Phy_PdDataConfirm
                0x00009aac       0x94 ./ieee_802.15.4/phy/source/MKW41Z/PhyStateMachine.o
                0x00009aac                Radio_Phy_PdDataConfirm
 .text.Radio_Phy_PdDataIndication
                0x00009b40       0x24 ./ieee_802.15.4/phy/source/MKW41Z/PhyStateMachine.o
                0x00009b40                Radio_Phy_PdDataIndication
 .text.Radio_Phy_PlmeCcaConfirm
                0x00009b64       0x34 ./ieee_802.15.4/phy/source/MKW41Z/PhyStateMachine.o
                0x00009b64                Radio_Phy_PlmeCcaConfirm
 .text.Radio_Phy_PlmeEdConfirm
                0x00009b98       0x34 ./ieee_802.15.4/phy/source/MKW41Z/PhyStateMachine.o
                0x00009b98                Radio_Phy_PlmeEdConfirm
 .text.Radio_Phy_TimeRxTimeoutIndication
                0x00009bcc       0x30 ./ieee_802.15.4/phy/source/MKW41Z/PhyStateMachine.o
                0x00009bcc                Radio_Phy_TimeRxTimeoutIndication
 .text.Radio_Phy_PlmeRxWatermark
                0x00009bfc       0xb8 ./ieee_802.15.4/phy/source/MKW41Z/PhyStateMachine.o
                0x00009bfc                Radio_Phy_PlmeRxWatermark
 .text.Radio_Phy_PlmeFilterFailRx
                0x00009cb4       0x54 ./ieee_802.15.4/phy/source/MKW41Z/PhyStateMachine.o
                0x00009cb4                Radio_Phy_PlmeFilterFailRx
 .text.PLME_SendMessage
                0x00009d08       0xd4 ./ieee_802.15.4/phy/source/MKW41Z/PhyStateMachine.o
 .text.PD_SendMessage
                0x00009ddc      0x268 ./ieee_802.15.4/phy/source/MKW41Z/PhyStateMachine.o
 .text.Phy_SendLatePLME
                0x0000a044       0x24 ./ieee_802.15.4/phy/source/MKW41Z/PhyStateMachine.o
 .text.Phy_SendLatePD
                0x0000a068       0x24 ./ieee_802.15.4/phy/source/MKW41Z/PhyStateMachine.o
 .text.Radio_Phy_Notify
                0x0000a08c       0x18 ./ieee_802.15.4/phy/source/MKW41Z/PhyStateMachine.o
                0x0000a08c                Radio_Phy_Notify
 .text.PhyTimeSetEventTrigger
                0x0000a0a4       0x68 ./ieee_802.15.4/phy/source/MKW41Z/PhyTime.o
                0x0000a0a4                PhyTimeSetEventTrigger
 .text.PhyTimeDisableEventTrigger
                0x0000a10c       0x5c ./ieee_802.15.4/phy/source/MKW41Z/PhyTime.o
                0x0000a10c                PhyTimeDisableEventTrigger
 .text.PhyTimeSetEventTimeout
                0x0000a168       0x74 ./ieee_802.15.4/phy/source/MKW41Z/PhyTime.o
                0x0000a168                PhyTimeSetEventTimeout
 .text.PhyTimeGetEventTimeout
                0x0000a1dc       0x20 ./ieee_802.15.4/phy/source/MKW41Z/PhyTime.o
                0x0000a1dc                PhyTimeGetEventTimeout
 .text.PhyTimeDisableEventTimeout
                0x0000a1fc       0x60 ./ieee_802.15.4/phy/source/MKW41Z/PhyTime.o
                0x0000a1fc                PhyTimeDisableEventTimeout
 .text.PhyTimeReadClock
                0x0000a25c       0x28 ./ieee_802.15.4/phy/source/MKW41Z/PhyTime.o
                0x0000a25c                PhyTimeReadClock
 .text.PhyTimeSetWaitTimeout
                0x0000a284       0x6c ./ieee_802.15.4/phy/source/MKW41Z/PhyTime.o
                0x0000a284                PhyTimeSetWaitTimeout
 .text.PhyTimeDisableWaitTimeout
                0x0000a2f0       0x50 ./ieee_802.15.4/phy/source/MKW41Z/PhyTime.o
                0x0000a2f0                PhyTimeDisableWaitTimeout
 .text.PhyTime_ISR
                0x0000a340       0x54 ./ieee_802.15.4/phy/source/MKW41Z/PhyTime.o
                0x0000a340                PhyTime_ISR
 .text.PhyTime_TimerInit
                0x0000a394       0x90 ./ieee_802.15.4/phy/source/MKW41Z/PhyTime.o
                0x0000a394                PhyTime_TimerInit
 .text.PhyTime_GetTimestamp
                0x0000a424       0x80 ./ieee_802.15.4/phy/source/MKW41Z/PhyTime.o
                0x0000a424                PhyTime_GetTimestamp
 .text.PhyTime_ScheduleEvent
                0x0000a4a4       0xe8 ./ieee_802.15.4/phy/source/MKW41Z/PhyTime.o
                0x0000a4a4                PhyTime_ScheduleEvent
 .text.PhyTime_CancelEvent
                0x0000a58c       0xa4 ./ieee_802.15.4/phy/source/MKW41Z/PhyTime.o
                0x0000a58c                PhyTime_CancelEvent
 .text.PhyTime_CancelEventsWithParam
                0x0000a630       0xac ./ieee_802.15.4/phy/source/MKW41Z/PhyTime.o
                0x0000a630                PhyTime_CancelEventsWithParam
 .text.PhyTime_RunCallback
                0x0000a6dc       0x70 ./ieee_802.15.4/phy/source/MKW41Z/PhyTime.o
                0x0000a6dc                PhyTime_RunCallback
 .text.PhyTime_Maintenance
                0x0000a74c       0xa8 ./ieee_802.15.4/phy/source/MKW41Z/PhyTime.o
                0x0000a74c                PhyTime_Maintenance
 .text.PhyTime_OverflowCB
                0x0000a7f4       0x50 ./ieee_802.15.4/phy/source/MKW41Z/PhyTime.o
 .text.PhyTime_GetNextEvent
                0x0000a844       0x74 ./ieee_802.15.4/phy/source/MKW41Z/PhyTime.o
 .text.MAC_Init
                0x0000a8b8       0x68 ./ieee_802.15.4/mac/source/App/MacGlobals.o
                0x0000a8b8                MAC_Init
 .text.xEventGroupSetBitsFromISR
                0x0000a920       0x2c ./freertos/event_groups.o
                0x0000a920                xEventGroupSetBitsFromISR
 .text.prvSetupTimerInterrupt
                0x0000a94c       0x40 ./freertos/fsl_tickless_lptmr.o
                0x0000a94c                prvSetupTimerInterrupt
 .text.pvPortMalloc
                0x0000a98c      0x14c ./freertos/heap_4.o
                0x0000a98c                pvPortMalloc
 .text.vPortFree
                0x0000aad8       0x90 ./freertos/heap_4.o
                0x0000aad8                vPortFree
 .text.prvHeapInit
                0x0000ab68       0xc0 ./freertos/heap_4.o
 .text.prvInsertBlockIntoFreeList
                0x0000ac28       0xb0 ./freertos/heap_4.o
 .text.pxPortInitialiseStack
                0x0000acd8       0x54 ./freertos/port.o
                0x0000acd8                pxPortInitialiseStack
 .text.prvTaskExitError
                0x0000ad2c       0x18 ./freertos/port.o
 .text.xPortStartScheduler
                0x0000ad44       0x44 ./freertos/port.o
                0x0000ad44                xPortStartScheduler
 .text.vPortYield
                0x0000ad88       0x20 ./freertos/port.o
                0x0000ad88                vPortYield
 .text.vPortEnterCritical
                0x0000ada8       0x24 ./freertos/port.o
                0x0000ada8                vPortEnterCritical
 .text.vPortExitCritical
                0x0000adcc       0x30 ./freertos/port.o
                0x0000adcc                vPortExitCritical
 .text.SysTick_Handler
                0x0000adfc       0x34 ./freertos/port.o
                0x0000adfc                SysTick_Handler
 .text.vQueueAddToRegistry
                0x0000ae30       0x50 ./freertos/queue.o
                0x0000ae30                vQueueAddToRegistry
 .text.prvInitialiseNewTask
                0x0000ae80      0x12c ./freertos/tasks.o
 .text.prvAddNewTaskToReadyList
                0x0000afac       0xd0 ./freertos/tasks.o
 .text.vTaskStartScheduler
                0x0000b07c       0x78 ./freertos/tasks.o
                0x0000b07c                vTaskStartScheduler
 .text.vTaskSuspendAll
                0x0000b0f4       0x18 ./freertos/tasks.o
                0x0000b0f4                vTaskSuspendAll
 .text.xTaskResumeAll
                0x0000b10c      0x118 ./freertos/tasks.o
                0x0000b10c                xTaskResumeAll
 .text.xTaskGetTickCount
                0x0000b224       0x1c ./freertos/tasks.o
                0x0000b224                xTaskGetTickCount
 .text.xTaskIncrementTick
                0x0000b240      0x14c ./freertos/tasks.o
                0x0000b240                xTaskIncrementTick
 .text.vTaskSwitchContext
                0x0000b38c       0xa4 ./freertos/tasks.o
                0x0000b38c                vTaskSwitchContext
 .text.vTaskPlaceOnEventList
                0x0000b430       0x3c ./freertos/tasks.o
                0x0000b430                vTaskPlaceOnEventList
 .text.vTaskPlaceOnUnorderedEventList
                0x0000b46c       0x5c ./freertos/tasks.o
                0x0000b46c                vTaskPlaceOnUnorderedEventList
 .text.vTaskPlaceOnEventListRestricted
                0x0000b4c8       0x4c ./freertos/tasks.o
                0x0000b4c8                vTaskPlaceOnEventListRestricted
 .text.xTaskRemoveFromEventList
                0x0000b514       0xb8 ./freertos/tasks.o
                0x0000b514                xTaskRemoveFromEventList
 .text.xTaskRemoveFromUnorderedEventList
                0x0000b5cc       0xb0 ./freertos/tasks.o
                0x0000b5cc                xTaskRemoveFromUnorderedEventList
 .text.vTaskSetTimeOutState
                0x0000b67c       0x34 ./freertos/tasks.o
                0x0000b67c                vTaskSetTimeOutState
 .text.xTaskCheckForTimeOut
                0x0000b6b0       0x9c ./freertos/tasks.o
                0x0000b6b0                xTaskCheckForTimeOut
 .text.vTaskMissedYield
                0x0000b74c       0x14 ./freertos/tasks.o
                0x0000b74c                vTaskMissedYield
 .text.prvIdleTask
                0x0000b760       0x20 ./freertos/tasks.o
 .text.prvInitialiseTaskLists
                0x0000b780       0x88 ./freertos/tasks.o
 .text.prvCheckTasksWaitingTermination
                0x0000b808       0x78 ./freertos/tasks.o
 .text.prvResetNextTaskUnblockTime
                0x0000b880       0x48 ./freertos/tasks.o
 .text.xTaskGetCurrentTaskHandle
                0x0000b8c8       0x1c ./freertos/tasks.o
                0x0000b8c8                xTaskGetCurrentTaskHandle
 .text.xTaskGetSchedulerState
                0x0000b8e4       0x38 ./freertos/tasks.o
                0x0000b8e4                xTaskGetSchedulerState
 .text.vTaskPriorityInherit
                0x0000b91c       0xbc ./freertos/tasks.o
                0x0000b91c                vTaskPriorityInherit
 .text.xTaskPriorityDisinherit
                0x0000b9d8       0xb8 ./freertos/tasks.o
                0x0000b9d8                xTaskPriorityDisinherit
 .text.uxTaskResetEventItemValue
                0x0000ba90       0x2c ./freertos/tasks.o
                0x0000ba90                uxTaskResetEventItemValue
 .text.pvTaskIncrementMutexHeldCount
                0x0000babc       0x24 ./freertos/tasks.o
                0x0000babc                pvTaskIncrementMutexHeldCount
 .text.prvAddCurrentTaskToDelayedList
                0x0000bae0       0xa8 ./freertos/tasks.o
 .text.xTimerCreateTimerTask
                0x0000bb88       0x54 ./freertos/timers.o
                0x0000bb88                xTimerCreateTimerTask
 .text.xTimerGenericCommand
                0x0000bbdc       0x94 ./freertos/timers.o
                0x0000bbdc                xTimerGenericCommand
 .text.prvProcessExpiredTimer
                0x0000bc70       0x70 ./freertos/timers.o
 .text.prvProcessTimerOrBlockTask
                0x0000bce0       0x8c ./freertos/timers.o
 .text.prvGetNextExpireTime
                0x0000bd6c       0x40 ./freertos/timers.o
 .text.prvSampleTimeNow
                0x0000bdac       0x40 ./freertos/timers.o
 .text.prvInsertTimerInActiveList
                0x0000bdec       0x84 ./freertos/timers.o
 .text.prvProcessReceivedCommands
                0x0000be70      0x128 ./freertos/timers.o
 .text.prvSwitchTimerLists
                0x0000bf98       0xb4 ./freertos/timers.o
 .text.prvCheckForValidListAndQueue
                0x0000c04c       0x74 ./freertos/timers.o
 .text.xTimerPendFunctionCallFromISR
                0x0000c0c0       0x4c ./freertos/timers.o
                0x0000c0c0                xTimerPendFunctionCallFromISR
 .text.XCVR_Init
                0x0000c10c      0x128 ./framework/XCVR/MKW41Z4/fsl_xcvr.o
                0x0000c10c                XCVR_Init
 .text.XCVR_GetDefaultConfig
                0x0000c234      0x174 ./framework/XCVR/MKW41Z4/fsl_xcvr.o
                0x0000c234                XCVR_GetDefaultConfig
 .text.XCVR_Configure
                0x0000c3a8      0x98c ./framework/XCVR/MKW41Z4/fsl_xcvr.o
                0x0000c3a8                XCVR_Configure
 .text.XcvrPanic
                0x0000cd34       0x40 ./framework/XCVR/MKW41Z4/fsl_xcvr.o
                0x0000cd34                XcvrPanic
 .text.XCVR_SetXtalTrim
                0x0000cd74       0x64 ./framework/XCVR/MKW41Z4/fsl_xcvr.o
                0x0000cd74                XCVR_SetXtalTrim
 .text.XCVR_OverrideChannel
                0x0000cdd8      0x140 ./framework/XCVR/MKW41Z4/fsl_xcvr.o
                0x0000cdd8                XCVR_OverrideChannel
 .text.XCVR_ForceRxWu
                0x0000cf18       0x1c ./framework/XCVR/MKW41Z4/fsl_xcvr.o
                0x0000cf18                XCVR_ForceRxWu
 .text.XCVR_ForceRxWd
                0x0000cf34       0x1c ./framework/XCVR/MKW41Z4/fsl_xcvr.o
                0x0000cf34                XCVR_ForceRxWd
 .text.calc_dcoc_dac_step
                0x0000cf50       0x88 ./framework/XCVR/MKW41Z4/fsl_xcvr_trim.o
                0x0000cf50                calc_dcoc_dac_step
 .text.rx_dc_est_average
                0x0000cfd8      0x1a0 ./framework/XCVR/MKW41Z4/fsl_xcvr_trim.o
                0x0000cfd8                rx_dc_est_average
 .text.rx_bba_dcoc_dac_trim_DCest
                0x0000d178      0x7bc ./framework/XCVR/MKW41Z4/fsl_xcvr_trim.o
                0x0000d178                rx_bba_dcoc_dac_trim_DCest
 .text.DCOC_DAC_INIT_Cal
                0x0000d934      0x5f0 ./framework/XCVR/MKW41Z4/fsl_xcvr_trim.o
                0x0000d934                DCOC_DAC_INIT_Cal
 .text.read_first_ifr_word
                0x0000df24       0x20 ./framework/XCVR/MKW41Z4/ifr_radio.o
                0x0000df24                read_first_ifr_word
 .text.read_another_ifr_word
                0x0000df44       0x2c ./framework/XCVR/MKW41Z4/ifr_radio.o
                0x0000df44                read_another_ifr_word
 .text.read_resource_ifr
                0x0000df70       0xd4 ./framework/XCVR/MKW41Z4/ifr_radio.o
                0x0000df70                read_resource_ifr
 .text.handle_ifr
                0x0000e044      0x184 ./framework/XCVR/MKW41Z4/ifr_radio.o
                0x0000e044                handle_ifr
 .text.NVIC_EnableIRQ
                0x0000e1c8       0x2c ./framework/TimersManager/Source/TMR_Adapter.o
 .text.NVIC_ClearPendingIRQ
                0x0000e1f4       0x30 ./framework/TimersManager/Source/TMR_Adapter.o
 .text.NVIC_SetPriority
                0x0000e224       0xdc ./framework/TimersManager/Source/TMR_Adapter.o
 .text.StackTimer_Init
                0x0000e300       0x98 ./framework/TimersManager/Source/TMR_Adapter.o
                0x0000e300                StackTimer_Init
 .text.StackTimer_Enable
                0x0000e398       0x1c ./framework/TimersManager/Source/TMR_Adapter.o
                0x0000e398                StackTimer_Enable
 .text.StackTimer_Disable
                0x0000e3b4       0x18 ./framework/TimersManager/Source/TMR_Adapter.o
                0x0000e3b4                StackTimer_Disable
 .text.StackTimer_GetCounterValue
                0x0000e3cc       0x14 ./framework/TimersManager/Source/TMR_Adapter.o
                0x0000e3cc                StackTimer_GetCounterValue
 .text.StackTimer_SetOffsetTicks
                0x0000e3e0       0x24 ./framework/TimersManager/Source/TMR_Adapter.o
                0x0000e3e0                StackTimer_SetOffsetTicks
 .text.StackTimer_ClearIntFlag
                0x0000e404       0x30 ./framework/TimersManager/Source/TMR_Adapter.o
                0x0000e404                StackTimer_ClearIntFlag
 .text.TMR_GetTimerStatus
                0x0000e434       0x28 ./framework/TimersManager/Source/TimersManager.o
 .text.TMR_SetTimerStatus
                0x0000e45c       0x44 ./framework/TimersManager/Source/TimersManager.o
 .text.TMR_GetTimerType
                0x0000e4a0       0x28 ./framework/TimersManager/Source/TimersManager.o
 .text.TMR_SetTimerType
                0x0000e4c8       0x44 ./framework/TimersManager/Source/TimersManager.o
 .text.TmrTicksFromMilliseconds
                0x0000e50c       0x48 ./framework/TimersManager/Source/TimersManager.o
                0x0000e50c                TmrTicksFromMilliseconds
 .text.TMR_Init
                0x0000e554       0x80 ./framework/TimersManager/Source/TimersManager.o
                0x0000e554                TMR_Init
 .text.TMR_NotifyClkChanged
                0x0000e5d4       0x44 ./framework/TimersManager/Source/TimersManager.o
                0x0000e5d4                TMR_NotifyClkChanged
 .text.TMR_AllocateTimer
                0x0000e618       0x50 ./framework/TimersManager/Source/TimersManager.o
                0x0000e618                TMR_AllocateTimer
 .text.StackTimer_ISR
                0x0000e668       0x24 ./framework/TimersManager/Source/TimersManager.o
 .text.TMR_StartTimer
                0x0000e68c       0xe8 ./framework/TimersManager/Source/TimersManager.o
                0x0000e68c                TMR_StartTimer
 .text.TMR_StopTimer
                0x0000e774       0xe8 ./framework/TimersManager/Source/TimersManager.o
                0x0000e774                TMR_StopTimer
 .text.TMR_Task
                0x0000e85c      0x4fc ./framework/TimersManager/Source/TimersManager.o
                0x0000e85c                TMR_Task
 .text.TMR_EnableTimer
                0x0000ed58       0x84 ./framework/TimersManager/Source/TimersManager.o
                0x0000ed58                TMR_EnableTimer
 .text.NVIC_EnableIRQ
                0x0000eddc       0x2c ./framework/SerialManager/Source/UART_Adapter/UART_Adapter.o
 .text.NVIC_SetPriority
                0x0000ee08       0xdc ./framework/SerialManager/Source/UART_Adapter/UART_Adapter.o
 .text.LPUART_Initialize
                0x0000eee4       0xe8 ./framework/SerialManager/Source/UART_Adapter/UART_Adapter.o
                0x0000eee4                LPUART_Initialize
 .text.LPUART_SetBaudrate
                0x0000efcc       0x44 ./framework/SerialManager/Source/UART_Adapter/UART_Adapter.o
                0x0000efcc                LPUART_SetBaudrate
 .text.LPUART_SendData
                0x0000f010       0xc0 ./framework/SerialManager/Source/UART_Adapter/UART_Adapter.o
                0x0000f010                LPUART_SendData
 .text.LPUART_InstallRxCalback
                0x0000f0d0       0x44 ./framework/SerialManager/Source/UART_Adapter/UART_Adapter.o
                0x0000f0d0                LPUART_InstallRxCalback
 .text.LPUART_InstallTxCalback
                0x0000f114       0x44 ./framework/SerialManager/Source/UART_Adapter/UART_Adapter.o
                0x0000f114                LPUART_InstallTxCalback
 .text.LPUART_IsTxActive
                0x0000f158       0x58 ./framework/SerialManager/Source/UART_Adapter/UART_Adapter.o
                0x0000f158                LPUART_IsTxActive
 .text.LPUART_ISR
                0x0000f1b0      0x17c ./framework/SerialManager/Source/UART_Adapter/UART_Adapter.o
 .text.SerialManager_Init
                0x0000f32c       0x80 ./framework/SerialManager/Source/SerialManager.o
                0x0000f32c                SerialManager_Init
 .text.SerialManagerTask
                0x0000f3ac      0x1c4 ./framework/SerialManager/Source/SerialManager.o
                0x0000f3ac                SerialManagerTask
 .text.Serial_InitInterface
                0x0000f570      0x190 ./framework/SerialManager/Source/SerialManager.o
                0x0000f570                Serial_InitInterface
 .text.Serial_AsyncWrite
                0x0000f700      0x1bc ./framework/SerialManager/Source/SerialManager.o
                0x0000f700                Serial_AsyncWrite
 .text.Serial_SyncWrite
                0x0000f8bc       0xe0 ./framework/SerialManager/Source/SerialManager.o
                0x0000f8bc                Serial_SyncWrite
 .text.Serial_Read
                0x0000f99c      0x124 ./framework/SerialManager/Source/SerialManager.o
                0x0000f99c                Serial_Read
 .text.Serial_RxBufferByteCount
                0x0000fac0      0x10c ./framework/SerialManager/Source/SerialManager.o
                0x0000fac0                Serial_RxBufferByteCount
 .text.Serial_SetRxCallBack
                0x0000fbcc       0x78 ./framework/SerialManager/Source/SerialManager.o
                0x0000fbcc                Serial_SetRxCallBack
 .text.Serial_SetBaudRate
                0x0000fc44       0x94 ./framework/SerialManager/Source/SerialManager.o
                0x0000fc44                Serial_SetBaudRate
 .text.Serial_WriteInternal
                0x0000fcd8      0x12c ./framework/SerialManager/Source/SerialManager.o
 .text.SerialManager_RxNotify
                0x0000fe04       0xc8 ./framework/SerialManager/Source/SerialManager.o
                0x0000fe04                SerialManager_RxNotify
 .text.SerialManager_TxNotify
                0x0000fecc       0xf4 ./framework/SerialManager/Source/SerialManager.o
                0x0000fecc                SerialManager_TxNotify
 .text.Serial_TxQueueMaintenance
                0x0000ffc0      0x15c ./framework/SerialManager/Source/SerialManager.o
 .text.Serial_UartRxCb
                0x0001011c       0x5c ./framework/SerialManager/Source/SerialManager.o
 .text.SecLib_Init
                0x00010178       0x3c ./framework/SecLib/SecLib.o
                0x00010178                SecLib_Init
 .text.AES_128_CCM
                0x000101b4       0xec ./framework/SecLib/SecLib.o
                0x000101b4                AES_128_CCM
 .text.NVIC_EnableIRQ
                0x000102a0       0x2c ./framework/RNG/Source/RNG.o
 .text.RNG_Init
                0x000102cc       0xe0 ./framework/RNG/Source/RNG.o
                0x000102cc                RNG_Init
 .text.TRNG_ISR
                0x000103ac       0x3c ./framework/RNG/Source/RNG.o
 .text.OSA_SemaphorePost
                0x000103e8       0x9c ./framework/OSAbstraction/Source/fsl_os_abstraction_free_rtos.o
                0x000103e8                OSA_SemaphorePost
 .text.OSA_EventCreate
                0x00010484       0x70 ./framework/OSAbstraction/Source/fsl_os_abstraction_free_rtos.o
                0x00010484                OSA_EventCreate
 .text.OSA_EventSet
                0x000104f4       0xa0 ./framework/OSAbstraction/Source/fsl_os_abstraction_free_rtos.o
                0x000104f4                OSA_EventSet
 .text.OSA_EventWait
                0x00010594       0xa4 ./framework/OSAbstraction/Source/fsl_os_abstraction_free_rtos.o
                0x00010594                OSA_EventWait
 .text.OSA_InterruptEnable
                0x00010638       0x4c ./framework/OSAbstraction/Source/fsl_os_abstraction_free_rtos.o
                0x00010638                OSA_InterruptEnable
 .text.OSA_InterruptDisable
                0x00010684       0x4c ./framework/OSAbstraction/Source/fsl_os_abstraction_free_rtos.o
                0x00010684                OSA_InterruptDisable
 .text.main     0x000106d0       0x24 ./framework/OSAbstraction/Source/fsl_os_abstraction_free_rtos.o
                0x000106d0                main
 .text.MEM_Init
                0x000106f4       0xc4 ./framework/MemManager/Source/MemManager.o
                0x000106f4                MEM_Init
 .text.MEM_BufferAllocWithId
                0x000107b8       0xb8 ./framework/MemManager/Source/MemManager.o
                0x000107b8                MEM_BufferAllocWithId
 .text.MEM_BufferFree
                0x00010870       0xb0 ./framework/MemManager/Source/MemManager.o
                0x00010870                MEM_BufferFree
 .text.LED_Init
                0x00010920       0x2c ./framework/LED/Source/LED.o
                0x00010920                LED_Init
 .text.LED_Operate
                0x0001094c       0x8c ./framework/LED/Source/LED.o
                0x0001094c                LED_Operate
 .text.LED_StartBlip
                0x000109d8       0x64 ./framework/LED/Source/LED.o
                0x000109d8                LED_StartBlip
 .text.LED_StopFlash
                0x00010a3c       0x4c ./framework/LED/Source/LED.o
                0x00010a3c                LED_StopFlash
 .text.LED_SetLed
                0x00010a88       0xb8 ./framework/LED/Source/LED.o
                0x00010a88                LED_SetLed
 .text.LED_StartFlashWithPeriod
                0x00010b40       0x58 ./framework/LED/Source/LED.o
                0x00010b40                LED_StartFlashWithPeriod
 .text.LED_StartSerialFlashWithPeriod
                0x00010b98       0x74 ./framework/LED/Source/LED.o
                0x00010b98                LED_StartSerialFlashWithPeriod
 .text.LED_StopSerialFlash
                0x00010c0c       0x44 ./framework/LED/Source/LED.o
                0x00010c0c                LED_StopSerialFlash
 .text.LED_DecrementBlip
                0x00010c50       0x8c ./framework/LED/Source/LED.o
 .text.LED_FlashTimeout
                0x00010cdc       0x74 ./framework/LED/Source/LED.o
 .text.KbGpioInit
                0x00010d50       0x58 ./framework/Keyboard/Source/Keyboard.o
 .text.KBD_KeySwitchPortGet
                0x00010da8       0x7c ./framework/Keyboard/Source/Keyboard.o
 .text.KBD_KeyCheck
                0x00010e24       0xa0 ./framework/Keyboard/Source/Keyboard.o
 .text.KeyScan  0x00010ec4      0x154 ./framework/Keyboard/Source/Keyboard.o
 .text.Switch_CheckIRQ
                0x00011018       0x50 ./framework/Keyboard/Source/Keyboard.o
 .text.KBD_Init
                0x00011068       0xdc ./framework/Keyboard/Source/Keyboard.o
                0x00011068                KBD_Init
 .text.Switch_Press_ISR
                0x00011144       0x70 ./framework/Keyboard/Source/Keyboard.o
                0x00011144                Switch_Press_ISR
 .text.NVIC_EnableIRQ
                0x000111b4       0x2c ./framework/GPIO/GPIO_Adapter.o
 .text.NVIC_ClearPendingIRQ
                0x000111e0       0x30 ./framework/GPIO/GPIO_Adapter.o
 .text.NVIC_SetPriority
                0x00011210       0xdc ./framework/GPIO/GPIO_Adapter.o
 .text.NVIC_GetPriority
                0x000112ec       0x7c ./framework/GPIO/GPIO_Adapter.o
 .text.PORT_SetPinConfig
                0x00011368       0x38 ./framework/GPIO/GPIO_Adapter.o
 .text.PORT_SetPinMux
                0x000113a0       0x40 ./framework/GPIO/GPIO_Adapter.o
 .text.PORT_SetPinInterruptConfig
                0x000113e0       0x40 ./framework/GPIO/GPIO_Adapter.o
 .text.GpioSetPinMux
                0x00011420       0x44 ./framework/GPIO/GPIO_Adapter.o
                0x00011420                GpioSetPinMux
 .text.GpioClearPinIntFlag
                0x00011464       0x34 ./framework/GPIO/GPIO_Adapter.o
                0x00011464                GpioClearPinIntFlag
 .text.GpioIsPinIntPending
                0x00011498       0x38 ./framework/GPIO/GPIO_Adapter.o
                0x00011498                GpioIsPinIntPending
 .text.GpioSetPinOutput
                0x000114d0       0x34 ./framework/GPIO/GPIO_Adapter.o
                0x000114d0                GpioSetPinOutput
 .text.GpioClearPinOutput
                0x00011504       0x34 ./framework/GPIO/GPIO_Adapter.o
                0x00011504                GpioClearPinOutput
 .text.GpioTogglePinOutput
                0x00011538       0x34 ./framework/GPIO/GPIO_Adapter.o
                0x00011538                GpioTogglePinOutput
 .text.GpioReadPinInput
                0x0001156c       0x30 ./framework/GPIO/GPIO_Adapter.o
                0x0001156c                GpioReadPinInput
 .text.GpioInputPinInit
                0x0001159c      0x104 ./framework/GPIO/GPIO_Adapter.o
                0x0001159c                GpioInputPinInit
 .text.GpioOutputPinInit
                0x000116a0      0x100 ./framework/GPIO/GPIO_Adapter.o
                0x000116a0                GpioOutputPinInit
 .text.GpioInstallIsr
                0x000117a0      0x2c4 ./framework/GPIO/GPIO_Adapter.o
                0x000117a0                GpioInstallIsr
 .text.Gpio_CommonIsr
                0x00011a64       0xb0 ./framework/GPIO/GPIO_Adapter.o
 .text.Gpio_InstallPortISR
                0x00011b14       0x60 ./framework/GPIO/GPIO_Adapter.o
 .text.NV_ComputeCrcOverHWParameters
                0x00011b74       0xd0 ./framework/Flash/Internal/Flash_Adapter.o
 .text.NV_ReadHWParameters
                0x00011c44       0x68 ./framework/Flash/Internal/Flash_Adapter.o
                0x00011c44                NV_ReadHWParameters
 .text.CLOCK_EnableClock
                0x00011cac       0x34 ./framework/DCDC/Source/DCDC.o
 .text.ADC16_GetChannelConversionValue
                0x00011ce0       0x30 ./framework/DCDC/Source/DCDC.o
 .text.DCDC_MakeADCConversion
                0x00011d10       0x44 ./framework/DCDC/Source/DCDC.o
 .text.DCDC_AdjustVbatDiv
                0x00011d54       0x68 ./framework/DCDC/Source/DCDC.o
 .text.DCDC_Get1P8VOutputTargetAndVBatInmV
                0x00011dbc       0xf4 ./framework/DCDC/Source/DCDC.o
 .text.DCDC_mVTo1P8OutputTargetBoost
                0x00011eb0      0x168 ./framework/DCDC/Source/DCDC.o
 .text.DCDC_mVTo1P8OutputTargetBuck
                0x00012018       0xe4 ./framework/DCDC/Source/DCDC.o
 .text.DCDC_mVToMcuVOutputTargetBoost
                0x000120fc       0x8c ./framework/DCDC/Source/DCDC.o
                0x000120fc                DCDC_mVToMcuVOutputTargetBoost
 .text.DCDC_GetOutputTargetsBoost
                0x00012188       0xcc ./framework/DCDC/Source/DCDC.o
 .text.DCDC_GetOutputTargetsBuck
                0x00012254       0x88 ./framework/DCDC/Source/DCDC.o
 .text.DCDC_VBatMonitorBoost
                0x000122dc      0x1b8 ./framework/DCDC/Source/DCDC.o
 .text.DCDC_VBatMonitorBuck
                0x00012494      0x1bc ./framework/DCDC/Source/DCDC.o
 .text.DCDC_Init
                0x00012650      0x218 ./framework/DCDC/Source/DCDC.o
                0x00012650                DCDC_Init
 .text.CLOCK_EnableClock
                0x00012868       0x34 ./drivers/fsl_adc16.o
 .text.ADC16_GetInstance
                0x0001289c       0x48 ./drivers/fsl_adc16.o
 .text.ADC16_Init
                0x000128e4      0x114 ./drivers/fsl_adc16.o
                0x000128e4                ADC16_Init
 .text.ADC16_SetChannelConfig
                0x000129f8       0x6c ./drivers/fsl_adc16.o
                0x000129f8                ADC16_SetChannelConfig
 .text.ADC16_GetChannelStatusFlags
                0x00012a64       0x40 ./drivers/fsl_adc16.o
                0x00012a64                ADC16_GetChannelStatusFlags
 .text.CLOCK_SetEr32kClock
                0x00012aa4       0x34 ./drivers/fsl_clock.o
 .text.CLOCK_GetMcgExtClkFreq
                0x00012ad8       0x70 ./drivers/fsl_clock.o
 .text.CLOCK_GetFllExtRefClkFreq
                0x00012b48       0xc0 ./drivers/fsl_clock.o
 .text.CLOCK_GetInternalRefClkSelectFreq
                0x00012c08       0x40 ./drivers/fsl_clock.o
 .text.CLOCK_GetFllRefClkFreq
                0x00012c48       0x2c ./drivers/fsl_clock.o
 .text.CLOCK_GetOscRangeFromFreq
                0x00012c74       0x4c ./drivers/fsl_clock.o
 .text.CLOCK_GetOsc0ErClkFreq
                0x00012cc0       0x28 ./drivers/fsl_clock.o
                0x00012cc0                CLOCK_GetOsc0ErClkFreq
 .text.CLOCK_SetSimConfig
                0x00012ce8       0x2c ./drivers/fsl_clock.o
                0x00012ce8                CLOCK_SetSimConfig
 .text.CLOCK_GetFllFreq
                0x00012d14       0x78 ./drivers/fsl_clock.o
                0x00012d14                CLOCK_GetFllFreq
 .text.CLOCK_GetInternalRefClkFreq
                0x00012d8c       0x28 ./drivers/fsl_clock.o
                0x00012d8c                CLOCK_GetInternalRefClkFreq
 .text.CLOCK_SetExternalRefClkConfig
                0x00012db4       0x80 ./drivers/fsl_clock.o
                0x00012db4                CLOCK_SetExternalRefClkConfig
 .text.CLOCK_SetInternalRefClkConfig
                0x00012e34      0x124 ./drivers/fsl_clock.o
                0x00012e34                CLOCK_SetInternalRefClkConfig
 .text.CLOCK_InitOsc0
                0x00012f58       0x68 ./drivers/fsl_clock.o
                0x00012f58                CLOCK_InitOsc0
 .text.CLOCK_SetFeeMode
                0x00012fc0      0x138 ./drivers/fsl_clock.o
                0x00012fc0                CLOCK_SetFeeMode
 .text.__assertion_failed
                0x000130f8       0x1c ./drivers/fsl_common.o
                0x000130f8                __assertion_failed
 .text.InstallIRQHandler
                0x00013114       0x98 ./drivers/fsl_common.o
                0x00013114                InstallIRQHandler
 .text.DSPI_CommonIRQHandler
                0x000131ac       0x40 ./drivers/fsl_dspi.o
 .text.SPI0_DriverIRQHandler
                0x000131ec       0x34 ./drivers/fsl_dspi.o
                0x000131ec                SPI0_DriverIRQHandler
 .text.SPI1_DriverIRQHandler
                0x00013220       0x34 ./drivers/fsl_dspi.o
                0x00013220                SPI1_DriverIRQHandler
 .text.GPIO_PinInit
                0x00013254       0x64 ./drivers/fsl_gpio.o
                0x00013254                GPIO_PinInit
 .text.I2C_TransferCommonIRQHandler
                0x000132b8       0x58 ./drivers/fsl_i2c.o
 .text.I2C0_DriverIRQHandler
                0x00013310       0x20 ./drivers/fsl_i2c.o
                0x00013310                I2C0_DriverIRQHandler
 .text.I2C1_DriverIRQHandler
                0x00013330       0x20 ./drivers/fsl_i2c.o
                0x00013330                I2C1_DriverIRQHandler
 .text.CLOCK_EnableClock
                0x00013350       0x34 ./drivers/fsl_lpuart.o
 .text.LPUART_GetInstance
                0x00013384       0x48 ./drivers/fsl_lpuart.o
                0x00013384                LPUART_GetInstance
 .text.LPUART_Init
                0x000133cc      0x284 ./drivers/fsl_lpuart.o
                0x000133cc                LPUART_Init
 .text.LPUART_GetDefaultConfig
                0x00013650       0x50 ./drivers/fsl_lpuart.o
                0x00013650                LPUART_GetDefaultConfig
 .text.LPUART_SetBaudRate
                0x000136a0      0x188 ./drivers/fsl_lpuart.o
                0x000136a0                LPUART_SetBaudRate
 .text.LPUART_GetEnabledInterrupts
                0x00013828       0x30 ./drivers/fsl_lpuart.o
                0x00013828                LPUART_GetEnabledInterrupts
 .text.LPUART_ClearStatusFlags
                0x00013858       0x88 ./drivers/fsl_lpuart.o
                0x00013858                LPUART_ClearStatusFlags
 .text.LPUART0_DriverIRQHandler
                0x000138e0       0x24 ./drivers/fsl_lpuart.o
                0x000138e0                LPUART0_DriverIRQHandler
 .text.CLOCK_EnableClock
                0x00013904       0x34 ./drivers/fsl_ltc.o
 .text.ltc_clear_all
                0x00013938       0x20 ./drivers/fsl_ltc.o
                0x00013938                ltc_clear_all
 .text.ltc_symmetric_alg_state
                0x00013958       0x74 ./drivers/fsl_ltc.o
 .text.LTC_Init
                0x000139cc       0x1c ./drivers/fsl_ltc.o
                0x000139cc                LTC_Init
 .text.ltc_aes_ccm_process_aad
                0x000139e8      0x1b4 ./drivers/fsl_ltc.o
 .text.ltc_aes_ccm_process
                0x00013b9c      0x160 ./drivers/fsl_ltc.o
 .text.CLOCK_EnableClock
                0x00013cfc       0x34 ./drivers/fsl_tpm.o
 .text.TPM_GetInstance
                0x00013d30       0x54 ./drivers/fsl_tpm.o
 .text.TPM_Init
                0x00013d84       0xec ./drivers/fsl_tpm.o
                0x00013d84                TPM_Init
 .text.TPM_SetupOutputCompare
                0x00013e70      0x130 ./drivers/fsl_tpm.o
                0x00013e70                TPM_SetupOutputCompare
 .text.CLOCK_EnableClock
                0x00013fa0       0x34 ./drivers/fsl_trng.o
 .text.trng_GetInstance
                0x00013fd4       0x48 ./drivers/fsl_trng.o
 .text.TRNG_GetDefaultConfig
                0x0001401c       0xe0 ./drivers/fsl_trng.o
                0x0001401c                TRNG_GetDefaultConfig
 .text.trng_SetRetryCount
                0x000140fc       0x50 ./drivers/fsl_trng.o
 .text.trng_SetStatisticalCheckLimit
                0x0001414c      0x320 ./drivers/fsl_trng.o
 .text.trng_ApplyUserConfig
                0x0001446c      0x1c4 ./drivers/fsl_trng.o
 .text.TRNG_Init
                0x00014630       0xb8 ./drivers/fsl_trng.o
                0x00014630                TRNG_Init
 .text.CLOCK_EnableClock
                0x000146e8       0x34 ./board/board.o
 .text.hardware_init
                0x0001471c      0x15c ./board/board.o
                0x0001471c                hardware_init
 .text.NMI_Handler
                0x00014878       0x20 ./board/board.o
                0x00014878                NMI_Handler
 .text.BOARD_DCDCInit
                0x00014898       0x18 ./board/board.o
                0x00014898                BOARD_DCDCInit
 .text.BOARD_GetLpuartClock
                0x000148b0       0x68 ./board/board.o
                0x000148b0                BOARD_GetLpuartClock
 .text.BOARD_GetTpmClock
                0x00014918       0x68 ./board/board.o
                0x00014918                BOARD_GetTpmClock
 .text.CLOCK_EnableClock
                0x00014980       0x34 ./board/clock_config.o
 .text.CLOCK_DisableClock
                0x000149b4       0x38 ./board/clock_config.o
 .text.CLOCK_SetLpuartClock
                0x000149ec       0x38 ./board/clock_config.o
 .text.CLOCK_SetTpmClock
                0x00014a24       0x38 ./board/clock_config.o
 .text.CLOCK_SetSimSafeDivs
                0x00014a5c       0x1c ./board/clock_config.o
 .text.CLOCK_SetXtal0Freq
                0x00014a78       0x1c ./board/clock_config.o
 .text.CLOCK_SetXtal32Freq
                0x00014a94       0x1c ./board/clock_config.o
 .text.RTC_SetOscCapLoad
                0x00014ab0       0x34 ./board/clock_config.o
 .text.CLOCK_CONFIG_FllStableDelay
                0x00014ae4       0x28 ./board/clock_config.o
 .text.CLOCK_CONFIG_SetRtcClock
                0x00014b0c       0x4c ./board/clock_config.o
 .text.CLOCK_CONFIG_EnableRtcOsc
                0x00014b58       0x50 ./board/clock_config.o
 .text.BOARD_RfOscInit
                0x00014ba8       0xc8 ./board/clock_config.o
                0x00014ba8                BOARD_RfOscInit
 .text.BOARD_InitOsc0
                0x00014c70       0x30 ./board/clock_config.o
                0x00014c70                BOARD_InitOsc0
 .text.BOARD_BootClockRUN
                0x00014ca0       0x6c ./board/clock_config.o
                0x00014ca0                BOARD_BootClockRUN
 .text.CLOCK_EnableClock
                0x00014d0c       0x34 ./board/pin_mux.o
 .text.PORT_SetPinMux
                0x00014d40       0x40 ./board/pin_mux.o
 .text.BOARD_InitButtons
                0x00014d80       0x34 ./board/pin_mux.o
                0x00014d80                BOARD_InitButtons
 .text.BOARD_InitLEDs
                0x00014db4       0x78 ./board/pin_mux.o
                0x00014db4                BOARD_InitLEDs
 .text.BOARD_InitLPUART
                0x00014e2c       0x4c ./board/pin_mux.o
                0x00014e2c                BOARD_InitLPUART
 .text.SystemInit
                0x00014e78       0x18 ./CMSIS/system_MKW41Z4.o
                0x00014e78                SystemInit
 .text.roundf   0x00014e90       0x48 c:/nxp/mcuxpressoide_11.6.0_8187/ide/plugins/com.nxp.mcuxpresso.tools.win32_11.6.0.202112161359/tools/bin/../lib/gcc/arm-none-eabi/10.3.1/../../../../arm-none-eabi/lib/thumb/v6-m/nofp\libm.a(lib_a-sf_round.o)
                0x00014e90                roundf
 .text.exit     0x00014ed8       0x20 c:/nxp/mcuxpressoide_11.6.0_8187/ide/plugins/com.nxp.mcuxpresso.tools.win32_11.6.0.202112161359/tools/bin/../lib/gcc/arm-none-eabi/10.3.1/../../../../arm-none-eabi/lib/thumb/v6-m/nofp\libc.a(lib_a-exit.o)
                0x00014ed8                exit
 .text.__libc_init_array
                0x00014ef8       0x44 c:/nxp/mcuxpressoide_11.6.0_8187/ide/plugins/com.nxp.mcuxpresso.tools.win32_11.6.0.202112161359/tools/bin/../lib/gcc/arm-none-eabi/10.3.1/../../../../arm-none-eabi/lib/thumb/v6-m/nofp\libc.a(lib_a-init.o)
                0x00014ef8                __libc_init_array
 .text.memcpy   0x00014f3c       0xa4 c:/nxp/mcuxpressoide_11.6.0_8187/ide/plugins/com.nxp.mcuxpresso.tools.win32_11.6.0.202112161359/tools/bin/../lib/gcc/arm-none-eabi/10.3.1/../../../../arm-none-eabi/lib/thumb/v6-m/nofp\libc.a(lib_a-memcpy-stub.o)
                0x00014f3c                memcpy
 .text.memset   0x00014fe0       0xa8 c:/nxp/mcuxpressoide_11.6.0_8187/ide/plugins/com.nxp.mcuxpresso.tools.win32_11.6.0.202112161359/tools/bin/../lib/gcc/arm-none-eabi/10.3.1/../../../../arm-none-eabi/lib/thumb/v6-m/nofp\libc.a(lib_a-memset.o)
                0x00014fe0                memset
 .text.strlen   0x00015088       0x5c c:/nxp/mcuxpressoide_11.6.0_8187/ide/plugins/com.nxp.mcuxpresso.tools.win32_11.6.0.202112161359/tools/bin/../lib/gcc/arm-none-eabi/10.3.1/../../../../arm-none-eabi/lib/thumb/v6-m/nofp\libc.a(lib_a-strlen-stub.o)
                0x00015088                strlen
 .text.startup.register_fini
                0x000150e4       0x18 c:/nxp/mcuxpressoide_11.6.0_8187/ide/plugins/com.nxp.mcuxpresso.tools.win32_11.6.0.202112161359/tools/bin/../lib/gcc/arm-none-eabi/10.3.1/../../../../arm-none-eabi/lib/thumb/v6-m/nofp\libc.a(lib_a-__call_atexit.o)
 .text.__call_exitprocs
                0x000150fc       0xf8 c:/nxp/mcuxpressoide_11.6.0_8187/ide/plugins/com.nxp.mcuxpresso.tools.win32_11.6.0.202112161359/tools/bin/../lib/gcc/arm-none-eabi/10.3.1/../../../../arm-none-eabi/lib/thumb/v6-m/nofp\libc.a(lib_a-__call_atexit.o)
                0x000150fc                __call_exitprocs
 .text.atexit   0x000151f4       0x10 c:/nxp/mcuxpressoide_11.6.0_8187/ide/plugins/com.nxp.mcuxpresso.tools.win32_11.6.0.202112161359/tools/bin/../lib/gcc/arm-none-eabi/10.3.1/../../../../arm-none-eabi/lib/thumb/v6-m/nofp\libc.a(lib_a-atexit.o)
                0x000151f4                atexit
 .text.__libc_fini_array
                0x00015204       0x28 c:/nxp/mcuxpressoide_11.6.0_8187/ide/plugins/com.nxp.mcuxpresso.tools.win32_11.6.0.202112161359/tools/bin/../lib/gcc/arm-none-eabi/10.3.1/../../../../arm-none-eabi/lib/thumb/v6-m/nofp\libc.a(lib_a-fini.o)
                0x00015204                __libc_fini_array
 .text.__retarget_lock_acquire_recursive
                0x0001522c        0x4 c:/nxp/mcuxpressoide_11.6.0_8187/ide/plugins/com.nxp.mcuxpresso.tools.win32_11.6.0.202112161359/tools/bin/../lib/gcc/arm-none-eabi/10.3.1/../../../../arm-none-eabi/lib/thumb/v6-m/nofp\libc.a(lib_a-lock.o)
                0x0001522c                __retarget_lock_acquire_recursive
 .text.__retarget_lock_release_recursive
                0x00015230        0x4 c:/nxp/mcuxpressoide_11.6.0_8187/ide/plugins/com.nxp.mcuxpresso.tools.win32_11.6.0.202112161359/tools/bin/../lib/gcc/arm-none-eabi/10.3.1/../../../../arm-none-eabi/lib/thumb/v6-m/nofp\libc.a(lib_a-lock.o)
                0x00015230                __retarget_lock_release_recursive
 .text.__register_exitproc
                0x00015234       0xac c:/nxp/mcuxpressoide_11.6.0_8187/ide/plugins/com.nxp.mcuxpresso.tools.win32_11.6.0.202112161359/tools/bin/../lib/gcc/arm-none-eabi/10.3.1/../../../../arm-none-eabi/lib/thumb/v6-m/nofp\libc.a(lib_a-__atexit.o)
                0x00015234                __register_exitproc
 .text._exit    0x000152e0        0x4 c:/nxp/mcuxpressoide_11.6.0_8187/ide/plugins/com.nxp.mcuxpresso.tools.win32_11.6.0.202112161359/tools/bin/../lib/gcc/arm-none-eabi/10.3.1/../../../../arm-none-eabi/lib/thumb/v6-m/nofp\libnosys.a(_exit.o)
                0x000152e0                _exit
 .text.DbgConsole_PrintfPaddingCharacter
                0x000152e4       0x48 ./utilities/fsl_debug_console.o
 .text.DbgConsole_ConvertRadixNumToString
                0x0001532c      0x114 ./utilities/fsl_debug_console.o
 .text.DbgConsole_PrintfFormattedData
                0x00015440      0x33a ./utilities/fsl_debug_console.o
 .text.App_WaitMsg
                0x0001577a       0x32 ./source/mwa_coordinator.o
 .text.MPM_AcquirePAN
                0x000157ac       0x12 ./ieee_802.15.4/phy/source/MKW41Z/MPM.o
                0x000157ac                MPM_AcquirePAN
 .text.MPM_ReleasePAN
                0x000157be       0x12 ./ieee_802.15.4/phy/source/MKW41Z/MPM.o
                0x000157be                MPM_ReleasePAN
 .text.PHY_ForceIrqPending
                0x000157d0       0x10 ./ieee_802.15.4/phy/source/MKW41Z/PhyISR.o
                0x000157d0                PHY_ForceIrqPending
 .text.Phy_LqiConvert
                0x000157e0       0x46 ./ieee_802.15.4/phy/source/MKW41Z/PhyISR.o
 .text.BindToPHY
                0x00015826       0x12 ./ieee_802.15.4/phy/source/MKW41Z/PhyStateMachine.o
                0x00015826                BindToPHY
 .text.Phy_SetSequenceTiming
                0x00015838       0x9e ./ieee_802.15.4/phy/source/MKW41Z/PhyStateMachine.o
                0x00015838                Phy_SetSequenceTiming
 .text.Radio_Phy_TimeWaitTimeoutIndication
                0x000158d6       0x14 ./ieee_802.15.4/phy/source/MKW41Z/PhyStateMachine.o
                0x000158d6                Radio_Phy_TimeWaitTimeoutIndication
 .text.Radio_Phy_TimeStartEventIndication
                0x000158ea       0x10 ./ieee_802.15.4/phy/source/MKW41Z/PhyStateMachine.o
                0x000158ea                Radio_Phy_TimeStartEventIndication
 .text.Radio_Phy_PlmeSyncLossIndication
                0x000158fa       0x1c ./ieee_802.15.4/phy/source/MKW41Z/PhyStateMachine.o
                0x000158fa                Radio_Phy_PlmeSyncLossIndication
 .text.MAC_Monitor
                0x00015916       0x24 ./ieee_802.15.4/mac/source/App/FsciMacCommands.o
                0x00015916                MAC_Monitor
 .text.xEventGroupCreate
                0x0001593a       0x30 ./freertos/event_groups.o
                0x0001593a                xEventGroupCreate
 .text.xEventGroupWaitBits
                0x0001596a      0x148 ./freertos/event_groups.o
                0x0001596a                xEventGroupWaitBits
 .text.xEventGroupSetBits
                0x00015ab2       0xf2 ./freertos/event_groups.o
                0x00015ab2                xEventGroupSetBits
 .text.vEventGroupSetBitsCallback
                0x00015ba4       0x1e ./freertos/event_groups.o
                0x00015ba4                vEventGroupSetBitsCallback
 .text.prvTestWaitCondition
                0x00015bc2       0x3e ./freertos/event_groups.o
 .text.vListInitialise
                0x00015c00       0x3c ./freertos/list.o
                0x00015c00                vListInitialise
 .text.vListInitialiseItem
                0x00015c3c       0x16 ./freertos/list.o
                0x00015c3c                vListInitialiseItem
 .text.vListInsertEnd
                0x00015c52       0x44 ./freertos/list.o
                0x00015c52                vListInsertEnd
 .text.vListInsert
                0x00015c96       0x6c ./freertos/list.o
                0x00015c96                vListInsert
 .text.uxListRemove
                0x00015d02       0x50 ./freertos/list.o
                0x00015d02                uxListRemove
 .text.SVC_Handler
                0x00015d52        0xa ./freertos/port.o
                0x00015d52                SVC_Handler
 .text.ulSetInterruptMaskFromISR
                0x00015d5c        0xc ./freertos/port.o
                0x00015d5c                ulSetInterruptMaskFromISR
 .text.vClearInterruptMaskFromISR
                0x00015d68        0x8 ./freertos/port.o
                0x00015d68                vClearInterruptMaskFromISR
 .text.xQueueGenericReset
                0x00015d70       0xa8 ./freertos/queue.o
                0x00015d70                xQueueGenericReset
 .text.xQueueGenericCreate
                0x00015e18       0x64 ./freertos/queue.o
                0x00015e18                xQueueGenericCreate
 .text.prvInitialiseNewQueue
                0x00015e7c       0x4e ./freertos/queue.o
 .text.prvInitialiseMutex
                0x00015eca       0x34 ./freertos/queue.o
 .text.xQueueCreateMutex
                0x00015efe       0x38 ./freertos/queue.o
                0x00015efe                xQueueCreateMutex
 .text.xQueueGetMutexHolder
                0x00015f36       0x2e ./freertos/queue.o
                0x00015f36                xQueueGetMutexHolder
 .text.xQueueCreateCountingSemaphore
                0x00015f64       0x46 ./freertos/queue.o
                0x00015f64                xQueueCreateCountingSemaphore
 .text.xQueueGenericSend
                0x00015faa      0x188 ./freertos/queue.o
                0x00015faa                xQueueGenericSend
 .text.xQueueGenericSendFromISR
                0x00016132       0xe2 ./freertos/queue.o
                0x00016132                xQueueGenericSendFromISR
 .text.xQueueGiveFromISR
                0x00016214       0xca ./freertos/queue.o
                0x00016214                xQueueGiveFromISR
 .text.xQueueGenericReceive
                0x000162de      0x1c8 ./freertos/queue.o
                0x000162de                xQueueGenericReceive
 .text.prvCopyDataToQueue
                0x000164a6       0xd6 ./freertos/queue.o
 .text.prvCopyDataFromQueue
                0x0001657c       0x4c ./freertos/queue.o
 .text.prvUnlockQueue
                0x000165c8       0xbc ./freertos/queue.o
 .text.prvIsQueueEmpty
                0x00016684       0x2c ./freertos/queue.o
 .text.prvIsQueueFull
                0x000166b0       0x30 ./freertos/queue.o
 .text.vQueueWaitForMessageRestricted
                0x000166e0       0x66 ./freertos/queue.o
                0x000166e0                vQueueWaitForMessageRestricted
 .text.xTaskCreate
                0x00016746       0x90 ./freertos/tasks.o
                0x00016746                xTaskCreate
 .text.prvDeleteTCB
                0x000167d6       0x22 ./freertos/tasks.o
 .text.prvTimerTask
                0x000167f8       0x28 ./freertos/timers.o
 .text.XcvrCalDelay
                0x00016820       0x20 ./framework/XCVR/MKW41Z4/fsl_xcvr_trim.o
                0x00016820                XcvrCalDelay
 .text.store_sw_trim
                0x00016840       0x96 ./framework/XCVR/MKW41Z4/ifr_radio.o
                0x00016840                store_sw_trim
 .text.TPM_GetStatusFlags
                0x000168d6       0x14 ./framework/TimersManager/Source/TMR_Adapter.o
 .text.TPM_ClearStatusFlags
                0x000168ea       0x18 ./framework/TimersManager/Source/TMR_Adapter.o
 .text.TPM_StartTimer
                0x00016902       0x3a ./framework/TimersManager/Source/TMR_Adapter.o
 .text.TPM_StopTimer
                0x0001693c       0x2c ./framework/TimersManager/Source/TMR_Adapter.o
 .text.StackTimer_GetInputFrequency
                0x00016968       0x24 ./framework/TimersManager/Source/TMR_Adapter.o
                0x00016968                StackTimer_GetInputFrequency
 .text.TMR_IsTimerActive
                0x0001698c       0x28 ./framework/TimersManager/Source/TimersManager.o
                0x0001698c                TMR_IsTimerActive
 .text.TMR_StartLowPowerTimer
                0x000169b4       0x40 ./framework/TimersManager/Source/TimersManager.o
                0x000169b4                TMR_StartLowPowerTimer
 .text.TMR_StartIntervalTimer