14:54:20 **** Incremental Build of configuration Debug for project frdmkw41z_wireless_examples_ieee_802_15_4_mwa_coordinator_freertos ****
make -r -j8 all 
make[1]: Nothing to be done for 'main-build'.
Performing post-build steps
arm-none-eabi-size "frdmkw41z_wireless_examples_ieee_802_15_4_mwa_coordinator_freertos.axf"; # arm-none-eabi-objcopy -v -O binary "frdmkw41z_wireless_examples_ieee_802_15_4_mwa_coordinator_freertos.axf" "frdmkw41z_wireless_examples_ieee_802_15_4_mwa_coordinator_freertos.bin" ; # checksum -p MKW41Z512xxx4 -d "frdmkw41z_wireless_examples_ieee_802_15_4_mwa_coordinator_freertos.bin";
   text	   data	    bss	    dec	    hex	filename
 107572	   9723	  18104	 135399	  210e7	frdmkw41z_wireless_examples_ieee_802_15_4_mwa_coordinator_freertos.axf
 

14:54:20 Build Finished. 0 errors, 0 warnings. (took 302ms)

